Archive member included to satisfy reference by file (symbol)

/home/dimitri/bin/SimplicityStudio_v5/developer/toolchains/gnu_arm/10.3_2021.10/bin/../lib/gcc/arm-none-eabi/10.3.1/thumb/v8-m.main+fp/hard/libgcc.a(_aeabi_ldivmod.o)
                              ./gecko_sdk_4.2.1/platform/emlib/src/em_usart.o (__aeabi_ldivmod)
/home/dimitri/bin/SimplicityStudio_v5/developer/toolchains/gnu_arm/10.3_2021.10/bin/../lib/gcc/arm-none-eabi/10.3.1/thumb/v8-m.main+fp/hard/libgcc.a(_aeabi_uldivmod.o)
                              ./gecko_sdk_4.2.1/platform/emlib/src/em_usart.o (__aeabi_uldivmod)
/home/dimitri/bin/SimplicityStudio_v5/developer/toolchains/gnu_arm/10.3_2021.10/bin/../lib/gcc/arm-none-eabi/10.3.1/thumb/v8-m.main+fp/hard/libgcc.a(_udivmoddi4.o)
                              /home/dimitri/bin/SimplicityStudio_v5/developer/toolchains/gnu_arm/10.3_2021.10/bin/../lib/gcc/arm-none-eabi/10.3.1/thumb/v8-m.main+fp/hard/libgcc.a(_aeabi_ldivmod.o) (__udivmoddi4)
/home/dimitri/bin/SimplicityStudio_v5/developer/toolchains/gnu_arm/10.3_2021.10/bin/../lib/gcc/arm-none-eabi/10.3.1/thumb/v8-m.main+fp/hard/libgcc.a(_dvmd_tls.o)
                              /home/dimitri/bin/SimplicityStudio_v5/developer/toolchains/gnu_arm/10.3_2021.10/bin/../lib/gcc/arm-none-eabi/10.3.1/thumb/v8-m.main+fp/hard/libgcc.a(_aeabi_ldivmod.o) (__aeabi_ldiv0)
/home/dimitri/bin/SimplicityStudio_v5/developer/toolchains/gnu_arm/10.3_2021.10/bin/../lib/gcc/arm-none-eabi/10.3.1/../../../../arm-none-eabi/lib/thumb/v8-m.main+fp/hard/libc_nano.a(lib_a-exit.o)
                              /home/dimitri/bin/SimplicityStudio_v5/developer/toolchains/gnu_arm/10.3_2021.10/bin/../lib/gcc/arm-none-eabi/10.3.1/../../../../arm-none-eabi/lib/thumb/v8-m.main+fp/hard/crt0.o (exit)
/home/dimitri/bin/SimplicityStudio_v5/developer/toolchains/gnu_arm/10.3_2021.10/bin/../lib/gcc/arm-none-eabi/10.3.1/../../../../arm-none-eabi/lib/thumb/v8-m.main+fp/hard/libc_nano.a(lib_a-impure.o)
                              /home/dimitri/bin/SimplicityStudio_v5/developer/toolchains/gnu_arm/10.3_2021.10/bin/../lib/gcc/arm-none-eabi/10.3.1/../../../../arm-none-eabi/lib/thumb/v8-m.main+fp/hard/libc_nano.a(lib_a-exit.o) (_global_impure_ptr)
/home/dimitri/bin/SimplicityStudio_v5/developer/toolchains/gnu_arm/10.3_2021.10/bin/../lib/gcc/arm-none-eabi/10.3.1/../../../../arm-none-eabi/lib/thumb/v8-m.main+fp/hard/libc_nano.a(lib_a-init.o)
                              /home/dimitri/bin/SimplicityStudio_v5/developer/toolchains/gnu_arm/10.3_2021.10/bin/../lib/gcc/arm-none-eabi/10.3.1/../../../../arm-none-eabi/lib/thumb/v8-m.main+fp/hard/crt0.o (__libc_init_array)
/home/dimitri/bin/SimplicityStudio_v5/developer/toolchains/gnu_arm/10.3_2021.10/bin/../lib/gcc/arm-none-eabi/10.3.1/../../../../arm-none-eabi/lib/thumb/v8-m.main+fp/hard/libc_nano.a(lib_a-memset.o)
                              /home/dimitri/bin/SimplicityStudio_v5/developer/toolchains/gnu_arm/10.3_2021.10/bin/../lib/gcc/arm-none-eabi/10.3.1/../../../../arm-none-eabi/lib/thumb/v8-m.main+fp/hard/crt0.o (memset)
/home/dimitri/bin/SimplicityStudio_v5/developer/toolchains/gnu_arm/10.3_2021.10/bin/../lib/gcc/arm-none-eabi/10.3.1/../../../../arm-none-eabi/lib/thumb/v8-m.main+fp/hard/libc_nano.a(lib_a-puts.o)
                              ./main.o (puts)
/home/dimitri/bin/SimplicityStudio_v5/developer/toolchains/gnu_arm/10.3_2021.10/bin/../lib/gcc/arm-none-eabi/10.3.1/../../../../arm-none-eabi/lib/thumb/v8-m.main+fp/hard/libc_nano.a(lib_a-wbuf.o)
                              /home/dimitri/bin/SimplicityStudio_v5/developer/toolchains/gnu_arm/10.3_2021.10/bin/../lib/gcc/arm-none-eabi/10.3.1/../../../../arm-none-eabi/lib/thumb/v8-m.main+fp/hard/libc_nano.a(lib_a-puts.o) (__swbuf_r)
/home/dimitri/bin/SimplicityStudio_v5/developer/toolchains/gnu_arm/10.3_2021.10/bin/../lib/gcc/arm-none-eabi/10.3.1/../../../../arm-none-eabi/lib/thumb/v8-m.main+fp/hard/libc_nano.a(lib_a-wsetup.o)
                              /home/dimitri/bin/SimplicityStudio_v5/developer/toolchains/gnu_arm/10.3_2021.10/bin/../lib/gcc/arm-none-eabi/10.3.1/../../../../arm-none-eabi/lib/thumb/v8-m.main+fp/hard/libc_nano.a(lib_a-puts.o) (__swsetup_r)
/home/dimitri/bin/SimplicityStudio_v5/developer/toolchains/gnu_arm/10.3_2021.10/bin/../lib/gcc/arm-none-eabi/10.3.1/../../../../arm-none-eabi/lib/thumb/v8-m.main+fp/hard/libc_nano.a(lib_a-fflush.o)
                              /home/dimitri/bin/SimplicityStudio_v5/developer/toolchains/gnu_arm/10.3_2021.10/bin/../lib/gcc/arm-none-eabi/10.3.1/../../../../arm-none-eabi/lib/thumb/v8-m.main+fp/hard/libc_nano.a(lib_a-wbuf.o) (_fflush_r)
/home/dimitri/bin/SimplicityStudio_v5/developer/toolchains/gnu_arm/10.3_2021.10/bin/../lib/gcc/arm-none-eabi/10.3.1/../../../../arm-none-eabi/lib/thumb/v8-m.main+fp/hard/libc_nano.a(lib_a-findfp.o)
[...]
Memory Configuration

Name             Origin             Length             Attributes
FLASH            0x0000000000000000 0x000000000007e000 xr
RAM              0x0000000020000000 0x0000000000008000 xrw
*default*        0x0000000000000000 0xffffffffffffffff

Linker script and memory map

LOAD /home/dimitri/bin/SimplicityStudio_v5/developer/toolchains/gnu_arm/10.3_2021.10/bin/../lib/gcc/arm-none-eabi/10.3.1/thumb/v8-m.main+fp/hard/crti.o
LOAD /home/dimitri/bin/SimplicityStudio_v5/developer/toolchains/gnu_arm/10.3_2021.10/bin/../lib/gcc/arm-none-eabi/10.3.1/thumb/v8-m.main+fp/hard/crtbegin.o
LOAD /home/dimitri/bin/SimplicityStudio_v5/developer/toolchains/gnu_arm/10.3_2021.10/bin/../lib/gcc/arm-none-eabi/10.3.1/../../../../arm-none-eabi/lib/thumb/v8-m.main+fp/hard/crt0.o
START GROUP
LOAD ./app.o
LOAD ./main.o
LOAD ./simple_button_baremetal.o
LOAD ./autogen/sl_board_default_init.o
LOAD ./autogen/sl_device_init_clocks.o
LOAD ./autogen/sl_event_handler.o
LOAD ./autogen/sl_power_manager_handler.o
LOAD ./autogen/sl_simple_button_instances.o
LOAD ./autogen/sl_simple_led_instances.o
LOAD ./gecko_sdk_4.2.1/hardware/board/src/sl_board_control_gpio.o
LOAD ./gecko_sdk_4.2.1/hardware/board/src/sl_board_init.o
LOAD ./gecko_sdk_4.2.1/hardware/driver/mx25_flash_shutdown/src/sl_mx25_flash_shutdown_usart/sl_mx25_flash_shutdown.o
LOAD ./gecko_sdk_4.2.1/platform/Device/SiliconLabs/EFM32PG22/Source/startup_efm32pg22.o
LOAD ./gecko_sdk_4.2.1/platform/Device/SiliconLabs/EFM32PG22/Source/system_efm32pg22.o
LOAD ./gecko_sdk_4.2.1/platform/common/src/sl_assert.o
LOAD ./gecko_sdk_4.2.1/platform/common/src/sl_slist.o
LOAD ./gecko_sdk_4.2.1/platform/common/toolchain/src/sl_memory.o
LOAD ./gecko_sdk_4.2.1/platform/driver/button/src/sl_button.o
LOAD ./gecko_sdk_4.2.1/platform/driver/button/src/sl_simple_button.o
LOAD ./gecko_sdk_4.2.1/platform/driver/leddrv/src/sl_led.o
LOAD ./gecko_sdk_4.2.1/platform/driver/leddrv/src/sl_simple_led.o
LOAD ./gecko_sdk_4.2.1/platform/emdrv/gpiointerrupt/src/gpiointerrupt.o
LOAD ./gecko_sdk_4.2.1/platform/emlib/src/em_burtc.o
LOAD ./gecko_sdk_4.2.1/platform/emlib/src/em_cmu.o
LOAD ./gecko_sdk_4.2.1/platform/emlib/src/em_core.o
LOAD ./gecko_sdk_4.2.1/platform/emlib/src/em_emu.o
LOAD ./gecko_sdk_4.2.1/platform/emlib/src/em_gpio.o
LOAD ./gecko_sdk_4.2.1/platform/emlib/src/em_msc.o
LOAD ./gecko_sdk_4.2.1/platform/emlib/src/em_rtcc.o
LOAD ./gecko_sdk_4.2.1/platform/emlib/src/em_system.o
LOAD ./gecko_sdk_4.2.1/platform/emlib/src/em_timer.o
LOAD ./gecko_sdk_4.2.1/platform/emlib/src/em_usart.o
LOAD ./gecko_sdk_4.2.1/platform/service/device_init/src/sl_device_init_dcdc_s2.o
LOAD ./gecko_sdk_4.2.1/platform/service/device_init/src/sl_device_init_emu_s2.o
LOAD ./gecko_sdk_4.2.1/platform/service/device_init/src/sl_device_init_hfxo_s2.o
LOAD ./gecko_sdk_4.2.1/platform/service/device_init/src/sl_device_init_lfxo_s2.o
LOAD ./gecko_sdk_4.2.1/platform/service/device_init/src/sl_device_init_nvic.o
LOAD ./gecko_sdk_4.2.1/platform/service/hfxo_manager/src/sl_hfxo_manager.o
LOAD ./gecko_sdk_4.2.1/platform/service/hfxo_manager/src/sl_hfxo_manager_hal_s2.o
LOAD ./gecko_sdk_4.2.1/platform/service/power_manager/src/sl_power_manager.o
LOAD ./gecko_sdk_4.2.1/platform/service/power_manager/src/sl_power_manager_debug.o
LOAD ./gecko_sdk_4.2.1/platform/service/power_manager/src/sl_power_manager_hal_s2.o
LOAD ./gecko_sdk_4.2.1/platform/service/sleeptimer/src/sl_sleeptimer.o
LOAD ./gecko_sdk_4.2.1/platform/service/sleeptimer/src/sl_sleeptimer_hal_burtc.o
LOAD ./gecko_sdk_4.2.1/platform/service/sleeptimer/src/sl_sleeptimer_hal_rtcc.o
LOAD ./gecko_sdk_4.2.1/platform/service/sleeptimer/src/sl_sleeptimer_hal_timer.o
LOAD ./gecko_sdk_4.2.1/platform/service/system/src/sl_system_init.o
LOAD ./gecko_sdk_4.2.1/platform/service/system/src/sl_system_process_action.o
LOAD ./gecko_sdk_4.2.1/platform/service/udelay/src/sl_udelay.o
LOAD ./gecko_sdk_4.2.1/platform/service/udelay/src/sl_udelay_armv6m_gcc.o
LOAD /home/dimitri/bin/SimplicityStudio_v5/developer/toolchains/gnu_arm/10.3_2021.10/bin/../lib/gcc/arm-none-eabi/10.3.1/thumb/v8-m.main+fp/hard/libgcc.a
LOAD /home/dimitri/bin/SimplicityStudio_v5/developer/toolchains/gnu_arm/10.3_2021.10/bin/../lib/gcc/arm-none-eabi/10.3.1/../../../../arm-none-eabi/lib/thumb/v8-m.main+fp/hard/libc_nano.a
LOAD /home/dimitri/bin/SimplicityStudio_v5/developer/toolchains/gnu_arm/10.3_2021.10/bin/../lib/gcc/arm-none-eabi/10.3.1/../../../../arm-none-eabi/lib/thumb/v8-m.main+fp/hard/libm.a
LOAD /home/dimitri/bin/SimplicityStudio_v5/developer/toolchains/gnu_arm/10.3_2021.10/bin/../lib/gcc/arm-none-eabi/10.3.1/../../../../arm-none-eabi/lib/thumb/v8-m.main+fp/hard/libnosys.a
END GROUP
START GROUP
LOAD /home/dimitri/bin/SimplicityStudio_v5/developer/toolchains/gnu_arm/10.3_2021.10/bin/../lib/gcc/arm-none-eabi/10.3.1/thumb/v8-m.main+fp/hard/libgcc.a
LOAD /home/dimitri/bin/SimplicityStudio_v5/developer/toolchains/gnu_arm/10.3_2021.10/bin/../lib/gcc/arm-none-eabi/10.3.1/../../../../arm-none-eabi/lib/thumb/v8-m.main+fp/hard/libc_nano.a
LOAD /home/dimitri/bin/SimplicityStudio_v5/developer/toolchains/gnu_arm/10.3_2021.10/bin/../lib/gcc/arm-none-eabi/10.3.1/../../../../arm-none-eabi/lib/thumb/v8-m.main+fp/hard/libnosys.a
END GROUP
START GROUP
LOAD /home/dimitri/bin/SimplicityStudio_v5/developer/toolchains/gnu_arm/10.3_2021.10/bin/../lib/gcc/arm-none-eabi/10.3.1/thumb/v8-m.main+fp/hard/libgcc.a
LOAD /home/dimitri/bin/SimplicityStudio_v5/developer/toolchains/gnu_arm/10.3_2021.10/bin/../lib/gcc/arm-none-eabi/10.3.1/../../../../arm-none-eabi/lib/thumb/v8-m.main+fp/hard/libg_nano.a
LOAD /home/dimitri/bin/SimplicityStudio_v5/developer/toolchains/gnu_arm/10.3_2021.10/bin/../lib/gcc/arm-none-eabi/10.3.1/../../../../arm-none-eabi/lib/thumb/v8-m.main+fp/hard/libc_nano.a
END GROUP
START GROUP
LOAD /home/dimitri/bin/SimplicityStudio_v5/developer/toolchains/gnu_arm/10.3_2021.10/bin/../lib/gcc/arm-none-eabi/10.3.1/thumb/v8-m.main+fp/hard/libgcc.a
LOAD /home/dimitri/bin/SimplicityStudio_v5/developer/toolchains/gnu_arm/10.3_2021.10/bin/../lib/gcc/arm-none-eabi/10.3.1/../../../../arm-none-eabi/lib/thumb/v8-m.main+fp/hard/libc_nano.a
END GROUP
LOAD /home/dimitri/bin/SimplicityStudio_v5/developer/toolchains/gnu_arm/10.3_2021.10/bin/../lib/gcc/arm-none-eabi/10.3.1/thumb/v8-m.main+fp/hard/crtend.o
LOAD /home/dimitri/bin/SimplicityStudio_v5/developer/toolchains/gnu_arm/10.3_2021.10/bin/../lib/gcc/arm-none-eabi/10.3.1/thumb/v8-m.main+fp/hard/crtn.o

.text           0x0000000000000000     0x4478
                0x0000000000000000                linker_vectors_begin = .
 *(.vectors)
 .vectors       0x0000000000000000      0x140 ./gecko_sdk_4.2.1/platform/Device/SiliconLabs/EFM32PG22/Source/startup_efm32pg22.o
                0x0000000000000000                __Vectors
                0x0000000000000140                linker_vectors_end = .
                0x0000000000000140                __Vectors_End = .
                0x0000000000000140                __Vectors_Size = (__Vectors_End - __Vectors)
                0x0000000000000140                linker_code_begin = .
 *(SORT_BY_ALIGNMENT(.text*))
 .text          0x0000000000000140        0x8 ./gecko_sdk_4.2.1/platform/service/udelay/src/sl_udelay_armv6m_gcc.o
                0x0000000000000140                sli_delay_loop
 .text          0x0000000000000148       0x40 /home/dimitri/bin/SimplicityStudio_v5/developer/toolchains/gnu_arm/10.3_2021.10/bin/../lib/gcc/arm-none-eabi/10.3.1/thumb/v8-m.main+fp/hard/crtbegin.o
 .text          0x0000000000000188       0x7c /home/dimitri/bin/SimplicityStudio_v5/developer/toolchains/gnu_arm/10.3_2021.10/bin/../lib/gcc/arm-none-eabi/10.3.1/../../../../arm-none-eabi/lib/thumb/v8-m.main+fp/hard/crt0.o
                0x0000000000000188                _stack_init
                0x0000000000000190                _mainCRTStartup
                0x0000000000000190                _start
 .text.startup.main
                0x0000000000000204       0x24 ./main.o
                0x0000000000000204                main
 .text.sl_button_on_change
                0x0000000000000228       0x28 ./simple_button_baremetal.o
                0x0000000000000228                sl_button_on_change
 .text.sl_device_init_clocks
                0x0000000000000250       0x9c ./autogen/sl_device_init_clocks.o
                0x0000000000000250                sl_device_init_clocks
 .text.sl_platform_init
                0x00000000000002ec       0x68 ./autogen/sl_event_handler.o
                0x00000000000002ec                sl_platform_init
 .text.sl_simple_button_init_instances
                0x0000000000000354        0xc ./autogen/sl_simple_button_instances.o
                0x0000000000000354                sl_simple_button_init_instances
 .text.sl_simple_led_init_instances
                0x0000000000000360        0xc ./autogen/sl_simple_led_instances.o
                0x0000000000000360                sl_simple_led_init_instances
 .text.sl_board_disable_sensor
                0x000000000000036c       0x5c ./gecko_sdk_4.2.1/hardware/board/src/sl_board_control_gpio.o
                0x000000000000036c                sl_board_disable_sensor
 .text.cs_high  0x00000000000003c8        0xc ./gecko_sdk_4.2.1/hardware/driver/mx25_flash_shutdown/src/sl_mx25_flash_shutdown_usart/sl_mx25_flash_shutdown.o
 .text.cs_low   0x00000000000003d4        0xc ./gecko_sdk_4.2.1/hardware/driver/mx25_flash_shutdown/src/sl_mx25_flash_shutdown_usart/sl_mx25_flash_shutdown.o
 .text.sl_mx25_flash_shutdown
                0x00000000000003e0      0x114 ./gecko_sdk_4.2.1/hardware/driver/mx25_flash_shutdown/src/sl_mx25_flash_shutdown_usart/sl_mx25_flash_shutdown.o
                0x00000000000003e0                sl_mx25_flash_shutdown
 .text.Reset_Handler
                0x00000000000004f4       0x60 ./gecko_sdk_4.2.1/platform/Device/SiliconLabs/EFM32PG22/Source/startup_efm32pg22.o
                0x00000000000004f4                Reset_Handler
 .text.SystemInit
                0x0000000000000554       0x64 ./gecko_sdk_4.2.1/platform/Device/SiliconLabs/EFM32PG22/Source/system_efm32pg22.o
                0x0000000000000554                SystemInit
 .text.SystemHFRCODPLLClockGet
                0x00000000000005b8        0xc ./gecko_sdk_4.2.1/platform/Device/SiliconLabs/EFM32PG22/Source/system_efm32pg22.o
                0x00000000000005b8                SystemHFRCODPLLClockGet
 .text.SystemSYSCLKGet
                0x00000000000005c4       0x34 ./gecko_sdk_4.2.1/platform/Device/SiliconLabs/EFM32PG22/Source/system_efm32pg22.o
                0x00000000000005c4                SystemSYSCLKGet
 .text.SystemHCLKGet
                0x00000000000005f8       0x24 ./gecko_sdk_4.2.1/platform/Device/SiliconLabs/EFM32PG22/Source/system_efm32pg22.o
                0x00000000000005f8                SystemHCLKGet
 .text.SystemMaxCoreClockGet
                0x000000000000061c        0x8 ./gecko_sdk_4.2.1/platform/Device/SiliconLabs/EFM32PG22/Source/system_efm32pg22.o
                0x000000000000061c                SystemMaxCoreClockGet
 .text.SystemHFXOClockGet
                0x0000000000000624        0xc ./gecko_sdk_4.2.1/platform/Device/SiliconLabs/EFM32PG22/Source/system_efm32pg22.o
                0x0000000000000624                SystemHFXOClockGet
 .text.SystemHFXOClockSet
                0x0000000000000630       0x20 ./gecko_sdk_4.2.1/platform/Device/SiliconLabs/EFM32PG22/Source/system_efm32pg22.o
                0x0000000000000630                SystemHFXOClockSet
 .text.SystemFSRCOClockGet
                0x0000000000000650        0x8 ./gecko_sdk_4.2.1/platform/Device/SiliconLabs/EFM32PG22/Source/system_efm32pg22.o
                0x0000000000000650                SystemFSRCOClockGet
 .text.SystemLFXOClockGet
                0x0000000000000658        0xc ./gecko_sdk_4.2.1/platform/Device/SiliconLabs/EFM32PG22/Source/system_efm32pg22.o
                0x0000000000000658                SystemLFXOClockGet
 .text._sbrk    0x0000000000000664       0x20 ./gecko_sdk_4.2.1/platform/common/toolchain/src/sl_memory.o
                0x0000000000000664                _sbrk
 .text.GPIO_PinInGet
                0x0000000000000684       0x54 ./gecko_sdk_4.2.1/platform/driver/button/src/sl_simple_button.o
 .text.sl_simple_button_init
                0x00000000000006d8       0x6c ./gecko_sdk_4.2.1/platform/driver/button/src/sl_simple_button.o
                0x00000000000006d8                sl_simple_button_init
 .text.GPIO_PinOutClear
                0x0000000000000744       0x54 ./gecko_sdk_4.2.1/platform/driver/leddrv/src/sl_simple_led.o
 .text.GPIO_PinOutSet
                0x0000000000000798       0x54 ./gecko_sdk_4.2.1/platform/driver/leddrv/src/sl_simple_led.o
 .text.sl_simple_led_toggle
                0x00000000000007ec       0x50 ./gecko_sdk_4.2.1/platform/driver/leddrv/src/sl_simple_led.o
                0x00000000000007ec                sl_simple_led_toggle
 .text.sl_simple_led_get_state
                0x000000000000083c       0x5c ./gecko_sdk_4.2.1/platform/driver/leddrv/src/sl_simple_led.o
                0x000000000000083c                sl_simple_led_get_state
 .text.GPIOINT_IRQDispatcher
                0x0000000000000898       0x38 ./gecko_sdk_4.2.1/platform/emdrv/gpiointerrupt/src/gpiointerrupt.o
 .text.GPIOINT_Init
                0x00000000000008d0       0x30 ./gecko_sdk_4.2.1/platform/emdrv/gpiointerrupt/src/gpiointerrupt.o
                0x00000000000008d0                GPIOINT_Init
 .text.GPIOINT_CallbackRegister
                0x0000000000000900       0x24 ./gecko_sdk_4.2.1/platform/emdrv/gpiointerrupt/src/gpiointerrupt.o
                0x0000000000000900                GPIOINT_CallbackRegister
 .text.GPIOINT_CallbackRegisterExt
                0x0000000000000924       0x58 ./gecko_sdk_4.2.1/platform/emdrv/gpiointerrupt/src/gpiointerrupt.o
                0x0000000000000924                GPIOINT_CallbackRegisterExt
 .text.GPIO_EVEN_IRQHandler
                0x000000000000097c       0x24 ./gecko_sdk_4.2.1/platform/emdrv/gpiointerrupt/src/gpiointerrupt.o
                0x000000000000097c                GPIO_EVEN_IRQHandler
 .text.GPIO_ODD_IRQHandler
                0x00000000000009a0       0x24 ./gecko_sdk_4.2.1/platform/emdrv/gpiointerrupt/src/gpiointerrupt.o
                0x00000000000009a0                GPIO_ODD_IRQHandler
 .text.EMU_VScaleGet
                0x00000000000009c4       0x18 ./gecko_sdk_4.2.1/platform/emlib/src/em_cmu.o
 .text.em01GrpaClkGet
                0x00000000000009dc       0x54 ./gecko_sdk_4.2.1/platform/emlib/src/em_cmu.o
 .text.iadcClkGet
                0x0000000000000a30       0x54 ./gecko_sdk_4.2.1/platform/emlib/src/em_cmu.o
 .text.em01GrpbClkGet
                0x0000000000000a84       0x70 ./gecko_sdk_4.2.1/platform/emlib/src/em_cmu.o
 .text.em23GrpaClkGet
                0x0000000000000af4       0x54 ./gecko_sdk_4.2.1/platform/emlib/src/em_cmu.o
 .text.wdog0ClkGet
                0x0000000000000b48       0x60 ./gecko_sdk_4.2.1/platform/emlib/src/em_cmu.o
 .text.rtccClkGet
                0x0000000000000ba8       0x54 ./gecko_sdk_4.2.1/platform/emlib/src/em_cmu.o
 .text.em4GrpaClkGet
                0x0000000000000bfc       0x54 ./gecko_sdk_4.2.1/platform/emlib/src/em_cmu.o
 .text.euart0ClkGet
                0x0000000000000c50       0x48 ./gecko_sdk_4.2.1/platform/emlib/src/em_cmu.o
 .text.CMU_ClockDivGet
                0x0000000000000c98       0x84 ./gecko_sdk_4.2.1/platform/emlib/src/em_cmu.o
                0x0000000000000c98                CMU_ClockDivGet
 .text.flashWaitStateControl
                0x0000000000000d1c       0x4c ./gecko_sdk_4.2.1/platform/emlib/src/em_cmu.o
 .text.CMU_ClockEnable
                0x0000000000000d68       0x54 ./gecko_sdk_4.2.1/platform/emlib/src/em_cmu.o
                0x0000000000000d68                CMU_ClockEnable
 .text.CMU_ClockFreqGet
                0x0000000000000dbc      0x194 ./gecko_sdk_4.2.1/platform/emlib/src/em_cmu.o
                0x0000000000000dbc                CMU_ClockFreqGet
 .text.CMU_ClockSelectGet
                0x0000000000000f50      0x168 ./gecko_sdk_4.2.1/platform/emlib/src/em_cmu.o
                0x0000000000000f50                CMU_ClockSelectGet
 .text.sli_em_cmu_HFXOSetForceEnable
                0x00000000000010b8       0x18 ./gecko_sdk_4.2.1/platform/emlib/src/em_cmu.o
                0x00000000000010b8                sli_em_cmu_HFXOSetForceEnable
 .text.CMU_HFXOInit
                0x00000000000010d0      0x1e4 ./gecko_sdk_4.2.1/platform/emlib/src/em_cmu.o
                0x00000000000010d0                CMU_HFXOInit
 .text.CMU_HFXOCTuneDeltaGet
                0x00000000000012b4        0xc ./gecko_sdk_4.2.1/platform/emlib/src/em_cmu.o
                0x00000000000012b4                CMU_HFXOCTuneDeltaGet
 .text.CMU_LFXOInit
                0x00000000000012c0       0xc4 ./gecko_sdk_4.2.1/platform/emlib/src/em_cmu.o
                0x00000000000012c0                CMU_LFXOInit
 .text.CMU_LFXOPrecisionSet
                0x0000000000001384        0xc ./gecko_sdk_4.2.1/platform/emlib/src/em_cmu.o
                0x0000000000001384                CMU_LFXOPrecisionSet
 .text.CMU_ClockDivSet
                0x0000000000001390       0xf4 ./gecko_sdk_4.2.1/platform/emlib/src/em_cmu.o
                0x0000000000001390                CMU_ClockDivSet
 .text.pclkDivOptimize
                0x0000000000001484       0x24 ./gecko_sdk_4.2.1/platform/emlib/src/em_cmu.o
 .text.CORE_NvicIRQDisabled
                0x00000000000014a8       0x34 ./gecko_sdk_4.2.1/platform/emlib/src/em_core.o
                0x00000000000014a8                CORE_NvicIRQDisabled
 .text.dpllState.part.0
                0x00000000000014dc       0x7c ./gecko_sdk_4.2.1/platform/emlib/src/em_emu.o
 .text.dpllState.constprop.0
                0x0000000000001558       0x30 ./gecko_sdk_4.2.1/platform/emlib/src/em_emu.o
 .text.EMU_EM23Init
                0x0000000000001588       0x18 ./gecko_sdk_4.2.1/platform/emlib/src/em_emu.o
                0x0000000000001588                EMU_EM23Init
 .text.EMU_EnterEM2
                0x00000000000015a0       0x48 ./gecko_sdk_4.2.1/platform/emlib/src/em_emu.o
                0x00000000000015a0                EMU_EnterEM2
 .text.EMU_EnterEM3
                0x00000000000015e8       0x40 ./gecko_sdk_4.2.1/platform/emlib/src/em_emu.o
                0x00000000000015e8                EMU_EnterEM3
 .text.EMU_EM4Init
                0x0000000000001628       0x14 ./gecko_sdk_4.2.1/platform/emlib/src/em_emu.o
                0x0000000000001628                EMU_EM4Init
 .text.EMU_VScaleEM01
                0x000000000000163c       0xb0 ./gecko_sdk_4.2.1/platform/emlib/src/em_emu.o
                0x000000000000163c                EMU_VScaleEM01
 .text.EMU_VScaleEM01ByClock
                0x00000000000016ec       0x30 ./gecko_sdk_4.2.1/platform/emlib/src/em_emu.o
                0x00000000000016ec                EMU_VScaleEM01ByClock
 .text.EMU_EM01Init
                0x000000000000171c       0x14 ./gecko_sdk_4.2.1/platform/emlib/src/em_emu.o
                0x000000000000171c                EMU_EM01Init
 .text.EMU_DCDCModeSet
                0x0000000000001730       0x78 ./gecko_sdk_4.2.1/platform/emlib/src/em_emu.o
                0x0000000000001730                EMU_DCDCModeSet
 .text.EMU_DCDCInit
                0x00000000000017a8       0x7c ./gecko_sdk_4.2.1/platform/emlib/src/em_emu.o
                0x00000000000017a8                EMU_DCDCInit
 .text.BUS_RegBitWrite
                0x0000000000001824       0x30 ./gecko_sdk_4.2.1/platform/emlib/src/em_gpio.o
 .text.GPIO_PinOutSet
                0x0000000000001854       0x54 ./gecko_sdk_4.2.1/platform/emlib/src/em_gpio.o
 .text.GPIO_PinOutClear
                0x00000000000018a8       0x54 ./gecko_sdk_4.2.1/platform/emlib/src/em_gpio.o
 .text.GPIO_ExtIntConfig
                0x00000000000018fc       0xf4 ./gecko_sdk_4.2.1/platform/emlib/src/em_gpio.o
                0x00000000000018fc                GPIO_ExtIntConfig
 .text.GPIO_PinModeSet
                0x00000000000019f0       0xa0 ./gecko_sdk_4.2.1/platform/emlib/src/em_gpio.o
                0x00000000000019f0                GPIO_PinModeSet
 .text.RTCC_ChannelInit
                0x0000000000001a90       0x48 ./gecko_sdk_4.2.1/platform/emlib/src/em_rtcc.o
                0x0000000000001a90                RTCC_ChannelInit
 .text.RTCC_Enable
                0x0000000000001ad8       0x44 ./gecko_sdk_4.2.1/platform/emlib/src/em_rtcc.o
                0x0000000000001ad8                RTCC_Enable
 .text.RTCC_Init
                0x0000000000001b1c       0x5c ./gecko_sdk_4.2.1/platform/emlib/src/em_rtcc.o
                0x0000000000001b1c                RTCC_Init
 .text.USART_BaudrateSyncSet
                0x0000000000001b78       0x48 ./gecko_sdk_4.2.1/platform/emlib/src/em_usart.o
                0x0000000000001b78                USART_BaudrateSyncSet
 .text.USART_Reset
                0x0000000000001bc0       0x78 ./gecko_sdk_4.2.1/platform/emlib/src/em_usart.o
                0x0000000000001bc0                USART_Reset
 .text.USART_InitSync
                0x0000000000001c38       0xdc ./gecko_sdk_4.2.1/platform/emlib/src/em_usart.o
                0x0000000000001c38                USART_InitSync
 .text.sl_device_init_dcdc
                0x0000000000001d14       0x20 ./gecko_sdk_4.2.1/platform/service/device_init/src/sl_device_init_dcdc_s2.o
                0x0000000000001d14                sl_device_init_dcdc
 .text.sl_device_init_emu
                0x0000000000001d34       0x24 ./gecko_sdk_4.2.1/platform/service/device_init/src/sl_device_init_emu_s2.o
                0x0000000000001d34                sl_device_init_emu
 .text.sl_device_init_hfxo
                0x0000000000001d58       0x6c ./gecko_sdk_4.2.1/platform/service/device_init/src/sl_device_init_hfxo_s2.o
                0x0000000000001d58                sl_device_init_hfxo
 .text.sl_device_init_lfxo
                0x0000000000001dc4       0x2c ./gecko_sdk_4.2.1/platform/service/device_init/src/sl_device_init_lfxo_s2.o
                0x0000000000001dc4                sl_device_init_lfxo
 .text.sl_device_init_nvic
                0x0000000000001df0       0x3c ./gecko_sdk_4.2.1/platform/service/device_init/src/sl_device_init_nvic.o
                0x0000000000001df0                sl_device_init_nvic
 .text.sl_hfxo_manager_init
                0x0000000000001e2c       0x58 ./gecko_sdk_4.2.1/platform/service/hfxo_manager/src/sl_hfxo_manager.o
                0x0000000000001e2c                sl_hfxo_manager_init
 .text.sli_hfxo_manager_begin_startup_measurement
                0x0000000000001e84       0x1c ./gecko_sdk_4.2.1/platform/service/hfxo_manager/src/sl_hfxo_manager.o
                0x0000000000001e84                sli_hfxo_manager_begin_startup_measurement
 .text.sli_hfxo_manager_end_startup_measurement
                0x0000000000001ea0       0x70 ./gecko_sdk_4.2.1/platform/service/hfxo_manager/src/sl_hfxo_manager.o
                0x0000000000001ea0                sli_hfxo_manager_end_startup_measurement
 .text.sli_hfxo_manager_get_startup_time
                0x0000000000001f10        0xc ./gecko_sdk_4.2.1/platform/service/hfxo_manager/src/sl_hfxo_manager.o
                0x0000000000001f10                sli_hfxo_manager_get_startup_time
 .text.sli_hfxo_manager_init_hardware
                0x0000000000001f1c       0x3c ./gecko_sdk_4.2.1/platform/service/hfxo_manager/src/sl_hfxo_manager_hal_s2.o
                0x0000000000001f1c                sli_hfxo_manager_init_hardware
 .text.sli_hfxo_manager_is_hfxo_ready
                0x0000000000001f58       0x18 ./gecko_sdk_4.2.1/platform/service/hfxo_manager/src/sl_hfxo_manager_hal_s2.o
                0x0000000000001f58                sli_hfxo_manager_is_hfxo_ready
 .text.sl_hfxo_manager_irq_handler
                0x0000000000001f70       0x3c ./gecko_sdk_4.2.1/platform/service/hfxo_manager/src/sl_hfxo_manager_hal_s2.o
                0x0000000000001f70                sl_hfxo_manager_irq_handler
 .text.get_lowest_em
                0x0000000000001fac       0x14 ./gecko_sdk_4.2.1/platform/service/power_manager/src/sl_power_manager.o
 .text.power_manager_notify_em_transition
                0x0000000000001fc0       0x74 ./gecko_sdk_4.2.1/platform/service/power_manager/src/sl_power_manager.o
 .text.clock_restore
                0x0000000000002034       0x58 ./gecko_sdk_4.2.1/platform/service/power_manager/src/sl_power_manager.o
 .text.on_clock_wakeup_timeout
                0x000000000000208c       0x24 ./gecko_sdk_4.2.1/platform/service/power_manager/src/sl_power_manager.o
 .text.update_em1_requirement
                0x00000000000020b0       0x60 ./gecko_sdk_4.2.1/platform/service/power_manager/src/sl_power_manager.o
 .text.sl_power_manager_init
                0x0000000000002110       0x60 ./gecko_sdk_4.2.1/platform/service/power_manager/src/sl_power_manager.o
                0x0000000000002110                sl_power_manager_init
 .text.sli_power_manager_get_restore_delay
                0x0000000000002170       0x34 ./gecko_sdk_4.2.1/platform/service/power_manager/src/sl_power_manager.o
                0x0000000000002170                sli_power_manager_get_restore_delay
 .text.sli_power_manager_convert_delay_us_to_tick
                0x00000000000021a4       0x20 ./gecko_sdk_4.2.1/platform/service/power_manager/src/sl_power_manager.o
                0x00000000000021a4                sli_power_manager_convert_delay_us_to_tick
 .text.sl_power_manager_sleep
                0x00000000000021c4      0x210 ./gecko_sdk_4.2.1/platform/service/power_manager/src/sl_power_manager.o
                0x00000000000021c4                sl_power_manager_sleep
 .text.sl_power_manager_is_latest_wakeup_internal
                0x00000000000023d4       0x20 ./gecko_sdk_4.2.1/platform/service/power_manager/src/sl_power_manager.o
                0x00000000000023d4                sl_power_manager_is_latest_wakeup_internal
 .text.sli_hfxo_manager_notify_ready_for_power_manager
                0x00000000000023f4       0x3c ./gecko_sdk_4.2.1/platform/service/power_manager/src/sl_power_manager.o
                0x00000000000023f4                sli_hfxo_manager_notify_ready_for_power_manager
 .text.sli_power_manager_em23_voltage_scaling_enable_fast_wakeup
                0x0000000000002430       0x50 ./gecko_sdk_4.2.1/platform/service/power_manager/src/sl_power_manager_hal_s2.o
                0x0000000000002430                sli_power_manager_em23_voltage_scaling_enable_fast_wakeup
 .text.sli_power_manager_init_hardware
                0x0000000000002480      0x108 ./gecko_sdk_4.2.1/platform/service/power_manager/src/sl_power_manager_hal_s2.o
                0x0000000000002480                sli_power_manager_init_hardware
 .text.EMU_EM23PresleepHook
                0x0000000000002588       0x28 ./gecko_sdk_4.2.1/platform/service/power_manager/src/sl_power_manager_hal_s2.o
                0x0000000000002588                EMU_EM23PresleepHook
 .text.EMU_EM23PostsleepHook
                0x00000000000025b0       0x4c ./gecko_sdk_4.2.1/platform/service/power_manager/src/sl_power_manager_hal_s2.o
                0x00000000000025b0                EMU_EM23PostsleepHook
 .text.sli_power_manager_handle_pre_deepsleep_operations
                0x00000000000025fc        0xc ./gecko_sdk_4.2.1/platform/service/power_manager/src/sl_power_manager_hal_s2.o
                0x00000000000025fc                sli_power_manager_handle_pre_deepsleep_operations
 .text.sli_power_manager_restore_high_freq_accuracy_clk
                0x0000000000002608       0x44 ./gecko_sdk_4.2.1/platform/service/power_manager/src/sl_power_manager_hal_s2.o
                0x0000000000002608                sli_power_manager_restore_high_freq_accuracy_clk
 .text.sli_power_manager_is_high_freq_accuracy_clk_ready
                0x000000000000264c       0x14 ./gecko_sdk_4.2.1/platform/service/power_manager/src/sl_power_manager_hal_s2.o
                0x000000000000264c                sli_power_manager_is_high_freq_accuracy_clk_ready
 .text.sli_power_manager_restore_states
                0x0000000000002660       0x3c ./gecko_sdk_4.2.1/platform/service/power_manager/src/sl_power_manager_hal_s2.o
                0x0000000000002660                sli_power_manager_restore_states
 .text.sli_power_manager_apply_em
                0x000000000000269c       0x38 ./gecko_sdk_4.2.1/platform/service/power_manager/src/sl_power_manager_hal_s2.o
                0x000000000000269c                sli_power_manager_apply_em
 .text.sli_power_manager_get_wakeup_process_time_overhead
                0x00000000000026d4       0x20 ./gecko_sdk_4.2.1/platform/service/power_manager/src/sl_power_manager_hal_s2.o
                0x00000000000026d4                sli_power_manager_get_wakeup_process_time_overhead
 .text.update_delta_list
                0x00000000000026f4       0x38 ./gecko_sdk_4.2.1/platform/service/sleeptimer/src/sl_sleeptimer.o
 .text.delta_list_insert_timer
                0x000000000000272c       0x5c ./gecko_sdk_4.2.1/platform/service/sleeptimer/src/sl_sleeptimer.o
 .text.set_comparator_for_next_timer
                0x0000000000002788       0x5c ./gecko_sdk_4.2.1/platform/service/sleeptimer/src/sl_sleeptimer.o
 .text.create_timer
                0x00000000000027e4       0x68 ./gecko_sdk_4.2.1/platform/service/sleeptimer/src/sl_sleeptimer.o
 .text.delta_list_remove_timer
                0x000000000000284c       0x38 ./gecko_sdk_4.2.1/platform/service/sleeptimer/src/sl_sleeptimer.o
 .text.sl_sleeptimer_init
                0x0000000000002884       0x74 ./gecko_sdk_4.2.1/platform/service/sleeptimer/src/sl_sleeptimer.o
                0x0000000000002884                sl_sleeptimer_init
 .text.sl_sleeptimer_stop_timer
                0x00000000000028f8       0x50 ./gecko_sdk_4.2.1/platform/service/sleeptimer/src/sl_sleeptimer.o
                0x00000000000028f8                sl_sleeptimer_stop_timer
 .text.sl_sleeptimer_get_remaining_time_of_first_timer
                0x0000000000002948       0x64 ./gecko_sdk_4.2.1/platform/service/sleeptimer/src/sl_sleeptimer.o
                0x0000000000002948                sl_sleeptimer_get_remaining_time_of_first_timer
 .text.sli_sleeptimer_is_power_manager_timer_next_to_expire
                0x00000000000029ac        0xc ./gecko_sdk_4.2.1/platform/service/sleeptimer/src/sl_sleeptimer.o
                0x00000000000029ac                sli_sleeptimer_is_power_manager_timer_next_to_expire
 .text.sl_sleeptimer_get_timer_frequency
                0x00000000000029b8        0xc ./gecko_sdk_4.2.1/platform/service/sleeptimer/src/sl_sleeptimer.o
                0x00000000000029b8                sl_sleeptimer_get_timer_frequency
 .text.process_timer_irq
                0x00000000000029c4      0x158 ./gecko_sdk_4.2.1/platform/service/sleeptimer/src/sl_sleeptimer.o
                0x00000000000029c4                process_timer_irq
 .text.sl_sleeptimer_is_power_manager_early_restore_timer_latest_to_expire
                0x0000000000002b1c       0x18 ./gecko_sdk_4.2.1/platform/service/sleeptimer/src/sl_sleeptimer.o
                0x0000000000002b1c                sl_sleeptimer_is_power_manager_early_restore_timer_latest_to_expire
 .text.sleeptimer_hal_init_timer
                0x0000000000002b34       0x88 ./gecko_sdk_4.2.1/platform/service/sleeptimer/src/sl_sleeptimer_hal_rtcc.o
                0x0000000000002b34                sleeptimer_hal_init_timer
 .text.sleeptimer_hal_set_compare
                0x0000000000002bbc       0x64 ./gecko_sdk_4.2.1/platform/service/sleeptimer/src/sl_sleeptimer_hal_rtcc.o
                0x0000000000002bbc                sleeptimer_hal_set_compare
 .text.sleeptimer_hal_disable_int
                0x0000000000002c20       0x30 ./gecko_sdk_4.2.1/platform/service/sleeptimer/src/sl_sleeptimer_hal_rtcc.o
                0x0000000000002c20                sleeptimer_hal_disable_int
 .text.sleeptimer_hal_set_int
                0x0000000000002c50       0x10 ./gecko_sdk_4.2.1/platform/service/sleeptimer/src/sl_sleeptimer_hal_rtcc.o
                0x0000000000002c50                sleeptimer_hal_set_int
 .text.RTCC_IRQHandler
                0x0000000000002c60       0x34 ./gecko_sdk_4.2.1/platform/service/sleeptimer/src/sl_sleeptimer_hal_rtcc.o
                0x0000000000002c60                RTCC_IRQHandler
 .text.sl_udelay_wait
                0x0000000000002c94       0x58 ./gecko_sdk_4.2.1/platform/service/udelay/src/sl_udelay.o
                0x0000000000002c94                sl_udelay_wait
 .text          0x0000000000002cec       0x30 /home/dimitri/bin/SimplicityStudio_v5/developer/toolchains/gnu_arm/10.3_2021.10/bin/../lib/gcc/arm-none-eabi/10.3.1/thumb/v8-m.main+fp/hard/libgcc.a(_aeabi_uldivmod.o)
                0x0000000000002cec                __aeabi_uldivmod
 .text          0x0000000000002d1c      0x2ec /home/dimitri/bin/SimplicityStudio_v5/developer/toolchains/gnu_arm/10.3_2021.10/bin/../lib/gcc/arm-none-eabi/10.3.1/thumb/v8-m.main+fp/hard/libgcc.a(_udivmoddi4.o)
                0x0000000000002d1c                __udivmoddi4
 .text          0x0000000000003008        0x4 /home/dimitri/bin/SimplicityStudio_v5/developer/toolchains/gnu_arm/10.3_2021.10/bin/../lib/gcc/arm-none-eabi/10.3.1/thumb/v8-m.main+fp/hard/libgcc.a(_dvmd_tls.o)
                0x0000000000003008                __aeabi_ldiv0
                0x0000000000003008                __aeabi_idiv0
 .text.exit     0x000000000000300c       0x28 /home/dimitri/bin/SimplicityStudio_v5/developer/toolchains/gnu_arm/10.3_2021.10/bin/../lib/gcc/arm-none-eabi/10.3.1/../../../../arm-none-eabi/lib/thumb/v8-m.main+fp/hard/libc_nano.a(lib_a-exit.o)
                0x000000000000300c                exit
 .text.__libc_init_array
                0x0000000000003034       0x48 /home/dimitri/bin/SimplicityStudio_v5/developer/toolchains/gnu_arm/10.3_2021.10/bin/../lib/gcc/arm-none-eabi/10.3.1/../../../../arm-none-eabi/lib/thumb/v8-m.main+fp/hard/libc_nano.a(lib_a-init.o)
                0x0000000000003034                __libc_init_array
 .text._puts_r  0x000000000000307c       0xdc /home/dimitri/bin/SimplicityStudio_v5/developer/toolchains/gnu_arm/10.3_2021.10/bin/../lib/gcc/arm-none-eabi/10.3.1/../../../../arm-none-eabi/lib/thumb/v8-m.main+fp/hard/libc_nano.a(lib_a-puts.o)
                0x000000000000307c                _puts_r
 .text.puts     0x0000000000003158       0x10 /home/dimitri/bin/SimplicityStudio_v5/developer/toolchains/gnu_arm/10.3_2021.10/bin/../lib/gcc/arm-none-eabi/10.3.1/../../../../arm-none-eabi/lib/thumb/v8-m.main+fp/hard/libc_nano.a(lib_a-puts.o)
                0x0000000000003158                puts
 .text.__swbuf_r
                0x0000000000003168       0xa4 /home/dimitri/bin/SimplicityStudio_v5/developer/toolchains/gnu_arm/10.3_2021.10/bin/../lib/gcc/arm-none-eabi/10.3.1/../../../../arm-none-eabi/lib/thumb/v8-m.main+fp/hard/libc_nano.a(lib_a-wbuf.o)
                0x0000000000003168                __swbuf_r
 .text.__swsetup_r
                0x000000000000320c       0xdc /home/dimitri/bin/SimplicityStudio_v5/developer/toolchains/gnu_arm/10.3_2021.10/bin/../lib/gcc/arm-none-eabi/10.3.1/../../../../arm-none-eabi/lib/thumb/v8-m.main+fp/hard/libc_nano.a(lib_a-wsetup.o)
                0x000000000000320c                __swsetup_r
 .text.__sflush_r
                0x00000000000032e8      0x108 /home/dimitri/bin/SimplicityStudio_v5/developer/toolchains/gnu_arm/10.3_2021.10/bin/../lib/gcc/arm-none-eabi/10.3.1/../../../../arm-none-eabi/lib/thumb/v8-m.main+fp/hard/libc_nano.a(lib_a-fflush.o)
                0x00000000000032e8                __sflush_r
 .text._fflush_r
                0x00000000000033f0       0x78 /home/dimitri/bin/SimplicityStudio_v5/developer/toolchains/gnu_arm/10.3_2021.10/bin/../lib/gcc/arm-none-eabi/10.3.1/../../../../arm-none-eabi/lib/thumb/v8-m.main+fp/hard/libc_nano.a(lib_a-fflush.o)
                0x00000000000033f0                _fflush_r
 .text.std      0x0000000000003468       0x48 /home/dimitri/bin/SimplicityStudio_v5/developer/toolchains/gnu_arm/10.3_2021.10/bin/../lib/gcc/arm-none-eabi/10.3.1/../../../../arm-none-eabi/lib/thumb/v8-m.main+fp/hard/libc_nano.a(lib_a-findfp.o)
 .text._cleanup_r
                0x00000000000034b0        0xc /home/dimitri/bin/SimplicityStudio_v5/developer/toolchains/gnu_arm/10.3_2021.10/bin/../lib/gcc/arm-none-eabi/10.3.1/../../../../arm-none-eabi/lib/thumb/v8-m.main+fp/hard/libc_nano.a(lib_a-findfp.o)
                0x00000000000034b0                _cleanup_r
 .text.__sfp_lock_acquire
                0x00000000000034bc        0xc /home/dimitri/bin/SimplicityStudio_v5/developer/toolchains/gnu_arm/10.3_2021.10/bin/../lib/gcc/arm-none-eabi/10.3.1/../../../../arm-none-eabi/lib/thumb/v8-m.main+fp/hard/libc_nano.a(lib_a-findfp.o)
                0x00000000000034bc                __sfp_lock_acquire
 .text.__sfp_lock_release
                0x00000000000034c8        0xc /home/dimitri/bin/SimplicityStudio_v5/developer/toolchains/gnu_arm/10.3_2021.10/bin/../lib/gcc/arm-none-eabi/10.3.1/../../../../arm-none-eabi/lib/thumb/v8-m.main+fp/hard/libc_nano.a(lib_a-findfp.o)
                0x00000000000034c8                __sfp_lock_release
 .text.__sinit_lock_acquire
                0x00000000000034d4        0xc /home/dimitri/bin/SimplicityStudio_v5/developer/toolchains/gnu_arm/10.3_2021.10/bin/../lib/gcc/arm-none-eabi/10.3.1/../../../../arm-none-eabi/lib/thumb/v8-m.main+fp/hard/libc_nano.a(lib_a-findfp.o)
                0x00000000000034d4                __sinit_lock_acquire
 .text.__sinit_lock_release
                0x00000000000034e0        0xc /home/dimitri/bin/SimplicityStudio_v5/developer/toolchains/gnu_arm/10.3_2021.10/bin/../lib/gcc/arm-none-eabi/10.3.1/../../../../arm-none-eabi/lib/thumb/v8-m.main+fp/hard/libc_nano.a(lib_a-findfp.o)
                0x00000000000034e0                __sinit_lock_release
 .text.__sinit  0x00000000000034ec       0x70 /home/dimitri/bin/SimplicityStudio_v5/developer/toolchains/gnu_arm/10.3_2021.10/bin/../lib/gcc/arm-none-eabi/10.3.1/../../../../arm-none-eabi/lib/thumb/v8-m.main+fp/hard/libc_nano.a(lib_a-findfp.o)
                0x00000000000034ec                __sinit
 .text.__sfp    0x000000000000355c       0x8c /home/dimitri/bin/SimplicityStudio_v5/developer/toolchains/gnu_arm/10.3_2021.10/bin/../lib/gcc/arm-none-eabi/10.3.1/../../../../arm-none-eabi/lib/thumb/v8-m.main+fp/hard/libc_nano.a(lib_a-findfp.o)
                0x000000000000355c                __sfp
 .text.__smakebuf_r
                0x00000000000035e8       0x80 /home/dimitri/bin/SimplicityStudio_v5/developer/toolchains/gnu_arm/10.3_2021.10/bin/../lib/gcc/arm-none-eabi/10.3.1/../../../../arm-none-eabi/lib/thumb/v8-m.main+fp/hard/libc_nano.a(lib_a-makebuf.o)
                0x00000000000035e8                __smakebuf_r
 .text._free_r  0x0000000000003668       0x98 /home/dimitri/bin/SimplicityStudio_v5/developer/toolchains/gnu_arm/10.3_2021.10/bin/../lib/gcc/arm-none-eabi/10.3.1/../../../../arm-none-eabi/lib/thumb/v8-m.main+fp/hard/libc_nano.a(lib_a-nano-freer.o)
                0x0000000000003668                _free_r
 .text.sbrk_aligned
                0x0000000000003700       0x40 /home/dimitri/bin/SimplicityStudio_v5/developer/toolchains/gnu_arm/10.3_2021.10/bin/../lib/gcc/arm-none-eabi/10.3.1/../../../../arm-none-eabi/lib/thumb/v8-m.main+fp/hard/libc_nano.a(lib_a-nano-mallocr.o)
 .text._malloc_r
                0x0000000000003740       0xe8 /home/dimitri/bin/SimplicityStudio_v5/developer/toolchains/gnu_arm/10.3_2021.10/bin/../lib/gcc/arm-none-eabi/10.3.1/../../../../arm-none-eabi/lib/thumb/v8-m.main+fp/hard/libc_nano.a(lib_a-nano-mallocr.o)
                0x0000000000003740                _malloc_r
 .text._sbrk_r  0x0000000000003828       0x20 /home/dimitri/bin/SimplicityStudio_v5/developer/toolchains/gnu_arm/10.3_2021.10/bin/../lib/gcc/arm-none-eabi/10.3.1/../../../../arm-none-eabi/lib/thumb/v8-m.main+fp/hard/libc_nano.a(lib_a-sbrkr.o)
                0x0000000000003828                _sbrk_r
 .text._write_r
                0x0000000000003848       0x24 /home/dimitri/bin/SimplicityStudio_v5/developer/toolchains/gnu_arm/10.3_2021.10/bin/../lib/gcc/arm-none-eabi/10.3.1/../../../../arm-none-eabi/lib/thumb/v8-m.main+fp/hard/libc_nano.a(lib_a-writer.o)
                0x0000000000003848                _write_r
 .text._close_r
                0x000000000000386c       0x20 /home/dimitri/bin/SimplicityStudio_v5/developer/toolchains/gnu_arm/10.3_2021.10/bin/../lib/gcc/arm-none-eabi/10.3.1/../../../../arm-none-eabi/lib/thumb/v8-m.main+fp/hard/libc_nano.a(lib_a-closer.o)
                0x000000000000386c                _close_r
 .text._fstat_r
                0x000000000000388c       0x24 /home/dimitri/bin/SimplicityStudio_v5/developer/toolchains/gnu_arm/10.3_2021.10/bin/../lib/gcc/arm-none-eabi/10.3.1/../../../../arm-none-eabi/lib/thumb/v8-m.main+fp/hard/libc_nano.a(lib_a-fstatr.o)
                0x000000000000388c                _fstat_r
 .text._isatty_r
                0x00000000000038b0       0x20 /home/dimitri/bin/SimplicityStudio_v5/developer/toolchains/gnu_arm/10.3_2021.10/bin/../lib/gcc/arm-none-eabi/10.3.1/../../../../arm-none-eabi/lib/thumb/v8-m.main+fp/hard/libc_nano.a(lib_a-isattyr.o)
                0x00000000000038b0                _isatty_r
 .text._lseek_r
                0x00000000000038d0       0x24 /home/dimitri/bin/SimplicityStudio_v5/developer/toolchains/gnu_arm/10.3_2021.10/bin/../lib/gcc/arm-none-eabi/10.3.1/../../../../arm-none-eabi/lib/thumb/v8-m.main+fp/hard/libc_nano.a(lib_a-lseekr.o)
                0x00000000000038d0                _lseek_r
 .text.__malloc_lock
                0x00000000000038f4        0xc /home/dimitri/bin/SimplicityStudio_v5/developer/toolchains/gnu_arm/10.3_2021.10/bin/../lib/gcc/arm-none-eabi/10.3.1/../../../../arm-none-eabi/lib/thumb/v8-m.main+fp/hard/libc_nano.a(lib_a-mlock.o)
                0x00000000000038f4                __malloc_lock
 .text.__malloc_unlock
                0x0000000000003900        0xc /home/dimitri/bin/SimplicityStudio_v5/developer/toolchains/gnu_arm/10.3_2021.10/bin/../lib/gcc/arm-none-eabi/10.3.1/../../../../arm-none-eabi/lib/thumb/v8-m.main+fp/hard/libc_nano.a(lib_a-mlock.o)
                0x0000000000003900                __malloc_unlock
 .text._read_r  0x000000000000390c       0x24 /home/dimitri/bin/SimplicityStudio_v5/developer/toolchains/gnu_arm/10.3_2021.10/bin/../lib/gcc/arm-none-eabi/10.3.1/../../../../arm-none-eabi/lib/thumb/v8-m.main+fp/hard/libc_nano.a(lib_a-readr.o)
                0x000000000000390c                _read_r
 .text._close   0x0000000000003930       0x10 /home/dimitri/bin/SimplicityStudio_v5/developer/toolchains/gnu_arm/10.3_2021.10/bin/../lib/gcc/arm-none-eabi/10.3.1/../../../../arm-none-eabi/lib/thumb/v8-m.main+fp/hard/libnosys.a(close.o)
                0x0000000000003930                _close
 .text._fstat   0x0000000000003940       0x10 /home/dimitri/bin/SimplicityStudio_v5/developer/toolchains/gnu_arm/10.3_2021.10/bin/../lib/gcc/arm-none-eabi/10.3.1/../../../../arm-none-eabi/lib/thumb/v8-m.main+fp/hard/libnosys.a(fstat.o)
                0x0000000000003940                _fstat
 .text._isatty  0x0000000000003950       0x10 /home/dimitri/bin/SimplicityStudio_v5/developer/toolchains/gnu_arm/10.3_2021.10/bin/../lib/gcc/arm-none-eabi/10.3.1/../../../../arm-none-eabi/lib/thumb/v8-m.main+fp/hard/libnosys.a(isatty.o)
                0x0000000000003950                _isatty
 .text._lseek   0x0000000000003960       0x10 /home/dimitri/bin/SimplicityStudio_v5/developer/toolchains/gnu_arm/10.3_2021.10/bin/../lib/gcc/arm-none-eabi/10.3.1/../../../../arm-none-eabi/lib/thumb/v8-m.main+fp/hard/libnosys.a(lseek.o)
                0x0000000000003960                _lseek
 .text._read    0x0000000000003970       0x10 /home/dimitri/bin/SimplicityStudio_v5/developer/toolchains/gnu_arm/10.3_2021.10/bin/../lib/gcc/arm-none-eabi/10.3.1/../../../../arm-none-eabi/lib/thumb/v8-m.main+fp/hard/libnosys.a(read.o)
                0x0000000000003970                _read
 .text._write   0x0000000000003980       0x10 /home/dimitri/bin/SimplicityStudio_v5/developer/toolchains/gnu_arm/10.3_2021.10/bin/../lib/gcc/arm-none-eabi/10.3.1/../../../../arm-none-eabi/lib/thumb/v8-m.main+fp/hard/libnosys.a(write.o)
                0x0000000000003980                _write
 .text._exit    0x0000000000003990        0x4 /home/dimitri/bin/SimplicityStudio_v5/developer/toolchains/gnu_arm/10.3_2021.10/bin/../lib/gcc/arm-none-eabi/10.3.1/../../../../arm-none-eabi/lib/thumb/v8-m.main+fp/hard/libnosys.a(_exit.o)
                0x0000000000003990                _exit
 .text.app_init
                0x0000000000003994        0x4 ./app.o
                0x0000000000003994                app_init
 .text.app_process_action
                0x0000000000003998        0x4 ./app.o
                0x0000000000003998                app_process_action
 .text.simple_button_init
                0x000000000000399c        0x2 ./simple_button_baremetal.o
                0x000000000000399c                simple_button_init
 .text.simple_button_process_action
                0x000000000000399e        0x2 ./simple_button_baremetal.o
                0x000000000000399e                simple_button_process_action
 .text.sl_board_default_init
                0x00000000000039a0       0x18 ./autogen/sl_board_default_init.o
                0x00000000000039a0                sl_board_default_init
 .text.sl_driver_init
                0x00000000000039b8       0x12 ./autogen/sl_event_handler.o
                0x00000000000039b8                sl_driver_init
 .text.sl_service_init
                0x00000000000039ca       0x12 ./autogen/sl_event_handler.o
                0x00000000000039ca                sl_service_init
 .text.sl_stack_init
                0x00000000000039dc        0x2 ./autogen/sl_event_handler.o
                0x00000000000039dc                sl_stack_init
 .text.sl_internal_app_init
                0x00000000000039de        0x2 ./autogen/sl_event_handler.o
                0x00000000000039de                sl_internal_app_init
 .text.sl_platform_process_action
                0x00000000000039e0        0x2 ./autogen/sl_event_handler.o
                0x00000000000039e0                sl_platform_process_action
 .text.sl_service_process_action
                0x00000000000039e2        0x2 ./autogen/sl_event_handler.o
                0x00000000000039e2                sl_service_process_action
 .text.sl_stack_process_action
                0x00000000000039e4        0x2 ./autogen/sl_event_handler.o
                0x00000000000039e4                sl_stack_process_action
 .text.sl_internal_app_process_action
                0x00000000000039e6        0x2 ./autogen/sl_event_handler.o
                0x00000000000039e6                sl_internal_app_process_action
 .text.app_is_ok_to_sleep
                0x00000000000039e8        0x4 ./autogen/sl_power_manager_handler.o
                0x00000000000039e8                app_is_ok_to_sleep
 .text.app_sleep_on_isr_exit
                0x00000000000039ec        0x4 ./autogen/sl_power_manager_handler.o
                0x00000000000039ec                app_sleep_on_isr_exit
 .text.sl_power_manager_is_ok_to_sleep
                0x00000000000039f0        0x8 ./autogen/sl_power_manager_handler.o
                0x00000000000039f0                sl_power_manager_is_ok_to_sleep
 .text.sl_power_manager_sleep_on_isr_exit
                0x00000000000039f8       0x1e ./autogen/sl_power_manager_handler.o
                0x00000000000039f8                sl_power_manager_sleep_on_isr_exit
 .text.sl_board_configure_vcom
                0x0000000000003a16        0x4 ./gecko_sdk_4.2.1/hardware/board/src/sl_board_control_gpio.o
                0x0000000000003a16                sl_board_configure_vcom
 .text.sl_board_init
                0x0000000000003a1a       0x16 ./gecko_sdk_4.2.1/hardware/board/src/sl_board_init.o
                0x0000000000003a1a                sl_board_init
 .text.sl_board_preinit
                0x0000000000003a30        0x8 ./gecko_sdk_4.2.1/hardware/board/src/sl_board_init.o
                0x0000000000003a30                sl_board_preinit
 .text.Default_Handler
                0x0000000000003a38        0x2 ./gecko_sdk_4.2.1/platform/Device/SiliconLabs/EFM32PG22/Source/startup_efm32pg22.o
                0x0000000000003a38                ULFRCO_IRQHandler
                0x0000000000003a38                SW2_IRQHandler
                0x0000000000003a38                TIMER2_IRQHandler
                0x0000000000003a38                DebugMon_Handler
                0x0000000000003a38                PKE_IRQHandler
                0x0000000000003a38                USART0_TX_IRQHandler
                0x0000000000003a38                IADC_IRQHandler
                0x0000000000003a38                I2C0_IRQHandler
                0x0000000000003a38                LFXO_IRQHandler
                0x0000000000003a38                CRYPTOACC_IRQHandler
                0x0000000000003a38                HardFault_Handler
                0x0000000000003a38                SMU_SECURE_IRQHandler
                0x0000000000003a38                SysTick_Handler
                0x0000000000003a38                USART1_RX_IRQHandler
                0x0000000000003a38                EMUEFP_IRQHandler
                0x0000000000003a38                PendSV_Handler
                0x0000000000003a38                NMI_Handler
                0x0000000000003a38                I2C1_IRQHandler
                0x0000000000003a38                PDM_IRQHandler
                0x0000000000003a38                WDOG0_IRQHandler
                0x0000000000003a38                TIMER3_IRQHandler
                0x0000000000003a38                SYSCFG_IRQHandler
                0x0000000000003a38                EMUSE_IRQHandler
                0x0000000000003a38                EMUDG_IRQHandler
                0x0000000000003a38                USART1_TX_IRQHandler
                0x0000000000003a38                MSC_IRQHandler
                0x0000000000003a38                DPLL0_IRQHandler
                0x0000000000003a38                UsageFault_Handler
                0x0000000000003a38                M33CTI1_IRQHandler
                0x0000000000003a38                TIMER4_IRQHandler
                0x0000000000003a38                LDMA_IRQHandler
                0x0000000000003a38                SW0_IRQHandler
                0x0000000000003a38                TIMER0_IRQHandler
                0x0000000000003a38                LETIMER0_IRQHandler
                0x0000000000003a38                TIMER1_IRQHandler
                0x0000000000003a38                HFRCO0_IRQHandler
                0x0000000000003a38                SecureFault_Handler
                0x0000000000003a38                DCDC_IRQHandler
                0x0000000000003a38                Default_Handler
                0x0000000000003a38                EMU_IRQHandler
                0x0000000000003a38                SW3_IRQHandler
                0x0000000000003a38                KERNEL0_IRQHandler
                0x0000000000003a38                KERNEL1_IRQHandler
                0x0000000000003a38                sl_app_properties
                0x0000000000003a38                BURTC_IRQHandler
                0x0000000000003a38                LFRCO_IRQHandler
                0x0000000000003a38                USART0_RX_IRQHandler
                0x0000000000003a38                MemManage_Handler
                0x0000000000003a38                SVC_Handler
                0x0000000000003a38                SMU_S_PRIVILEGED_IRQHandler
                0x0000000000003a38                SW1_IRQHandler
                0x0000000000003a38                CMU_IRQHandler
                0x0000000000003a38                EUART0_TX_IRQHandler
                0x0000000000003a38                EUART0_RX_IRQHandler
                0x0000000000003a38                M33CTI0_IRQHandler
                0x0000000000003a38                ICACHE0_IRQHandler
                0x0000000000003a38                SMU_NS_PRIVILEGED_IRQHandler
                0x0000000000003a38                BusFault_Handler
                0x0000000000003a38                TRNG_IRQHandler
 .text.SystemCLKIN0Get
                0x0000000000003a3a        0x4 ./gecko_sdk_4.2.1/platform/Device/SiliconLabs/EFM32PG22/Source/system_efm32pg22.o
                0x0000000000003a3a                SystemCLKIN0Get
 .text.SystemLFRCOClockGet
                0x0000000000003a3e        0x6 ./gecko_sdk_4.2.1/platform/Device/SiliconLabs/EFM32PG22/Source/system_efm32pg22.o
                0x0000000000003a3e                SystemLFRCOClockGet
 .text.SystemULFRCOClockGet
                0x0000000000003a44        0x6 ./gecko_sdk_4.2.1/platform/Device/SiliconLabs/EFM32PG22/Source/system_efm32pg22.o
                0x0000000000003a44                SystemULFRCOClockGet
 .text.assertEFM
                0x0000000000003a4a        0x2 ./gecko_sdk_4.2.1/platform/common/src/sl_assert.o
                0x0000000000003a4a                assertEFM
 .text.sl_slist_init
                0x0000000000003a4c        0x6 ./gecko_sdk_4.2.1/platform/common/src/sl_slist.o
                0x0000000000003a4c                sl_slist_init
 .text.sl_button_init
                0x0000000000003a52        0xa ./gecko_sdk_4.2.1/platform/driver/button/src/sl_button.o
                0x0000000000003a52                sl_button_init
 .text.sl_button_get_state
                0x0000000000003a5c        0xa ./gecko_sdk_4.2.1/platform/driver/button/src/sl_button.o
                0x0000000000003a5c                sl_button_get_state
 .text.sli_simple_button_on_change
                0x0000000000003a66       0x28 ./gecko_sdk_4.2.1/platform/driver/button/src/sl_simple_button.o
 .text.sl_simple_button_get_state
                0x0000000000003a8e        0x6 ./gecko_sdk_4.2.1/platform/driver/button/src/sl_simple_button.o
                0x0000000000003a8e                sl_simple_button_get_state
 .text.sl_simple_button_poll_step
                0x0000000000003a94       0x52 ./gecko_sdk_4.2.1/platform/driver/button/src/sl_simple_button.o
                0x0000000000003a94                sl_simple_button_poll_step
 .text.sl_simple_button_enable
                0x0000000000003ae6       0x12 ./gecko_sdk_4.2.1/platform/driver/button/src/sl_simple_button.o
                0x0000000000003ae6                sl_simple_button_enable
 .text.sl_simple_button_disable
                0x0000000000003af8       0x30 ./gecko_sdk_4.2.1/platform/driver/button/src/sl_simple_button.o
                0x0000000000003af8                sl_simple_button_disable
 .text.sl_led_init
                0x0000000000003b28        0x6 ./gecko_sdk_4.2.1/platform/driver/leddrv/src/sl_led.o
                0x0000000000003b28                sl_led_init
 .text.sl_led_toggle
                0x0000000000003b2e        0x6 ./gecko_sdk_4.2.1/platform/driver/leddrv/src/sl_led.o
                0x0000000000003b2e                sl_led_toggle
 .text.sl_simple_led_init
                0x0000000000003b34       0x22 ./gecko_sdk_4.2.1/platform/driver/leddrv/src/sl_simple_led.o
                0x0000000000003b34                sl_simple_led_init
 .text.sl_simple_led_turn_on
                0x0000000000003b56       0x12 ./gecko_sdk_4.2.1/platform/driver/leddrv/src/sl_simple_led.o
                0x0000000000003b56                sl_simple_led_turn_on
 .text.sl_simple_led_turn_off
                0x0000000000003b68       0x12 ./gecko_sdk_4.2.1/platform/driver/leddrv/src/sl_simple_led.o
                0x0000000000003b68                sl_simple_led_turn_off
 .text.waitStateMax
                0x0000000000003b7a       0x10 ./gecko_sdk_4.2.1/platform/emlib/src/em_cmu.o
 .text.CMU_UpdateWaitStates
                0x0000000000003b8a        0xc ./gecko_sdk_4.2.1/platform/emlib/src/em_cmu.o
                0x0000000000003b8a                CMU_UpdateWaitStates
 .text.pclkDivMax
                0x0000000000003b96        0xa ./gecko_sdk_4.2.1/platform/emlib/src/em_cmu.o
 .text.sli_em_cmu_SYSCLKInitPreClockSelect
                0x0000000000003ba0       0x16 ./gecko_sdk_4.2.1/platform/emlib/src/em_cmu.o
                0x0000000000003ba0                sli_em_cmu_SYSCLKInitPreClockSelect
 .text.sli_em_cmu_SYSCLKInitPostClockSelect
                0x0000000000003bb6       0x26 ./gecko_sdk_4.2.1/platform/emlib/src/em_cmu.o
                0x0000000000003bb6                sli_em_cmu_SYSCLKInitPostClockSelect
 .text.CORE_EnterCritical
                0x0000000000003bdc        0x8 ./gecko_sdk_4.2.1/platform/emlib/src/em_core.o
                0x0000000000003bdc                CORE_EnterCritical
 .text.CORE_ExitCritical
                0x0000000000003be4        0x6 ./gecko_sdk_4.2.1/platform/emlib/src/em_core.o
                0x0000000000003be4                CORE_ExitCritical
 .text.CORE_EnterAtomic
                0x0000000000003bea        0xc ./gecko_sdk_4.2.1/platform/emlib/src/em_core.o
                0x0000000000003bea                CORE_EnterAtomic
 .text.CORE_ExitAtomic
                0x0000000000003bf6        0x6 ./gecko_sdk_4.2.1/platform/emlib/src/em_core.o
                0x0000000000003bf6                CORE_ExitAtomic
 .text.EMU_EFPEM23PresleepHook
                0x0000000000003bfc        0x2 ./gecko_sdk_4.2.1/platform/emlib/src/em_emu.o
                0x0000000000003bfc                EMU_EFPEM23PresleepHook
 .text.EMU_EFPEM23PostsleepHook
                0x0000000000003bfe        0x2 ./gecko_sdk_4.2.1/platform/emlib/src/em_emu.o
                0x0000000000003bfe                EMU_EFPEM23PostsleepHook
 .text.EMU_Save
                0x0000000000003c00        0x4 ./gecko_sdk_4.2.1/platform/emlib/src/em_emu.o
                0x0000000000003c00                EMU_Save
 .text.EMU_Restore
                0x0000000000003c04        0x4 ./gecko_sdk_4.2.1/platform/emlib/src/em_emu.o
                0x0000000000003c04                EMU_Restore
 .text.EMU_EFPEM01VScale
                0x0000000000003c08        0x2 ./gecko_sdk_4.2.1/platform/emlib/src/em_emu.o
                0x0000000000003c08                EMU_EFPEM01VScale
 .text.EMU_DCDCUpdatedHook
                0x0000000000003c0a        0x2 ./gecko_sdk_4.2.1/platform/emlib/src/em_emu.o
                0x0000000000003c0a                EMU_DCDCUpdatedHook
 .text.BUS_RegMaskedWrite
                0x0000000000003c0c       0x22 ./gecko_sdk_4.2.1/platform/emlib/src/em_gpio.o
 .text.RTCC_SyncWait
                0x0000000000003c2e       0x10 ./gecko_sdk_4.2.1/platform/emlib/src/em_rtcc.o
 .text.USART_SpiTransfer
                0x0000000000003c3e       0x14 ./gecko_sdk_4.2.1/platform/emlib/src/em_usart.o
                0x0000000000003c3e                USART_SpiTransfer
 .text.sl_hfxo_manager_init_hardware
                0x0000000000003c52        0x4 ./gecko_sdk_4.2.1/platform/service/hfxo_manager/src/sl_hfxo_manager.o
                0x0000000000003c52                sl_hfxo_manager_init_hardware
 .text.HFXO0_IRQHandler
                0x0000000000003c56        0x4 ./gecko_sdk_4.2.1/platform/service/hfxo_manager/src/sl_hfxo_manager_hal_s2.o
                0x0000000000003c56                HFXO0_IRQHandler
 .text.sli_power_manager_initiate_restore
                0x0000000000003c5a       0x18 ./gecko_sdk_4.2.1/platform/service/power_manager/src/sl_power_manager.o
                0x0000000000003c5a                sli_power_manager_initiate_restore
 .text.sli_power_manager_save_states
                0x0000000000003c72        0x4 ./gecko_sdk_4.2.1/platform/service/power_manager/src/sl_power_manager_hal_s2.o
                0x0000000000003c72                sli_power_manager_save_states
 .text.sli_power_manager_get_default_high_frequency_minimum_offtime
                0x0000000000003c76        0x8 ./gecko_sdk_4.2.1/platform/service/power_manager/src/sl_power_manager_hal_s2.o
                0x0000000000003c76                sli_power_manager_get_default_high_frequency_minimum_offtime
 .text.sl_sleeptimer_restart_timer
                0x0000000000003c7e       0x38 ./gecko_sdk_4.2.1/platform/service/sleeptimer/src/sl_sleeptimer.o
                0x0000000000003c7e                sl_sleeptimer_restart_timer
 .text.sl_sleeptimer_get_tick_count
                0x0000000000003cb6       0x18 ./gecko_sdk_4.2.1/platform/service/sleeptimer/src/sl_sleeptimer.o
                0x0000000000003cb6                sl_sleeptimer_get_tick_count
 .text.CMU_PrescToLog2.constprop.0
                0x0000000000003cce        0x4 ./gecko_sdk_4.2.1/platform/service/sleeptimer/src/sl_sleeptimer_hal_rtcc.o
 .text.sleeptimer_hal_get_counter
                0x0000000000003cd2        0xe ./gecko_sdk_4.2.1/platform/service/sleeptimer/src/sl_sleeptimer_hal_rtcc.o
                0x0000000000003cd2                sleeptimer_hal_get_counter
 .text.sleeptimer_hal_enable_int
                0x0000000000003ce0       0x18 ./gecko_sdk_4.2.1/platform/service/sleeptimer/src/sl_sleeptimer_hal_rtcc.o
                0x0000000000003ce0                sleeptimer_hal_enable_int
 .text.sli_sleeptimer_hal_is_int_status_set
                0x0000000000003cf8       0x1e ./gecko_sdk_4.2.1/platform/service/sleeptimer/src/sl_sleeptimer_hal_rtcc.o
                0x0000000000003cf8                sli_sleeptimer_hal_is_int_status_set
 .text.sleeptimer_hal_get_timer_frequency
                0x0000000000003d16       0x14 ./gecko_sdk_4.2.1/platform/service/sleeptimer/src/sl_sleeptimer_hal_rtcc.o
                0x0000000000003d16                sleeptimer_hal_get_timer_frequency
 .text.sl_system_init
                0x0000000000003d2a       0x1a ./gecko_sdk_4.2.1/platform/service/system/src/sl_system_init.o
                0x0000000000003d2a                sl_system_init
 .text.sl_system_process_action
                0x0000000000003d44       0x16 ./gecko_sdk_4.2.1/platform/service/system/src/sl_system_process_action.o
                0x0000000000003d44                sl_system_process_action
 .text.memset   0x0000000000003d5a       0x10 /home/dimitri/bin/SimplicityStudio_v5/developer/toolchains/gnu_arm/10.3_2021.10/bin/../lib/gcc/arm-none-eabi/10.3.1/../../../../arm-none-eabi/lib/thumb/v8-m.main+fp/hard/libc_nano.a(lib_a-memset.o)
                0x0000000000003d5a                memset
 .text.__sfmoreglue
                0x0000000000003d6a       0x2c /home/dimitri/bin/SimplicityStudio_v5/developer/toolchains/gnu_arm/10.3_2021.10/bin/../lib/gcc/arm-none-eabi/10.3.1/../../../../arm-none-eabi/lib/thumb/v8-m.main+fp/hard/libc_nano.a(lib_a-findfp.o)
                0x0000000000003d6a                __sfmoreglue
 .text._fwalk_reent
                0x0000000000003d96       0x3e /home/dimitri/bin/SimplicityStudio_v5/developer/toolchains/gnu_arm/10.3_2021.10/bin/../lib/gcc/arm-none-eabi/10.3.1/../../../../arm-none-eabi/lib/thumb/v8-m.main+fp/hard/libc_nano.a(lib_a-fwalk.o)
                0x0000000000003d96                _fwalk_reent
 .text.__retarget_lock_init_recursive
                0x0000000000003dd4        0x2 /home/dimitri/bin/SimplicityStudio_v5/developer/toolchains/gnu_arm/10.3_2021.10/bin/../lib/gcc/arm-none-eabi/10.3.1/../../../../arm-none-eabi/lib/thumb/v8-m.main+fp/hard/libc_nano.a(lib_a-lock.o)
                0x0000000000003dd4                __retarget_lock_init_recursive
 .text.__retarget_lock_acquire_recursive
                0x0000000000003dd6        0x2 /home/dimitri/bin/SimplicityStudio_v5/developer/toolchains/gnu_arm/10.3_2021.10/bin/../lib/gcc/arm-none-eabi/10.3.1/../../../../arm-none-eabi/lib/thumb/v8-m.main+fp/hard/libc_nano.a(lib_a-lock.o)
                0x0000000000003dd6                __retarget_lock_acquire_recursive
 .text.__retarget_lock_release_recursive
                0x0000000000003dd8        0x2 /home/dimitri/bin/SimplicityStudio_v5/developer/toolchains/gnu_arm/10.3_2021.10/bin/../lib/gcc/arm-none-eabi/10.3.1/../../../../arm-none-eabi/lib/thumb/v8-m.main+fp/hard/libc_nano.a(lib_a-lock.o)
                0x0000000000003dd8                __retarget_lock_release_recursive
 .text.__swhatbuf_r
                0x0000000000003dda       0x4a /home/dimitri/bin/SimplicityStudio_v5/developer/toolchains/gnu_arm/10.3_2021.10/bin/../lib/gcc/arm-none-eabi/10.3.1/../../../../arm-none-eabi/lib/thumb/v8-m.main+fp/hard/libc_nano.a(lib_a-makebuf.o)
                0x0000000000003dda                __swhatbuf_r
 .text.__sread  0x0000000000003e24       0x22 /home/dimitri/bin/SimplicityStudio_v5/developer/toolchains/gnu_arm/10.3_2021.10/bin/../lib/gcc/arm-none-eabi/10.3.1/../../../../arm-none-eabi/lib/thumb/v8-m.main+fp/hard/libc_nano.a(lib_a-stdio.o)
                0x0000000000003e24                __sread
 .text.__swrite
                0x0000000000003e46       0x38 /home/dimitri/bin/SimplicityStudio_v5/developer/toolchains/gnu_arm/10.3_2021.10/bin/../lib/gcc/arm-none-eabi/10.3.1/../../../../arm-none-eabi/lib/thumb/v8-m.main+fp/hard/libc_nano.a(lib_a-stdio.o)
                0x0000000000003e46                __swrite
 .text.__sseek  0x0000000000003e7e       0x24 /home/dimitri/bin/SimplicityStudio_v5/developer/toolchains/gnu_arm/10.3_2021.10/bin/../lib/gcc/arm-none-eabi/10.3.1/../../../../arm-none-eabi/lib/thumb/v8-m.main+fp/hard/libc_nano.a(lib_a-stdio.o)
                0x0000000000003e7e                __sseek
 .text.__sclose
                0x0000000000003ea2        0x8 /home/dimitri/bin/SimplicityStudio_v5/developer/toolchains/gnu_arm/10.3_2021.10/bin/../lib/gcc/arm-none-eabi/10.3.1/../../../../arm-none-eabi/lib/thumb/v8-m.main+fp/hard/libc_nano.a(lib_a-stdio.o)
                0x0000000000003ea2                __sclose
                0x0000000000003eaa                linker_code_end = .
 *(.init)
 *fill*         0x0000000000003eaa        0x2 
 .init          0x0000000000003eac        0x4 /home/dimitri/bin/SimplicityStudio_v5/developer/toolchains/gnu_arm/10.3_2021.10/bin/../lib/gcc/arm-none-eabi/10.3.1/thumb/v8-m.main+fp/hard/crti.o
                0x0000000000003eac                _init
 .init          0x0000000000003eb0        0x8 /home/dimitri/bin/SimplicityStudio_v5/developer/toolchains/gnu_arm/10.3_2021.10/bin/../lib/gcc/arm-none-eabi/10.3.1/thumb/v8-m.main+fp/hard/crtn.o
 *(.fini)
 .fini          0x0000000000003eb8        0x4 /home/dimitri/bin/SimplicityStudio_v5/developer/toolchains/gnu_arm/10.3_2021.10/bin/../lib/gcc/arm-none-eabi/10.3.1/thumb/v8-m.main+fp/hard/crti.o
                0x0000000000003eb8                _fini
 .fini          0x0000000000003ebc        0x8 /home/dimitri/bin/SimplicityStudio_v5/developer/toolchains/gnu_arm/10.3_2021.10/bin/../lib/gcc/arm-none-eabi/10.3.1/thumb/v8-m.main+fp/hard/crtn.o
 *fill*         0x0000000000003ec4        0x4 
 .fini.__stub   0x0000000000003ec8       0x10 linker stubs
 *crtbegin.o(.ctors)
 *crtbegin?.o(.ctors)
 *(EXCLUDE_FILE(*crtend.o *crtend?.o) .ctors)
 *(SORT_BY_NAME(.ctors.*))
 *(.ctors)
 *crtbegin.o(.dtors)
 *crtbegin?.o(.dtors)
 *(EXCLUDE_FILE(*crtend.o *crtend?.o) .dtors)
 *(SORT_BY_NAME(.dtors.*))
 *(.dtors)
 *(.rodata*)
 .rodata.main.str1.1
                0x0000000000003ed8        0x7 ./main.o
 *fill*         0x0000000000003edf        0x1 
 .rodata.sl_button_btn0
                0x0000000000003ee0       0x18 ./autogen/sl_simple_button_instances.o
                0x0000000000003ee0                sl_button_btn0
 .rodata.sl_led_led0
                0x0000000000003ef8       0x18 ./autogen/sl_simple_led_instances.o
                0x0000000000003ef8                sl_led_led0
 .rodata.sl_board_enable_sensor.str1.1
                0x0000000000003f10       0x59 ./gecko_sdk_4.2.1/hardware/board/src/sl_board_control_gpio.o
 *fill*         0x0000000000003f69        0x3 
 .rodata        0x0000000000003f6c       0x1c ./gecko_sdk_4.2.1/hardware/driver/mx25_flash_shutdown/src/sl_mx25_flash_shutdown_usart/sl_mx25_flash_shutdown.o
 .rodata.GPIO_PinInGet.str1.1
                0x0000000000003f88       0x4c ./gecko_sdk_4.2.1/platform/driver/button/src/sl_simple_button.o
 .rodata.sl_simple_button_init.str1.1
                0x0000000000003fd4       0x5c ./gecko_sdk_4.2.1/platform/driver/button/src/sl_simple_button.o
 .rodata.GPIO_PinOutClear.str1.1
                0x0000000000004030       0x4c ./gecko_sdk_4.2.1/platform/driver/leddrv/src/sl_simple_led.o
 .rodata.HFRCODPLLDevinfoGet.str1.1
                0x0000000000004030       0x4a ./gecko_sdk_4.2.1/platform/emlib/src/em_cmu.o
 .rodata.CORE_NvicMaskSetIRQ.str1.1
                0x000000000000407a       0x4b ./gecko_sdk_4.2.1/platform/emlib/src/em_core.o
 .rodata.EMU_VScaleEM01.str1.1
                0x00000000000040c5       0x4a ./gecko_sdk_4.2.1/platform/emlib/src/em_emu.o
 .rodata.BUS_RegBitWrite.str1.1
                0x000000000000410f       0x4b ./gecko_sdk_4.2.1/platform/emlib/src/em_gpio.o
 .rodata.GPIO_PinOutSet.str1.1
                0x000000000000415a       0x4c ./gecko_sdk_4.2.1/platform/emlib/src/em_gpio.o
 .rodata.GPIO_ExtIntConfig.str1.1
                0x000000000000415a       0x4b ./gecko_sdk_4.2.1/platform/emlib/src/em_gpio.o
 .rodata.RTCC_ChannelInit.str1.1
                0x00000000000041a5       0x4b ./gecko_sdk_4.2.1/platform/emlib/src/em_rtcc.o
 .rodata.USART_BaudrateAsyncSet.str1.1
                0x00000000000041f0       0x4c ./gecko_sdk_4.2.1/platform/emlib/src/em_usart.o
 .rodata        0x000000000000423c        0x8 ./gecko_sdk_4.2.1/platform/service/device_init/src/sl_device_init_dcdc_s2.o
 .rodata        0x0000000000004244       0x28 ./gecko_sdk_4.2.1/platform/service/device_init/src/sl_device_init_hfxo_s2.o
 .rodata        0x000000000000426c       0x14 ./gecko_sdk_4.2.1/platform/service/device_init/src/sl_device_init_lfxo_s2.o
 .rodata.power_manager_notify_em_transition.str1.1
                0x0000000000004280       0x64 ./gecko_sdk_4.2.1/platform/service/power_manager/src/sl_power_manager.o
 .rodata.CSWTCH.63
                0x00000000000042e4        0x4 ./gecko_sdk_4.2.1/platform/service/power_manager/src/sl_power_manager.o
 .rodata.sli_power_manager_init_hardware.str1.1
                0x00000000000042e8       0x6b ./gecko_sdk_4.2.1/platform/service/power_manager/src/sl_power_manager_hal_s2.o
 .rodata.process_timer_irq.str1.1
                0x0000000000004353       0x5e ./gecko_sdk_4.2.1/platform/service/sleeptimer/src/sl_sleeptimer.o
 .rodata        0x00000000000043b1        0xb ./gecko_sdk_4.2.1/platform/service/sleeptimer/src/sl_sleeptimer_hal_rtcc.o
 .rodata.sl_udelay_wait.str1.1
                0x00000000000043bc       0x56 ./gecko_sdk_4.2.1/platform/service/udelay/src/sl_udelay.o
 *fill*         0x0000000000004412        0x2 
 .rodata._global_impure_ptr
                0x0000000000004414        0x4 /home/dimitri/bin/SimplicityStudio_v5/developer/toolchains/gnu_arm/10.3_2021.10/bin/../lib/gcc/arm-none-eabi/10.3.1/../../../../arm-none-eabi/lib/thumb/v8-m.main+fp/hard/libc_nano.a(lib_a-impure.o)
                0x0000000000004414                _global_impure_ptr
 .rodata.__sf_fake_stderr
                0x0000000000004418       0x20 /home/dimitri/bin/SimplicityStudio_v5/developer/toolchains/gnu_arm/10.3_2021.10/bin/../lib/gcc/arm-none-eabi/10.3.1/../../../../arm-none-eabi/lib/thumb/v8-m.main+fp/hard/libc_nano.a(lib_a-findfp.o)
                0x0000000000004418                __sf_fake_stderr
 .rodata.__sf_fake_stdin
                0x0000000000004438       0x20 /home/dimitri/bin/SimplicityStudio_v5/developer/toolchains/gnu_arm/10.3_2021.10/bin/../lib/gcc/arm-none-eabi/10.3.1/../../../../arm-none-eabi/lib/thumb/v8-m.main+fp/hard/libc_nano.a(lib_a-findfp.o)
                0x0000000000004438                __sf_fake_stdin
 .rodata.__sf_fake_stdout
                0x0000000000004458       0x20 /home/dimitri/bin/SimplicityStudio_v5/developer/toolchains/gnu_arm/10.3_2021.10/bin/../lib/gcc/arm-none-eabi/10.3.1/../../../../arm-none-eabi/lib/thumb/v8-m.main+fp/hard/libc_nano.a(lib_a-findfp.o)
                0x0000000000004458                __sf_fake_stdout
 *(.eh_frame*)
 .eh_frame      0x0000000000004478        0x0 /home/dimitri/bin/SimplicityStudio_v5/developer/toolchains/gnu_arm/10.3_2021.10/bin/../lib/gcc/arm-none-eabi/10.3.1/thumb/v8-m.main+fp/hard/crtbegin.o

.glue_7         0x0000000000004478        0x0
 .glue_7        0x0000000000004478        0x0 linker stubs

.glue_7t        0x0000000000004478        0x0
 .glue_7t       0x0000000000004478        0x0 linker stubs

.vfp11_veneer   0x0000000000004478        0x0
 .vfp11_veneer  0x0000000000004478        0x0 linker stubs

.v4_bx          0x0000000000004478        0x0
 .v4_bx         0x0000000000004478        0x0 linker stubs

.iplt           0x0000000000004478        0x0
 .iplt          0x0000000000004478        0x0 /home/dimitri/bin/SimplicityStudio_v5/developer/toolchains/gnu_arm/10.3_2021.10/bin/../lib/gcc/arm-none-eabi/10.3.1/thumb/v8-m.main+fp/hard/crtbegin.o

.ARM.extab
 *(.ARM.extab* .gnu.linkonce.armextab.*)
                0x0000000000004478                __exidx_start = .

.ARM.exidx      0x0000000000004478        0x8
 *(.ARM.exidx* .gnu.linkonce.armexidx.*)
 .ARM.exidx     0x0000000000004478        0x8 /home/dimitri/bin/SimplicityStudio_v5/developer/toolchains/gnu_arm/10.3_2021.10/bin/../lib/gcc/arm-none-eabi/10.3.1/../../../../arm-none-eabi/lib/thumb/v8-m.main+fp/hard/crt0.o
                                         0x10 (size before relaxing)
 .ARM.exidx     0x0000000000004480        0x0 /home/dimitri/bin/SimplicityStudio_v5/developer/toolchains/gnu_arm/10.3_2021.10/bin/../lib/gcc/arm-none-eabi/10.3.1/thumb/v8-m.main+fp/hard/libgcc.a(_udivmoddi4.o)
                                          0x8 (size before relaxing)
                0x0000000000004480                __exidx_end = .

.rel.dyn        0x0000000000004480        0x0
 .rel.iplt      0x0000000000004480        0x0 /home/dimitri/bin/SimplicityStudio_v5/developer/toolchains/gnu_arm/10.3_2021.10/bin/../lib/gcc/arm-none-eabi/10.3.1/thumb/v8-m.main+fp/hard/crtbegin.o

.copy.table     0x0000000000004480        0xc
                0x0000000000004480                . = ALIGN (0x4)
                0x0000000000004480                __copy_table_start__ = .
                0x0000000000004480        0x4 LONG 0x448c __etext
                0x0000000000004484        0x4 LONG 0x20001000 __data_start__
                0x0000000000004488        0x4 LONG 0x2e ((__data_end__ - __data_start__) / 0x4)
                0x000000000000448c                __copy_table_end__ = .

.zero.table     0x000000000000448c        0x0
                0x000000000000448c                . = ALIGN (0x4)
                0x000000000000448c                __zero_table_start__ = .
                0x000000000000448c                __zero_table_end__ = .
                0x000000000000448c                __etext = .
                0x0000000020000000                . = ORIGIN (RAM)

.stack          0x0000000020000000     0x1000
                0x0000000020000000                __StackLimit = .
 *(.stack*)
 .stack         0x0000000020000000     0x1000 ./gecko_sdk_4.2.1/platform/common/toolchain/src/sl_memory.o
                0x0000000020001000                . = ALIGN (0x4)
                0x0000000020001000                __StackTop = .
                0x0000000020001000                PROVIDE (__stack = __StackTop)

.noinit
 *(.noinit*)

.data           0x0000000020001000       0xb8 load address 0x000000000000448c
                0x0000000020001000                . = ALIGN (0x4)
                0x0000000020001000                __data_start__ = .
 *(vtable)
 *(SORT_BY_ALIGNMENT(.data*))
 .data.SystemCoreClock
                0x0000000020001000        0x4 ./gecko_sdk_4.2.1/platform/Device/SiliconLabs/EFM32PG22/Source/system_efm32pg22.o
                0x0000000020001000                SystemCoreClock
 .data.SystemHFRCODPLLClock
                0x0000000020001004        0x4 ./gecko_sdk_4.2.1/platform/Device/SiliconLabs/EFM32PG22/Source/system_efm32pg22.o
 .data.SystemHFXOClock
                0x0000000020001008        0x4 ./gecko_sdk_4.2.1/platform/Device/SiliconLabs/EFM32PG22/Source/system_efm32pg22.o
 .data.SystemLFXOClock
                0x000000002000100c        0x4 ./gecko_sdk_4.2.1/platform/Device/SiliconLabs/EFM32PG22/Source/system_efm32pg22.o
 .data.heap_end.0
                0x0000000020001010        0x4 ./gecko_sdk_4.2.1/platform/common/toolchain/src/sl_memory.o
 .data._impure_ptr
                0x0000000020001014        0x4 /home/dimitri/bin/SimplicityStudio_v5/developer/toolchains/gnu_arm/10.3_2021.10/bin/../lib/gcc/arm-none-eabi/10.3.1/../../../../arm-none-eabi/lib/thumb/v8-m.main+fp/hard/libc_nano.a(lib_a-impure.o)
                0x0000000020001014                _impure_ptr
 .data.impure_data
                0x0000000020001018       0x60 /home/dimitri/bin/SimplicityStudio_v5/developer/toolchains/gnu_arm/10.3_2021.10/bin/../lib/gcc/arm-none-eabi/10.3.1/../../../../arm-none-eabi/lib/thumb/v8-m.main+fp/hard/libc_nano.a(lib_a-impure.o)
 .data.simple_btn0_context
                0x0000000020001078        0x8 ./autogen/sl_simple_button_instances.o
                0x0000000020001078                simple_btn0_context
 .data.lfxo_precision
                0x0000000020001080        0x2 ./gecko_sdk_4.2.1/platform/emlib/src/em_cmu.o
 .data.simple_led0_context
                0x0000000020001082        0x3 ./autogen/sl_simple_led_instances.o
                0x0000000020001082                simple_led0_context
 .data.is_fast_wakeup_enabled
                0x0000000020001085        0x1 ./gecko_sdk_4.2.1/platform/service/power_manager/src/sl_power_manager_hal_s2.o
 .data.cc_disabled
                0x0000000020001086        0x1 ./gecko_sdk_4.2.1/platform/service/sleeptimer/src/sl_sleeptimer_hal_rtcc.o
                0x0000000020001088                . = ALIGN (0x4)
 *fill*         0x0000000020001087        0x1 
                [!provide]                        PROVIDE (__ram_func_section_start = .)
 *(.ram)
 .ram           0x0000000020001088       0x28 ./gecko_sdk_4.2.1/platform/emlib/src/em_emu.o
                [!provide]                        PROVIDE (__ram_func_section_end = .)
                0x00000000200010b0                . = ALIGN (0x4)
                0x00000000200010b0                PROVIDE (__preinit_array_start = .)
 *(.preinit_array)
                0x00000000200010b0                PROVIDE (__preinit_array_end = .)
                0x00000000200010b0                . = ALIGN (0x4)
                0x00000000200010b0                PROVIDE (__init_array_start = .)
 *(SORT_BY_NAME(.init_array.*))
 *(.init_array)
 .init_array    0x00000000200010b0        0x4 /home/dimitri/bin/SimplicityStudio_v5/developer/toolchains/gnu_arm/10.3_2021.10/bin/../lib/gcc/arm-none-eabi/10.3.1/thumb/v8-m.main+fp/hard/crtbegin.o
                0x00000000200010b4                PROVIDE (__init_array_end = .)
                0x00000000200010b4                . = ALIGN (0x4)
                [!provide]                        PROVIDE (__fini_array_start = .)
 *(SORT_BY_NAME(.fini_array.*))
 *(.fini_array)
 .fini_array    0x00000000200010b4        0x4 /home/dimitri/bin/SimplicityStudio_v5/developer/toolchains/gnu_arm/10.3_2021.10/bin/../lib/gcc/arm-none-eabi/10.3.1/thumb/v8-m.main+fp/hard/crtbegin.o
                [!provide]                        PROVIDE (__fini_array_end = .)
                0x00000000200010b8                . = ALIGN (0x4)
                0x00000000200010b8                __data_end__ = .

.igot.plt       0x00000000200010b8        0x0 load address 0x0000000000004544
 .igot.plt      0x00000000200010b8        0x0 /home/dimitri/bin/SimplicityStudio_v5/developer/toolchains/gnu_arm/10.3_2021.10/bin/../lib/gcc/arm-none-eabi/10.3.1/thumb/v8-m.main+fp/hard/crtbegin.o

.bss            0x00000000200010b8      0x2cc load address 0x0000000000004544
                0x00000000200010b8                . = ALIGN (0x4)
                0x00000000200010b8                __bss_start__ = .
 *(SORT_BY_ALIGNMENT(.bss*))
 .bss           0x00000000200010b8       0x1c /home/dimitri/bin/SimplicityStudio_v5/developer/toolchains/gnu_arm/10.3_2021.10/bin/../lib/gcc/arm-none-eabi/10.3.1/thumb/v8-m.main+fp/hard/crtbegin.o
 .bss.gpioCallbacks
                0x00000000200010d4      0x200 ./gecko_sdk_4.2.1/platform/emdrv/gpiointerrupt/src/gpiointerrupt.o
 .bss.dpllRefClk.0
                0x00000000200012d4        0x4 ./gecko_sdk_4.2.1/platform/emlib/src/em_emu.o
 .bss.hfxo_last_startup_time
                0x00000000200012d8        0x4 ./gecko_sdk_4.2.1/platform/service/hfxo_manager/src/sl_hfxo_manager.o
 .bss.hfxo_startup_time_sum_average
                0x00000000200012dc        0x4 ./gecko_sdk_4.2.1/platform/service/hfxo_manager/src/sl_hfxo_manager.o
 .bss.hfxo_startup_time_table
                0x00000000200012e0       0x28 ./gecko_sdk_4.2.1/platform/service/hfxo_manager/src/sl_hfxo_manager.o
 .bss.hfxo_startup_time_tc_inital
                0x0000000020001308        0x4 ./gecko_sdk_4.2.1/platform/service/hfxo_manager/src/sl_hfxo_manager.o
 .bss.hfxo_startup_time_tick
                0x000000002000130c        0x4 ./gecko_sdk_4.2.1/platform/service/hfxo_manager/src/sl_hfxo_manager.o
 .bss.clock_wakeup_timer_handle
                0x0000000020001310       0x20 ./gecko_sdk_4.2.1/platform/service/power_manager/src/sl_power_manager.o
 .bss.high_frequency_min_offtime_tick
                0x0000000020001330        0x4 ./gecko_sdk_4.2.1/platform/service/power_manager/src/sl_power_manager.o
                0x0000000020001330                high_frequency_min_offtime_tick
 .bss.power_manager_em_transition_event_list
                0x0000000020001334        0x4 ./gecko_sdk_4.2.1/platform/service/power_manager/src/sl_power_manager.o
 .bss.sleeptimer_frequency
                0x0000000020001338        0x4 ./gecko_sdk_4.2.1/platform/service/power_manager/src/sl_power_manager.o
 .bss.wakeup_time_config_overhead_tick
                0x000000002000133c        0x4 ./gecko_sdk_4.2.1/platform/service/power_manager/src/sl_power_manager.o
                0x000000002000133c                wakeup_time_config_overhead_tick
 .bss.cmu_sys_clock_register
                0x0000000020001340        0x4 ./gecko_sdk_4.2.1/platform/service/power_manager/src/sl_power_manager_hal_s2.o
                0x0000000020001340                cmu_sys_clock_register
 .bss.process_wakeup_overhead_tick
                0x0000000020001344        0x4 ./gecko_sdk_4.2.1/platform/service/power_manager/src/sl_power_manager_hal_s2.o
 .bss.last_delta_update_count
                0x0000000020001348        0x4 ./gecko_sdk_4.2.1/platform/service/sleeptimer/src/sl_sleeptimer.o
 .bss.max_millisecond_conversion
                0x000000002000134c        0x4 ./gecko_sdk_4.2.1/platform/service/sleeptimer/src/sl_sleeptimer.o
 .bss.timer_frequency
                0x0000000020001350        0x4 ./gecko_sdk_4.2.1/platform/service/sleeptimer/src/sl_sleeptimer.o
 .bss.timer_head
                0x0000000020001354        0x4 ./gecko_sdk_4.2.1/platform/service/sleeptimer/src/sl_sleeptimer.o
 .bss.__malloc_free_list
                0x0000000020001358        0x4 /home/dimitri/bin/SimplicityStudio_v5/developer/toolchains/gnu_arm/10.3_2021.10/bin/../lib/gcc/arm-none-eabi/10.3.1/../../../../arm-none-eabi/lib/thumb/v8-m.main+fp/hard/libc_nano.a(lib_a-nano-mallocr.o)
                0x0000000020001358                __malloc_free_list
 .bss.__malloc_sbrk_start
                0x000000002000135c        0x4 /home/dimitri/bin/SimplicityStudio_v5/developer/toolchains/gnu_arm/10.3_2021.10/bin/../lib/gcc/arm-none-eabi/10.3.1/../../../../arm-none-eabi/lib/thumb/v8-m.main+fp/hard/libc_nano.a(lib_a-nano-mallocr.o)
                0x000000002000135c                __malloc_sbrk_start
 .bss.errno     0x0000000020001360        0x4 /home/dimitri/bin/SimplicityStudio_v5/developer/toolchains/gnu_arm/10.3_2021.10/bin/../lib/gcc/arm-none-eabi/10.3.1/../../../../arm-none-eabi/lib/thumb/v8-m.main+fp/hard/libc_nano.a(lib_a-reent.o)
                0x0000000020001360                errno
 .bss.overflow_counter
                0x0000000020001364        0x2 ./gecko_sdk_4.2.1/platform/service/sleeptimer/src/sl_sleeptimer.o
 .bss.ctuneDelta
                0x0000000020001366        0x1 ./gecko_sdk_4.2.1/platform/emlib/src/em_cmu.o
 .bss.vScaleEM01Config
                0x0000000020001367        0x1 ./gecko_sdk_4.2.1/platform/emlib/src/em_emu.o
 .bss.hfxo_measurement_on
                0x0000000020001368        0x1 ./gecko_sdk_4.2.1/platform/service/hfxo_manager/src/sl_hfxo_manager.o
 .bss.hfxo_startup_time_table_index
                0x0000000020001369        0x1 ./gecko_sdk_4.2.1/platform/service/hfxo_manager/src/sl_hfxo_manager.o
 .bss.current_em
                0x000000002000136a        0x1 ./gecko_sdk_4.2.1/platform/service/power_manager/src/sl_power_manager.o
 .bss.is_actively_waiting_for_clock_restore
                0x000000002000136b        0x1 ./gecko_sdk_4.2.1/platform/service/power_manager/src/sl_power_manager.o
 .bss.is_hf_x_oscillator_not_preserved
                0x000000002000136c        0x1 ./gecko_sdk_4.2.1/platform/service/power_manager/src/sl_power_manager.o
 .bss.is_initialized
                0x000000002000136d        0x1 ./gecko_sdk_4.2.1/platform/service/power_manager/src/sl_power_manager.o
 .bss.is_restored_from_hfxo_isr
                0x000000002000136e        0x1 ./gecko_sdk_4.2.1/platform/service/power_manager/src/sl_power_manager.o
 .bss.is_restored_from_hfxo_isr_internal
                0x000000002000136f        0x1 ./gecko_sdk_4.2.1/platform/service/power_manager/src/sl_power_manager.o
 .bss.is_sleeping_waiting_for_clock_restore
                0x0000000020001370        0x1 ./gecko_sdk_4.2.1/platform/service/power_manager/src/sl_power_manager.o
 .bss.is_states_saved
                0x0000000020001371        0x1 ./gecko_sdk_4.2.1/platform/service/power_manager/src/sl_power_manager.o
 .bss.requirement_em_table
                0x0000000020001372        0x2 ./gecko_sdk_4.2.1/platform/service/power_manager/src/sl_power_manager.o
 .bss.requirement_high_accuracy_hf_clock_back_to_zero
                0x0000000020001374        0x1 ./gecko_sdk_4.2.1/platform/service/power_manager/src/sl_power_manager.o
                0x0000000020001374                requirement_high_accuracy_hf_clock_back_to_zero
 .bss.requirement_high_accuracy_hf_clock_counter
                0x0000000020001375        0x1 ./gecko_sdk_4.2.1/platform/service/power_manager/src/sl_power_manager.o
                0x0000000020001375                requirement_high_accuracy_hf_clock_counter
 .bss.requirement_on_em1_added
                0x0000000020001376        0x1 ./gecko_sdk_4.2.1/platform/service/power_manager/src/sl_power_manager.o
 .bss.waiting_clock_restore_from_em
                0x0000000020001377        0x1 ./gecko_sdk_4.2.1/platform/service/power_manager/src/sl_power_manager.o
 .bss.is_entering_deepsleep
                0x0000000020001378        0x1 ./gecko_sdk_4.2.1/platform/service/power_manager/src/sl_power_manager_hal_s2.o
 .bss.is_hf_x_oscillator_already_started
                0x0000000020001379        0x1 ./gecko_sdk_4.2.1/platform/service/power_manager/src/sl_power_manager_hal_s2.o
 .bss.is_hf_x_oscillator_used
                0x000000002000137a        0x1 ./gecko_sdk_4.2.1/platform/service/power_manager/src/sl_power_manager_hal_s2.o
 .bss.is_sleeptimer_initialized
                0x000000002000137b        0x1 ./gecko_sdk_4.2.1/platform/service/sleeptimer/src/sl_sleeptimer.o
 .bss.next_timer_to_expire_is_power_manager
                0x000000002000137c        0x1 ./gecko_sdk_4.2.1/platform/service/sleeptimer/src/sl_sleeptimer.o
 .bss.sleep_on_isr_exit
                0x000000002000137d        0x1 ./gecko_sdk_4.2.1/platform/service/sleeptimer/src/sl_sleeptimer.o
 .bss.__lock___malloc_recursive_mutex
                0x000000002000137e        0x1 /home/dimitri/bin/SimplicityStudio_v5/developer/toolchains/gnu_arm/10.3_2021.10/bin/../lib/gcc/arm-none-eabi/10.3.1/../../../../arm-none-eabi/lib/thumb/v8-m.main+fp/hard/libc_nano.a(lib_a-lock.o)
                0x000000002000137e                __lock___malloc_recursive_mutex
 .bss.__lock___sfp_recursive_mutex
                0x000000002000137f        0x1 /home/dimitri/bin/SimplicityStudio_v5/developer/toolchains/gnu_arm/10.3_2021.10/bin/../lib/gcc/arm-none-eabi/10.3.1/../../../../arm-none-eabi/lib/thumb/v8-m.main+fp/hard/libc_nano.a(lib_a-lock.o)
                0x000000002000137f                __lock___sfp_recursive_mutex
 .bss.__lock___sinit_recursive_mutex
                0x0000000020001380        0x1 /home/dimitri/bin/SimplicityStudio_v5/developer/toolchains/gnu_arm/10.3_2021.10/bin/../lib/gcc/arm-none-eabi/10.3.1/../../../../arm-none-eabi/lib/thumb/v8-m.main+fp/hard/libc_nano.a(lib_a-lock.o)
                0x0000000020001380                __lock___sinit_recursive_mutex
 *(COMMON)
                0x0000000020001384                . = ALIGN (0x4)
 *fill*         0x0000000020001381        0x3 
                0x0000000020001384                __bss_end__ = .

.heap           0x0000000020001388     0x6c78
                0x0000000020001388                __HeapBase = .
                0x0000000020001388                __end__ = .
                0x0000000020001388                end = __end__
                0x0000000020001388                _end = __end__
 *(.heap*)
 .heap          0x0000000020001388      0x800 ./gecko_sdk_4.2.1/platform/common/toolchain/src/sl_memory.o
                0x0000000020008000                . = (ORIGIN (RAM) + LENGTH (RAM))
 *fill*         0x0000000020001b88     0x6478 
                0x0000000020008000                __HeapLimit = .
                0x0000000000006c78                __heap_size = (__HeapLimit - __HeapBase)
                0x0000000020008000                __ram_end__ = 0x20008000
                0x000000000007e000                __main_flash_end__ = 0x7e000

.internal_storage
                0x000000000000448c        0x0
 *(.internal_storage*)

.nvm            0x000000000000448c        0x0
 *(.simee*)
                0x000000000007e000                linker_nvm_end = __main_flash_end__
                0x000000000007e000                linker_nvm_begin = (linker_nvm_end - SIZEOF (.nvm))
                0x0000000000000000                linker_nvm_size = SIZEOF (.nvm)
                0x000000000007e000                linker_storage_end = linker_nvm_begin
                0x000000000007e000                __nvm3Base = linker_nvm_begin
                0x000000000007e000                linker_storage_begin = (linker_storage_end - SIZEOF (.internal_storage))
                0x0000000000000000                linker_storage_size = SIZEOF (.internal_storage)
                0x0000000000000001                ASSERT ((linker_storage_begin >= (__etext + SIZEOF (.data))), FLASH memory overflowed !)
OUTPUT(simple_button_baremetal.axf elf32-littlearm)
LOAD linker stubs

.ARM.attributes
                0x0000000000000000       0x36
 .ARM.attributes
                0x0000000000000000       0x22 /home/dimitri/bin/SimplicityStudio_v5/developer/toolchains/gnu_arm/10.3_2021.10/bin/../lib/gcc/arm-none-eabi/10.3.1/thumb/v8-m.main+fp/hard/crti.o
 .ARM.attributes
                0x0000000000000022       0x38 /home/dimitri/bin/SimplicityStudio_v5/developer/toolchains/gnu_arm/10.3_2021.10/bin/../lib/gcc/arm-none-eabi/10.3.1/thumb/v8-m.main+fp/hard/crtbegin.o
 .ARM.attributes
                0x000000000000005a       0x20 /home/dimitri/bin/SimplicityStudio_v5/developer/toolchains/gnu_arm/10.3_2021.10/bin/../lib/gcc/arm-none-eabi/10.3.1/../../../../arm-none-eabi/lib/thumb/v8-m.main+fp/hard/crt0.o
 .ARM.attributes
                0x000000000000007a       0x3a ./app.o
 .ARM.attributes
                0x00000000000000b4       0x3a ./main.o
 .ARM.attributes
                0x00000000000000ee       0x3a ./simple_button_baremetal.o
 .ARM.attributes
                0x0000000000000128       0x3a ./autogen/sl_board_default_init.o
 .ARM.attributes
                0x0000000000000162       0x3a ./autogen/sl_device_init_clocks.o
 .ARM.attributes
                0x000000000000019c       0x3a ./autogen/sl_event_handler.o
 .ARM.attributes
                0x00000000000001d6       0x3a ./autogen/sl_power_manager_handler.o
 .ARM.attributes
                0x0000000000000210       0x3a ./autogen/sl_simple_button_instances.o
 .ARM.attributes
                0x000000000000024a       0x3a ./autogen/sl_simple_led_instances.o
 .ARM.attributes
                0x0000000000000284       0x3a ./gecko_sdk_4.2.1/hardware/board/src/sl_board_control_gpio.o
 .ARM.attributes
                0x00000000000002be       0x3a ./gecko_sdk_4.2.1/hardware/board/src/sl_board_init.o
 .ARM.attributes
                0x00000000000002f8       0x3a ./gecko_sdk_4.2.1/hardware/driver/mx25_flash_shutdown/src/sl_mx25_flash_shutdown_usart/sl_mx25_flash_shutdown.o
 .ARM.attributes
                0x0000000000000332       0x3a ./gecko_sdk_4.2.1/platform/Device/SiliconLabs/EFM32PG22/Source/startup_efm32pg22.o
 .ARM.attributes
                0x000000000000036c       0x3a ./gecko_sdk_4.2.1/platform/Device/SiliconLabs/EFM32PG22/Source/system_efm32pg22.o
 .ARM.attributes
                0x00000000000003a6       0x3a ./gecko_sdk_4.2.1/platform/common/src/sl_assert.o
 .ARM.attributes
                0x00000000000003e0       0x3a ./gecko_sdk_4.2.1/platform/common/src/sl_slist.o
 .ARM.attributes
                0x000000000000041a       0x3a ./gecko_sdk_4.2.1/platform/common/toolchain/src/sl_memory.o
 .ARM.attributes
                0x0000000000000454       0x3a ./gecko_sdk_4.2.1/platform/driver/button/src/sl_button.o
 .ARM.attributes
                0x000000000000048e       0x3a ./gecko_sdk_4.2.1/platform/driver/button/src/sl_simple_button.o
 .ARM.attributes
                0x00000000000004c8       0x3a ./gecko_sdk_4.2.1/platform/driver/leddrv/src/sl_led.o
 .ARM.attributes
                0x0000000000000502       0x3a ./gecko_sdk_4.2.1/platform/driver/leddrv/src/sl_simple_led.o
 .ARM.attributes
                0x000000000000053c       0x3a ./gecko_sdk_4.2.1/platform/emdrv/gpiointerrupt/src/gpiointerrupt.o
 .ARM.attributes
                0x0000000000000576       0x3a ./gecko_sdk_4.2.1/platform/emlib/src/em_cmu.o
 .ARM.attributes
                0x00000000000005b0       0x3a ./gecko_sdk_4.2.1/platform/emlib/src/em_core.o
 .ARM.attributes
                0x00000000000005ea       0x3a ./gecko_sdk_4.2.1/platform/emlib/src/em_emu.o
 .ARM.attributes
                0x0000000000000624       0x3a ./gecko_sdk_4.2.1/platform/emlib/src/em_gpio.o
 .ARM.attributes
                0x000000000000065e       0x3a ./gecko_sdk_4.2.1/platform/emlib/src/em_rtcc.o
 .ARM.attributes
                0x0000000000000698       0x3a ./gecko_sdk_4.2.1/platform/emlib/src/em_usart.o
 .ARM.attributes
                0x00000000000006d2       0x3a ./gecko_sdk_4.2.1/platform/service/device_init/src/sl_device_init_dcdc_s2.o