Archive member included to satisfy reference by file (symbol)

/home/dimitri/bin/SimplicityStudio_v5/developer/toolchains/gnu_arm/10.3_2021.10/bin/../lib/gcc/arm-none-eabi/10.3.1/thumb/v8-m.main+fp/hard/libgcc.a(_aeabi_ldivmod.o)
                              ./gecko_sdk_4.2.1/platform/emlib/src/em_usart.o (__aeabi_ldivmod)
/home/dimitri/bin/SimplicityStudio_v5/developer/toolchains/gnu_arm/10.3_2021.10/bin/../lib/gcc/arm-none-eabi/10.3.1/thumb/v8-m.main+fp/hard/libgcc.a(_aeabi_uldivmod.o)
                              ./gecko_sdk_4.2.1/platform/emlib/src/em_usart.o (__aeabi_uldivmod)
/home/dimitri/bin/SimplicityStudio_v5/developer/toolchains/gnu_arm/10.3_2021.10/bin/../lib/gcc/arm-none-eabi/10.3.1/thumb/v8-m.main+fp/hard/libgcc.a(_udivmoddi4.o)
                              /home/dimitri/bin/SimplicityStudio_v5/developer/toolchains/gnu_arm/10.3_2021.10/bin/../lib/gcc/arm-none-eabi/10.3.1/thumb/v8-m.main+fp/hard/libgcc.a(_aeabi_ldivmod.o) (__udivmoddi4)
/home/dimitri/bin/SimplicityStudio_v5/developer/toolchains/gnu_arm/10.3_2021.10/bin/../lib/gcc/arm-none-eabi/10.3.1/thumb/v8-m.main+fp/hard/libgcc.a(_dvmd_tls.o)
                              /home/dimitri/bin/SimplicityStudio_v5/developer/toolchains/gnu_arm/10.3_2021.10/bin/../lib/gcc/arm-none-eabi/10.3.1/thumb/v8-m.main+fp/hard/libgcc.a(_aeabi_ldivmod.o) (__aeabi_ldiv0)
/home/dimitri/bin/SimplicityStudio_v5/developer/toolchains/gnu_arm/10.3_2021.10/bin/../lib/gcc/arm-none-eabi/10.3.1/../../../../arm-none-eabi/lib/thumb/v8-m.main+fp/hard/libc_nano.a(lib_a-exit.o)
                              /home/dimitri/bin/SimplicityStudio_v5/developer/toolchains/gnu_arm/10.3_2021.10/bin/../lib/gcc/arm-none-eabi/10.3.1/../../../../arm-none-eabi/lib/thumb/v8-m.main+fp/hard/crt0.o (exit)
/home/dimitri/bin/SimplicityStudio_v5/developer/toolchains/gnu_arm/10.3_2021.10/bin/../lib/gcc/arm-none-eabi/10.3.1/../../../../arm-none-eabi/lib/thumb/v8-m.main+fp/hard/libc_nano.a(lib_a-impure.o)
                              /home/dimitri/bin/SimplicityStudio_v5/developer/toolchains/gnu_arm/10.3_2021.10/bin/../lib/gcc/arm-none-eabi/10.3.1/../../../../arm-none-eabi/lib/thumb/v8-m.main+fp/hard/libc_nano.a(lib_a-exit.o) (_global_impure_ptr)
/home/dimitri/bin/SimplicityStudio_v5/developer/toolchains/gnu_arm/10.3_2021.10/bin/../lib/gcc/arm-none-eabi/10.3.1/../../../../arm-none-eabi/lib/thumb/v8-m.main+fp/hard/libc_nano.a(lib_a-init.o)
                              /home/dimitri/bin/SimplicityStudio_v5/developer/toolchains/gnu_arm/10.3_2021.10/bin/../lib/gcc/arm-none-eabi/10.3.1/../../../../arm-none-eabi/lib/thumb/v8-m.main+fp/hard/crt0.o (__libc_init_array)
/home/dimitri/bin/SimplicityStudio_v5/developer/toolchains/gnu_arm/10.3_2021.10/bin/../lib/gcc/arm-none-eabi/10.3.1/../../../../arm-none-eabi/lib/thumb/v8-m.main+fp/hard/libc_nano.a(lib_a-memset.o)
                              /home/dimitri/bin/SimplicityStudio_v5/developer/toolchains/gnu_arm/10.3_2021.10/bin/../lib/gcc/arm-none-eabi/10.3.1/../../../../arm-none-eabi/lib/thumb/v8-m.main+fp/hard/crt0.o (memset)
/home/dimitri/bin/SimplicityStudio_v5/developer/toolchains/gnu_arm/10.3_2021.10/bin/../lib/gcc/arm-none-eabi/10.3.1/../../../../arm-none-eabi/lib/thumb/v8-m.main+fp/hard/libnosys.a(_exit.o)
                              /home/dimitri/bin/SimplicityStudio_v5/developer/toolchains/gnu_arm/10.3_2021.10/bin/../lib/gcc/arm-none-eabi/10.3.1/../../../../arm-none-eabi/lib/thumb/v8-m.main+fp/hard/libc_nano.a(lib_a-exit.o) (_exit)

Discarded input sections

 .text          0x0000000000000000        0x0 /home/dimitri/bin/SimplicityStudio_v5/developer/toolchains/gnu_arm/10.3_2021.10/bin/../lib/gcc/arm-none-eabi/10.3.1/thumb/v8-m.main+fp/hard/crti.o
 .data          0x0000000000000000        0x0 /home/dimitri/bin/SimplicityStudio_v5/developer/toolchains/gnu_arm/10.3_2021.10/bin/../lib/gcc/arm-none-eabi/10.3.1/thumb/v8-m.main+fp/hard/crti.o
 .bss           0x0000000000000000        0x0 /home/dimitri/bin/SimplicityStudio_v5/developer/toolchains/gnu_arm/10.3_2021.10/bin/../lib/gcc/arm-none-eabi/10.3.1/thumb/v8-m.main+fp/hard/crti.o
 .data          0x0000000000000000        0x4 /home/dimitri/bin/SimplicityStudio_v5/developer/toolchains/gnu_arm/10.3_2021.10/bin/../lib/gcc/arm-none-eabi/10.3.1/thumb/v8-m.main+fp/hard/crtbegin.o
 .rodata        0x0000000000000000       0x24 /home/dimitri/bin/SimplicityStudio_v5/developer/toolchains/gnu_arm/10.3_2021.10/bin/../lib/gcc/arm-none-eabi/10.3.1/thumb/v8-m.main+fp/hard/crtbegin.o
 .data          0x0000000000000000        0x0 /home/dimitri/bin/SimplicityStudio_v5/developer/toolchains/gnu_arm/10.3_2021.10/bin/../lib/gcc/arm-none-eabi/10.3.1/../../../../arm-none-eabi/lib/thumb/v8-m.main+fp/hard/crt0.o
 .bss           0x0000000000000000        0x0 /home/dimitri/bin/SimplicityStudio_v5/developer/toolchains/gnu_arm/10.3_2021.10/bin/../lib/gcc/arm-none-eabi/10.3.1/../../../../arm-none-eabi/lib/thumb/v8-m.main+fp/hard/crt0.o
[...]
Memory Configuration

Name             Origin             Length             Attributes
FLASH            0x0000000000000000 0x000000000007e000 xr
RAM              0x0000000020000000 0x0000000000008000 xrw
*default*        0x0000000000000000 0xffffffffffffffff

Linker script and memory map

LOAD /home/dimitri/bin/SimplicityStudio_v5/developer/toolchains/gnu_arm/10.3_2021.10/bin/../lib/gcc/arm-none-eabi/10.3.1/thumb/v8-m.main+fp/hard/crti.o
LOAD /home/dimitri/bin/SimplicityStudio_v5/developer/toolchains/gnu_arm/10.3_2021.10/bin/../lib/gcc/arm-none-eabi/10.3.1/thumb/v8-m.main+fp/hard/crtbegin.o
LOAD /home/dimitri/bin/SimplicityStudio_v5/developer/toolchains/gnu_arm/10.3_2021.10/bin/../lib/gcc/arm-none-eabi/10.3.1/../../../../arm-none-eabi/lib/thumb/v8-m.main+fp/hard/crt0.o
START GROUP
LOAD ./app.o
LOAD ./main.o
LOAD ./simple_button_baremetal.o
LOAD ./autogen/sl_board_default_init.o
LOAD ./autogen/sl_device_init_clocks.o
LOAD ./autogen/sl_event_handler.o
LOAD ./autogen/sl_power_manager_handler.o
LOAD ./autogen/sl_simple_button_instances.o
LOAD ./autogen/sl_simple_led_instances.o
LOAD ./gecko_sdk_4.2.1/hardware/board/src/sl_board_control_gpio.o
LOAD ./gecko_sdk_4.2.1/hardware/board/src/sl_board_init.o
LOAD ./gecko_sdk_4.2.1/hardware/driver/mx25_flash_shutdown/src/sl_mx25_flash_shutdown_usart/sl_mx25_flash_shutdown.o
LOAD ./gecko_sdk_4.2.1/platform/Device/SiliconLabs/EFM32PG22/Source/startup_efm32pg22.o
LOAD ./gecko_sdk_4.2.1/platform/Device/SiliconLabs/EFM32PG22/Source/system_efm32pg22.o
LOAD ./gecko_sdk_4.2.1/platform/common/src/sl_assert.o
LOAD ./gecko_sdk_4.2.1/platform/common/src/sl_slist.o
LOAD ./gecko_sdk_4.2.1/platform/common/toolchain/src/sl_memory.o
LOAD ./gecko_sdk_4.2.1/platform/driver/button/src/sl_button.o
LOAD ./gecko_sdk_4.2.1/platform/driver/button/src/sl_simple_button.o
LOAD ./gecko_sdk_4.2.1/platform/driver/leddrv/src/sl_led.o
LOAD ./gecko_sdk_4.2.1/platform/driver/leddrv/src/sl_simple_led.o
LOAD ./gecko_sdk_4.2.1/platform/emdrv/gpiointerrupt/src/gpiointerrupt.o
LOAD ./gecko_sdk_4.2.1/platform/emlib/src/em_burtc.o
LOAD ./gecko_sdk_4.2.1/platform/emlib/src/em_cmu.o
LOAD ./gecko_sdk_4.2.1/platform/emlib/src/em_core.o
LOAD ./gecko_sdk_4.2.1/platform/emlib/src/em_emu.o
LOAD ./gecko_sdk_4.2.1/platform/emlib/src/em_gpio.o
LOAD ./gecko_sdk_4.2.1/platform/emlib/src/em_msc.o
LOAD ./gecko_sdk_4.2.1/platform/emlib/src/em_rtcc.o
LOAD ./gecko_sdk_4.2.1/platform/emlib/src/em_system.o
LOAD ./gecko_sdk_4.2.1/platform/emlib/src/em_timer.o
LOAD ./gecko_sdk_4.2.1/platform/emlib/src/em_usart.o
LOAD ./gecko_sdk_4.2.1/platform/service/device_init/src/sl_device_init_dcdc_s2.o
LOAD ./gecko_sdk_4.2.1/platform/service/device_init/src/sl_device_init_emu_s2.o
LOAD ./gecko_sdk_4.2.1/platform/service/device_init/src/sl_device_init_hfxo_s2.o
LOAD ./gecko_sdk_4.2.1/platform/service/device_init/src/sl_device_init_lfxo_s2.o
LOAD ./gecko_sdk_4.2.1/platform/service/device_init/src/sl_device_init_nvic.o
LOAD ./gecko_sdk_4.2.1/platform/service/hfxo_manager/src/sl_hfxo_manager.o
LOAD ./gecko_sdk_4.2.1/platform/service/hfxo_manager/src/sl_hfxo_manager_hal_s2.o
LOAD ./gecko_sdk_4.2.1/platform/service/power_manager/src/sl_power_manager.o
LOAD ./gecko_sdk_4.2.1/platform/service/power_manager/src/sl_power_manager_debug.o
LOAD ./gecko_sdk_4.2.1/platform/service/power_manager/src/sl_power_manager_hal_s2.o
LOAD ./gecko_sdk_4.2.1/platform/service/sleeptimer/src/sl_sleeptimer.o
LOAD ./gecko_sdk_4.2.1/platform/service/sleeptimer/src/sl_sleeptimer_hal_burtc.o
LOAD ./gecko_sdk_4.2.1/platform/service/sleeptimer/src/sl_sleeptimer_hal_rtcc.o
LOAD ./gecko_sdk_4.2.1/platform/service/sleeptimer/src/sl_sleeptimer_hal_timer.o
LOAD ./gecko_sdk_4.2.1/platform/service/system/src/sl_system_init.o
LOAD ./gecko_sdk_4.2.1/platform/service/system/src/sl_system_process_action.o
LOAD ./gecko_sdk_4.2.1/platform/service/udelay/src/sl_udelay.o
LOAD ./gecko_sdk_4.2.1/platform/service/udelay/src/sl_udelay_armv6m_gcc.o
LOAD /home/dimitri/bin/SimplicityStudio_v5/developer/toolchains/gnu_arm/10.3_2021.10/bin/../lib/gcc/arm-none-eabi/10.3.1/thumb/v8-m.main+fp/hard/libgcc.a
LOAD /home/dimitri/bin/SimplicityStudio_v5/developer/toolchains/gnu_arm/10.3_2021.10/bin/../lib/gcc/arm-none-eabi/10.3.1/../../../../arm-none-eabi/lib/thumb/v8-m.main+fp/hard/libc_nano.a
LOAD /home/dimitri/bin/SimplicityStudio_v5/developer/toolchains/gnu_arm/10.3_2021.10/bin/../lib/gcc/arm-none-eabi/10.3.1/../../../../arm-none-eabi/lib/thumb/v8-m.main+fp/hard/libm.a
LOAD /home/dimitri/bin/SimplicityStudio_v5/developer/toolchains/gnu_arm/10.3_2021.10/bin/../lib/gcc/arm-none-eabi/10.3.1/../../../../arm-none-eabi/lib/thumb/v8-m.main+fp/hard/libnosys.a
END GROUP
START GROUP
LOAD /home/dimitri/bin/SimplicityStudio_v5/developer/toolchains/gnu_arm/10.3_2021.10/bin/../lib/gcc/arm-none-eabi/10.3.1/thumb/v8-m.main+fp/hard/libgcc.a
LOAD /home/dimitri/bin/SimplicityStudio_v5/developer/toolchains/gnu_arm/10.3_2021.10/bin/../lib/gcc/arm-none-eabi/10.3.1/../../../../arm-none-eabi/lib/thumb/v8-m.main+fp/hard/libc_nano.a
LOAD /home/dimitri/bin/SimplicityStudio_v5/developer/toolchains/gnu_arm/10.3_2021.10/bin/../lib/gcc/arm-none-eabi/10.3.1/../../../../arm-none-eabi/lib/thumb/v8-m.main+fp/hard/libnosys.a
END GROUP
START GROUP
LOAD /home/dimitri/bin/SimplicityStudio_v5/developer/toolchains/gnu_arm/10.3_2021.10/bin/../lib/gcc/arm-none-eabi/10.3.1/thumb/v8-m.main+fp/hard/libgcc.a
LOAD /home/dimitri/bin/SimplicityStudio_v5/developer/toolchains/gnu_arm/10.3_2021.10/bin/../lib/gcc/arm-none-eabi/10.3.1/../../../../arm-none-eabi/lib/thumb/v8-m.main+fp/hard/libg_nano.a
LOAD /home/dimitri/bin/SimplicityStudio_v5/developer/toolchains/gnu_arm/10.3_2021.10/bin/../lib/gcc/arm-none-eabi/10.3.1/../../../../arm-none-eabi/lib/thumb/v8-m.main+fp/hard/libc_nano.a
END GROUP
START GROUP
LOAD /home/dimitri/bin/SimplicityStudio_v5/developer/toolchains/gnu_arm/10.3_2021.10/bin/../lib/gcc/arm-none-eabi/10.3.1/thumb/v8-m.main+fp/hard/libgcc.a
LOAD /home/dimitri/bin/SimplicityStudio_v5/developer/toolchains/gnu_arm/10.3_2021.10/bin/../lib/gcc/arm-none-eabi/10.3.1/../../../../arm-none-eabi/lib/thumb/v8-m.main+fp/hard/libc_nano.a
END GROUP
LOAD /home/dimitri/bin/SimplicityStudio_v5/developer/toolchains/gnu_arm/10.3_2021.10/bin/../lib/gcc/arm-none-eabi/10.3.1/thumb/v8-m.main+fp/hard/crtend.o
LOAD /home/dimitri/bin/SimplicityStudio_v5/developer/toolchains/gnu_arm/10.3_2021.10/bin/../lib/gcc/arm-none-eabi/10.3.1/thumb/v8-m.main+fp/hard/crtn.o

.text           0x0000000000000000     0x3990
                0x0000000000000000                linker_vectors_begin = .
 *(.vectors)
 .vectors       0x0000000000000000      0x140 ./gecko_sdk_4.2.1/platform/Device/SiliconLabs/EFM32PG22/Source/startup_efm32pg22.o
                0x0000000000000000                __Vectors
                0x0000000000000140                linker_vectors_end = .
                0x0000000000000140                __Vectors_End = .
                0x0000000000000140                __Vectors_Size = (__Vectors_End - __Vectors)
                0x0000000000000140                linker_code_begin = .
 *(SORT_BY_ALIGNMENT(.text*))
 .text          0x0000000000000140        0x8 ./gecko_sdk_4.2.1/platform/service/udelay/src/sl_udelay_armv6m_gcc.o
                0x0000000000000140                sli_delay_loop
 .text          0x0000000000000148       0x40 /home/dimitri/bin/SimplicityStudio_v5/developer/toolchains/gnu_arm/10.3_2021.10/bin/../lib/gcc/arm-none-eabi/10.3.1/thumb/v8-m.main+fp/hard/crtbegin.o
 .text          0x0000000000000188       0x7c /home/dimitri/bin/SimplicityStudio_v5/developer/toolchains/gnu_arm/10.3_2021.10/bin/../lib/gcc/arm-none-eabi/10.3.1/../../../../arm-none-eabi/lib/thumb/v8-m.main+fp/hard/crt0.o
                0x0000000000000188                _stack_init
                0x0000000000000190                _mainCRTStartup
                0x0000000000000190                _start
 .text.sl_button_on_change
                0x0000000000000204       0x28 ./simple_button_baremetal.o
                0x0000000000000204                sl_button_on_change
 .text.sl_device_init_clocks
                0x000000000000022c       0x9c ./autogen/sl_device_init_clocks.o
                0x000000000000022c                sl_device_init_clocks
 .text.sl_platform_init
                0x00000000000002c8       0x68 ./autogen/sl_event_handler.o
                0x00000000000002c8                sl_platform_init
 .text.sl_simple_button_init_instances
                0x0000000000000330        0xc ./autogen/sl_simple_button_instances.o
                0x0000000000000330                sl_simple_button_init_instances
 .text.sl_simple_led_init_instances
                0x000000000000033c        0xc ./autogen/sl_simple_led_instances.o
                0x000000000000033c                sl_simple_led_init_instances
 .text.sl_board_disable_sensor
                0x0000000000000348       0x5c ./gecko_sdk_4.2.1/hardware/board/src/sl_board_control_gpio.o
                0x0000000000000348                sl_board_disable_sensor
 .text.cs_high  0x00000000000003a4        0xc ./gecko_sdk_4.2.1/hardware/driver/mx25_flash_shutdown/src/sl_mx25_flash_shutdown_usart/sl_mx25_flash_shutdown.o
 .text.cs_low   0x00000000000003b0        0xc ./gecko_sdk_4.2.1/hardware/driver/mx25_flash_shutdown/src/sl_mx25_flash_shutdown_usart/sl_mx25_flash_shutdown.o
 .text.sl_mx25_flash_shutdown
                0x00000000000003bc      0x114 ./gecko_sdk_4.2.1/hardware/driver/mx25_flash_shutdown/src/sl_mx25_flash_shutdown_usart/sl_mx25_flash_shutdown.o
                0x00000000000003bc                sl_mx25_flash_shutdown
 .text.Reset_Handler
                0x00000000000004d0       0x60 ./gecko_sdk_4.2.1/platform/Device/SiliconLabs/EFM32PG22/Source/startup_efm32pg22.o
                0x00000000000004d0                Reset_Handler
 .text.SystemInit
                0x0000000000000530       0x64 ./gecko_sdk_4.2.1/platform/Device/SiliconLabs/EFM32PG22/Source/system_efm32pg22.o
                0x0000000000000530                SystemInit
 .text.SystemHFRCODPLLClockGet
                0x0000000000000594        0xc ./gecko_sdk_4.2.1/platform/Device/SiliconLabs/EFM32PG22/Source/system_efm32pg22.o
                0x0000000000000594                SystemHFRCODPLLClockGet
 .text.SystemSYSCLKGet
                0x00000000000005a0       0x34 ./gecko_sdk_4.2.1/platform/Device/SiliconLabs/EFM32PG22/Source/system_efm32pg22.o
                0x00000000000005a0                SystemSYSCLKGet
 .text.SystemHCLKGet
                0x00000000000005d4       0x24 ./gecko_sdk_4.2.1/platform/Device/SiliconLabs/EFM32PG22/Source/system_efm32pg22.o
                0x00000000000005d4                SystemHCLKGet
 .text.SystemMaxCoreClockGet
                0x00000000000005f8        0x8 ./gecko_sdk_4.2.1/platform/Device/SiliconLabs/EFM32PG22/Source/system_efm32pg22.o
                0x00000000000005f8                SystemMaxCoreClockGet
 .text.SystemHFXOClockGet
                0x0000000000000600        0xc ./gecko_sdk_4.2.1/platform/Device/SiliconLabs/EFM32PG22/Source/system_efm32pg22.o
                0x0000000000000600                SystemHFXOClockGet
 .text.SystemHFXOClockSet
                0x000000000000060c       0x20 ./gecko_sdk_4.2.1/platform/Device/SiliconLabs/EFM32PG22/Source/system_efm32pg22.o
                0x000000000000060c                SystemHFXOClockSet
 .text.SystemFSRCOClockGet
                0x000000000000062c        0x8 ./gecko_sdk_4.2.1/platform/Device/SiliconLabs/EFM32PG22/Source/system_efm32pg22.o
                0x000000000000062c                SystemFSRCOClockGet
 .text.SystemLFXOClockGet
                0x0000000000000634        0xc ./gecko_sdk_4.2.1/platform/Device/SiliconLabs/EFM32PG22/Source/system_efm32pg22.o
                0x0000000000000634                SystemLFXOClockGet
 .text.GPIO_PinInGet
                0x0000000000000640       0x54 ./gecko_sdk_4.2.1/platform/driver/button/src/sl_simple_button.o
 .text.sl_simple_button_init
                0x0000000000000694       0x6c ./gecko_sdk_4.2.1/platform/driver/button/src/sl_simple_button.o
                0x0000000000000694                sl_simple_button_init
 .text.GPIO_PinOutClear
                0x0000000000000700       0x54 ./gecko_sdk_4.2.1/platform/driver/leddrv/src/sl_simple_led.o
 .text.GPIO_PinOutSet
                0x0000000000000754       0x54 ./gecko_sdk_4.2.1/platform/driver/leddrv/src/sl_simple_led.o
 .text.sl_simple_led_toggle
                0x00000000000007a8       0x50 ./gecko_sdk_4.2.1/platform/driver/leddrv/src/sl_simple_led.o
                0x00000000000007a8                sl_simple_led_toggle
 .text.sl_simple_led_get_state
                0x00000000000007f8       0x5c ./gecko_sdk_4.2.1/platform/driver/leddrv/src/sl_simple_led.o
                0x00000000000007f8                sl_simple_led_get_state
 .text.GPIOINT_IRQDispatcher
                0x0000000000000854       0x38 ./gecko_sdk_4.2.1/platform/emdrv/gpiointerrupt/src/gpiointerrupt.o
 .text.GPIOINT_Init
                0x000000000000088c       0x30 ./gecko_sdk_4.2.1/platform/emdrv/gpiointerrupt/src/gpiointerrupt.o
                0x000000000000088c                GPIOINT_Init
 .text.GPIOINT_CallbackRegister
                0x00000000000008bc       0x24 ./gecko_sdk_4.2.1/platform/emdrv/gpiointerrupt/src/gpiointerrupt.o
                0x00000000000008bc                GPIOINT_CallbackRegister
 .text.GPIOINT_CallbackRegisterExt
                0x00000000000008e0       0x58 ./gecko_sdk_4.2.1/platform/emdrv/gpiointerrupt/src/gpiointerrupt.o
                0x00000000000008e0                GPIOINT_CallbackRegisterExt
 .text.GPIO_EVEN_IRQHandler
                0x0000000000000938       0x24 ./gecko_sdk_4.2.1/platform/emdrv/gpiointerrupt/src/gpiointerrupt.o
                0x0000000000000938                GPIO_EVEN_IRQHandler
 .text.GPIO_ODD_IRQHandler
                0x000000000000095c       0x24 ./gecko_sdk_4.2.1/platform/emdrv/gpiointerrupt/src/gpiointerrupt.o
                0x000000000000095c                GPIO_ODD_IRQHandler
 .text.EMU_VScaleGet
                0x0000000000000980       0x18 ./gecko_sdk_4.2.1/platform/emlib/src/em_cmu.o
 .text.em01GrpaClkGet
                0x0000000000000998       0x54 ./gecko_sdk_4.2.1/platform/emlib/src/em_cmu.o
 .text.iadcClkGet
                0x00000000000009ec       0x54 ./gecko_sdk_4.2.1/platform/emlib/src/em_cmu.o
 .text.em01GrpbClkGet
                0x0000000000000a40       0x70 ./gecko_sdk_4.2.1/platform/emlib/src/em_cmu.o
 .text.em23GrpaClkGet
                0x0000000000000ab0       0x54 ./gecko_sdk_4.2.1/platform/emlib/src/em_cmu.o
 .text.wdog0ClkGet
                0x0000000000000b04       0x60 ./gecko_sdk_4.2.1/platform/emlib/src/em_cmu.o
 .text.rtccClkGet
                0x0000000000000b64       0x54 ./gecko_sdk_4.2.1/platform/emlib/src/em_cmu.o
 .text.em4GrpaClkGet
                0x0000000000000bb8       0x54 ./gecko_sdk_4.2.1/platform/emlib/src/em_cmu.o
 .text.euart0ClkGet
                0x0000000000000c0c       0x48 ./gecko_sdk_4.2.1/platform/emlib/src/em_cmu.o
 .text.CMU_ClockDivGet
                0x0000000000000c54       0x84 ./gecko_sdk_4.2.1/platform/emlib/src/em_cmu.o
                0x0000000000000c54                CMU_ClockDivGet
 .text.flashWaitStateControl
                0x0000000000000cd8       0x4c ./gecko_sdk_4.2.1/platform/emlib/src/em_cmu.o
 .text.CMU_ClockEnable
                0x0000000000000d24       0x54 ./gecko_sdk_4.2.1/platform/emlib/src/em_cmu.o
                0x0000000000000d24                CMU_ClockEnable
 .text.CMU_ClockFreqGet
                0x0000000000000d78      0x194 ./gecko_sdk_4.2.1/platform/emlib/src/em_cmu.o
                0x0000000000000d78                CMU_ClockFreqGet
 .text.CMU_ClockSelectGet
                0x0000000000000f0c      0x168 ./gecko_sdk_4.2.1/platform/emlib/src/em_cmu.o
                0x0000000000000f0c                CMU_ClockSelectGet
 .text.sli_em_cmu_HFXOSetForceEnable
                0x0000000000001074       0x18 ./gecko_sdk_4.2.1/platform/emlib/src/em_cmu.o
                0x0000000000001074                sli_em_cmu_HFXOSetForceEnable
 .text.CMU_HFXOInit
                0x000000000000108c      0x1e4 ./gecko_sdk_4.2.1/platform/emlib/src/em_cmu.o
                0x000000000000108c                CMU_HFXOInit
 .text.CMU_HFXOCTuneDeltaGet
                0x0000000000001270        0xc ./gecko_sdk_4.2.1/platform/emlib/src/em_cmu.o
                0x0000000000001270                CMU_HFXOCTuneDeltaGet
 .text.CMU_LFXOInit
                0x000000000000127c       0xc4 ./gecko_sdk_4.2.1/platform/emlib/src/em_cmu.o
                0x000000000000127c                CMU_LFXOInit
 .text.CMU_LFXOPrecisionSet
                0x0000000000001340        0xc ./gecko_sdk_4.2.1/platform/emlib/src/em_cmu.o
                0x0000000000001340                CMU_LFXOPrecisionSet
 .text.CMU_ClockDivSet
                0x000000000000134c       0xf4 ./gecko_sdk_4.2.1/platform/emlib/src/em_cmu.o
                0x000000000000134c                CMU_ClockDivSet
 .text.pclkDivOptimize
                0x0000000000001440       0x24 ./gecko_sdk_4.2.1/platform/emlib/src/em_cmu.o
 .text.CORE_NvicIRQDisabled
                0x0000000000001464       0x34 ./gecko_sdk_4.2.1/platform/emlib/src/em_core.o
                0x0000000000001464                CORE_NvicIRQDisabled
 .text.dpllState.part.0
                0x0000000000001498       0x7c ./gecko_sdk_4.2.1/platform/emlib/src/em_emu.o
 .text.dpllState.constprop.0
                0x0000000000001514       0x30 ./gecko_sdk_4.2.1/platform/emlib/src/em_emu.o
 .text.EMU_EM23Init
                0x0000000000001544       0x18 ./gecko_sdk_4.2.1/platform/emlib/src/em_emu.o
                0x0000000000001544                EMU_EM23Init
 .text.EMU_EnterEM2
                0x000000000000155c       0x48 ./gecko_sdk_4.2.1/platform/emlib/src/em_emu.o
                0x000000000000155c                EMU_EnterEM2
 .text.EMU_EnterEM3
                0x00000000000015a4       0x40 ./gecko_sdk_4.2.1/platform/emlib/src/em_emu.o
                0x00000000000015a4                EMU_EnterEM3
 .text.EMU_EM4Init
                0x00000000000015e4       0x14 ./gecko_sdk_4.2.1/platform/emlib/src/em_emu.o
                0x00000000000015e4                EMU_EM4Init
 .text.EMU_VScaleEM01
                0x00000000000015f8       0xb0 ./gecko_sdk_4.2.1/platform/emlib/src/em_emu.o
                0x00000000000015f8                EMU_VScaleEM01
 .text.EMU_VScaleEM01ByClock
                0x00000000000016a8       0x30 ./gecko_sdk_4.2.1/platform/emlib/src/em_emu.o
                0x00000000000016a8                EMU_VScaleEM01ByClock
 .text.EMU_EM01Init
                0x00000000000016d8       0x14 ./gecko_sdk_4.2.1/platform/emlib/src/em_emu.o
                0x00000000000016d8                EMU_EM01Init
 .text.EMU_DCDCModeSet
                0x00000000000016ec       0x78 ./gecko_sdk_4.2.1/platform/emlib/src/em_emu.o
                0x00000000000016ec                EMU_DCDCModeSet
 .text.EMU_DCDCInit
                0x0000000000001764       0x7c ./gecko_sdk_4.2.1/platform/emlib/src/em_emu.o
                0x0000000000001764                EMU_DCDCInit
 .text.BUS_RegBitWrite
                0x00000000000017e0       0x30 ./gecko_sdk_4.2.1/platform/emlib/src/em_gpio.o
 .text.GPIO_PinOutSet
                0x0000000000001810       0x54 ./gecko_sdk_4.2.1/platform/emlib/src/em_gpio.o
 .text.GPIO_PinOutClear
                0x0000000000001864       0x54 ./gecko_sdk_4.2.1/platform/emlib/src/em_gpio.o
 .text.GPIO_ExtIntConfig
                0x00000000000018b8       0xf4 ./gecko_sdk_4.2.1/platform/emlib/src/em_gpio.o
                0x00000000000018b8                GPIO_ExtIntConfig
 .text.GPIO_PinModeSet
                0x00000000000019ac       0xa0 ./gecko_sdk_4.2.1/platform/emlib/src/em_gpio.o
                0x00000000000019ac                GPIO_PinModeSet
 .text.RTCC_ChannelInit
                0x0000000000001a4c       0x48 ./gecko_sdk_4.2.1/platform/emlib/src/em_rtcc.o
                0x0000000000001a4c                RTCC_ChannelInit
 .text.RTCC_Enable
                0x0000000000001a94       0x44 ./gecko_sdk_4.2.1/platform/emlib/src/em_rtcc.o
                0x0000000000001a94                RTCC_Enable
 .text.RTCC_Init
                0x0000000000001ad8       0x5c ./gecko_sdk_4.2.1/platform/emlib/src/em_rtcc.o
                0x0000000000001ad8                RTCC_Init
 .text.USART_BaudrateSyncSet
                0x0000000000001b34       0x48 ./gecko_sdk_4.2.1/platform/emlib/src/em_usart.o
                0x0000000000001b34                USART_BaudrateSyncSet
 .text.USART_Reset
                0x0000000000001b7c       0x78 ./gecko_sdk_4.2.1/platform/emlib/src/em_usart.o
                0x0000000000001b7c                USART_Reset
 .text.USART_InitSync
                0x0000000000001bf4       0xdc ./gecko_sdk_4.2.1/platform/emlib/src/em_usart.o
                0x0000000000001bf4                USART_InitSync
 .text.sl_device_init_dcdc
                0x0000000000001cd0       0x20 ./gecko_sdk_4.2.1/platform/service/device_init/src/sl_device_init_dcdc_s2.o
                0x0000000000001cd0                sl_device_init_dcdc
 .text.sl_device_init_emu
                0x0000000000001cf0       0x24 ./gecko_sdk_4.2.1/platform/service/device_init/src/sl_device_init_emu_s2.o
                0x0000000000001cf0                sl_device_init_emu
 .text.sl_device_init_hfxo
                0x0000000000001d14       0x6c ./gecko_sdk_4.2.1/platform/service/device_init/src/sl_device_init_hfxo_s2.o
                0x0000000000001d14                sl_device_init_hfxo
 .text.sl_device_init_lfxo
                0x0000000000001d80       0x2c ./gecko_sdk_4.2.1/platform/service/device_init/src/sl_device_init_lfxo_s2.o
                0x0000000000001d80                sl_device_init_lfxo
 .text.sl_device_init_nvic
                0x0000000000001dac       0x3c ./gecko_sdk_4.2.1/platform/service/device_init/src/sl_device_init_nvic.o
                0x0000000000001dac                sl_device_init_nvic
 .text.sl_hfxo_manager_init
                0x0000000000001de8       0x58 ./gecko_sdk_4.2.1/platform/service/hfxo_manager/src/sl_hfxo_manager.o
                0x0000000000001de8                sl_hfxo_manager_init
 .text.sli_hfxo_manager_begin_startup_measurement
                0x0000000000001e40       0x1c ./gecko_sdk_4.2.1/platform/service/hfxo_manager/src/sl_hfxo_manager.o
                0x0000000000001e40                sli_hfxo_manager_begin_startup_measurement
 .text.sli_hfxo_manager_end_startup_measurement
                0x0000000000001e5c       0x70 ./gecko_sdk_4.2.1/platform/service/hfxo_manager/src/sl_hfxo_manager.o
                0x0000000000001e5c                sli_hfxo_manager_end_startup_measurement
 .text.sli_hfxo_manager_get_startup_time
                0x0000000000001ecc        0xc ./gecko_sdk_4.2.1/platform/service/hfxo_manager/src/sl_hfxo_manager.o
                0x0000000000001ecc                sli_hfxo_manager_get_startup_time
 .text.sli_hfxo_manager_init_hardware
                0x0000000000001ed8       0x3c ./gecko_sdk_4.2.1/platform/service/hfxo_manager/src/sl_hfxo_manager_hal_s2.o
                0x0000000000001ed8                sli_hfxo_manager_init_hardware
 .text.sli_hfxo_manager_is_hfxo_ready
                0x0000000000001f14       0x18 ./gecko_sdk_4.2.1/platform/service/hfxo_manager/src/sl_hfxo_manager_hal_s2.o
                0x0000000000001f14                sli_hfxo_manager_is_hfxo_ready
 .text.sl_hfxo_manager_irq_handler
                0x0000000000001f2c       0x3c ./gecko_sdk_4.2.1/platform/service/hfxo_manager/src/sl_hfxo_manager_hal_s2.o
                0x0000000000001f2c                sl_hfxo_manager_irq_handler
 .text.get_lowest_em
                0x0000000000001f68       0x14 ./gecko_sdk_4.2.1/platform/service/power_manager/src/sl_power_manager.o
 .text.power_manager_notify_em_transition
                0x0000000000001f7c       0x74 ./gecko_sdk_4.2.1/platform/service/power_manager/src/sl_power_manager.o
 .text.clock_restore
                0x0000000000001ff0       0x58 ./gecko_sdk_4.2.1/platform/service/power_manager/src/sl_power_manager.o
 .text.on_clock_wakeup_timeout
                0x0000000000002048       0x24 ./gecko_sdk_4.2.1/platform/service/power_manager/src/sl_power_manager.o
 .text.update_em1_requirement
                0x000000000000206c       0x60 ./gecko_sdk_4.2.1/platform/service/power_manager/src/sl_power_manager.o
 .text.sl_power_manager_init
                0x00000000000020cc       0x60 ./gecko_sdk_4.2.1/platform/service/power_manager/src/sl_power_manager.o
                0x00000000000020cc                sl_power_manager_init
 .text.sli_power_manager_get_restore_delay
                0x000000000000212c       0x34 ./gecko_sdk_4.2.1/platform/service/power_manager/src/sl_power_manager.o
                0x000000000000212c                sli_power_manager_get_restore_delay
 .text.sli_power_manager_convert_delay_us_to_tick
                0x0000000000002160       0x20 ./gecko_sdk_4.2.1/platform/service/power_manager/src/sl_power_manager.o
                0x0000000000002160                sli_power_manager_convert_delay_us_to_tick
 .text.sl_power_manager_sleep
                0x0000000000002180      0x210 ./gecko_sdk_4.2.1/platform/service/power_manager/src/sl_power_manager.o
                0x0000000000002180                sl_power_manager_sleep
 .text.sl_power_manager_is_latest_wakeup_internal
                0x0000000000002390       0x20 ./gecko_sdk_4.2.1/platform/service/power_manager/src/sl_power_manager.o
                0x0000000000002390                sl_power_manager_is_latest_wakeup_internal
 .text.sli_hfxo_manager_notify_ready_for_power_manager
                0x00000000000023b0       0x3c ./gecko_sdk_4.2.1/platform/service/power_manager/src/sl_power_manager.o
                0x00000000000023b0                sli_hfxo_manager_notify_ready_for_power_manager
 .text.sli_power_manager_em23_voltage_scaling_enable_fast_wakeup
                0x00000000000023ec       0x50 ./gecko_sdk_4.2.1/platform/service/power_manager/src/sl_power_manager_hal_s2.o
                0x00000000000023ec                sli_power_manager_em23_voltage_scaling_enable_fast_wakeup
 .text.sli_power_manager_init_hardware
                0x000000000000243c      0x108 ./gecko_sdk_4.2.1/platform/service/power_manager/src/sl_power_manager_hal_s2.o
                0x000000000000243c                sli_power_manager_init_hardware
 .text.EMU_EM23PresleepHook
                0x0000000000002544       0x28 ./gecko_sdk_4.2.1/platform/service/power_manager/src/sl_power_manager_hal_s2.o
                0x0000000000002544                EMU_EM23PresleepHook
 .text.EMU_EM23PostsleepHook
                0x000000000000256c       0x4c ./gecko_sdk_4.2.1/platform/service/power_manager/src/sl_power_manager_hal_s2.o
                0x000000000000256c                EMU_EM23PostsleepHook
 .text.sli_power_manager_handle_pre_deepsleep_operations
                0x00000000000025b8        0xc ./gecko_sdk_4.2.1/platform/service/power_manager/src/sl_power_manager_hal_s2.o
                0x00000000000025b8                sli_power_manager_handle_pre_deepsleep_operations
 .text.sli_power_manager_restore_high_freq_accuracy_clk
                0x00000000000025c4       0x44 ./gecko_sdk_4.2.1/platform/service/power_manager/src/sl_power_manager_hal_s2.o
                0x00000000000025c4                sli_power_manager_restore_high_freq_accuracy_clk
 .text.sli_power_manager_is_high_freq_accuracy_clk_ready
                0x0000000000002608       0x14 ./gecko_sdk_4.2.1/platform/service/power_manager/src/sl_power_manager_hal_s2.o
                0x0000000000002608                sli_power_manager_is_high_freq_accuracy_clk_ready
 .text.sli_power_manager_restore_states
                0x000000000000261c       0x3c ./gecko_sdk_4.2.1/platform/service/power_manager/src/sl_power_manager_hal_s2.o
                0x000000000000261c                sli_power_manager_restore_states
 .text.sli_power_manager_apply_em
                0x0000000000002658       0x38 ./gecko_sdk_4.2.1/platform/service/power_manager/src/sl_power_manager_hal_s2.o
                0x0000000000002658                sli_power_manager_apply_em
 .text.sli_power_manager_get_wakeup_process_time_overhead
                0x0000000000002690       0x20 ./gecko_sdk_4.2.1/platform/service/power_manager/src/sl_power_manager_hal_s2.o
                0x0000000000002690                sli_power_manager_get_wakeup_process_time_overhead
 .text.update_delta_list
                0x00000000000026b0       0x38 ./gecko_sdk_4.2.1/platform/service/sleeptimer/src/sl_sleeptimer.o
 .text.delta_list_insert_timer
                0x00000000000026e8       0x5c ./gecko_sdk_4.2.1/platform/service/sleeptimer/src/sl_sleeptimer.o
 .text.set_comparator_for_next_timer
                0x0000000000002744       0x5c ./gecko_sdk_4.2.1/platform/service/sleeptimer/src/sl_sleeptimer.o
 .text.create_timer
                0x00000000000027a0       0x68 ./gecko_sdk_4.2.1/platform/service/sleeptimer/src/sl_sleeptimer.o
 .text.delta_list_remove_timer
                0x0000000000002808       0x38 ./gecko_sdk_4.2.1/platform/service/sleeptimer/src/sl_sleeptimer.o
 .text.sl_sleeptimer_init
                0x0000000000002840       0x74 ./gecko_sdk_4.2.1/platform/service/sleeptimer/src/sl_sleeptimer.o
                0x0000000000002840                sl_sleeptimer_init
 .text.sl_sleeptimer_stop_timer
                0x00000000000028b4       0x50 ./gecko_sdk_4.2.1/platform/service/sleeptimer/src/sl_sleeptimer.o
                0x00000000000028b4                sl_sleeptimer_stop_timer
 .text.sl_sleeptimer_get_remaining_time_of_first_timer
                0x0000000000002904       0x64 ./gecko_sdk_4.2.1/platform/service/sleeptimer/src/sl_sleeptimer.o
                0x0000000000002904                sl_sleeptimer_get_remaining_time_of_first_timer
 .text.sli_sleeptimer_is_power_manager_timer_next_to_expire
                0x0000000000002968        0xc ./gecko_sdk_4.2.1/platform/service/sleeptimer/src/sl_sleeptimer.o
                0x0000000000002968                sli_sleeptimer_is_power_manager_timer_next_to_expire
 .text.sl_sleeptimer_get_timer_frequency
                0x0000000000002974        0xc ./gecko_sdk_4.2.1/platform/service/sleeptimer/src/sl_sleeptimer.o
                0x0000000000002974                sl_sleeptimer_get_timer_frequency
 .text.process_timer_irq
                0x0000000000002980      0x158 ./gecko_sdk_4.2.1/platform/service/sleeptimer/src/sl_sleeptimer.o
                0x0000000000002980                process_timer_irq
 .text.sl_sleeptimer_is_power_manager_early_restore_timer_latest_to_expire
                0x0000000000002ad8       0x18 ./gecko_sdk_4.2.1/platform/service/sleeptimer/src/sl_sleeptimer.o
                0x0000000000002ad8                sl_sleeptimer_is_power_manager_early_restore_timer_latest_to_expire
 .text.sleeptimer_hal_init_timer
                0x0000000000002af0       0x88 ./gecko_sdk_4.2.1/platform/service/sleeptimer/src/sl_sleeptimer_hal_rtcc.o
                0x0000000000002af0                sleeptimer_hal_init_timer
 .text.sleeptimer_hal_set_compare
                0x0000000000002b78       0x64 ./gecko_sdk_4.2.1/platform/service/sleeptimer/src/sl_sleeptimer_hal_rtcc.o
                0x0000000000002b78                sleeptimer_hal_set_compare
 .text.sleeptimer_hal_disable_int
                0x0000000000002bdc       0x30 ./gecko_sdk_4.2.1/platform/service/sleeptimer/src/sl_sleeptimer_hal_rtcc.o
                0x0000000000002bdc                sleeptimer_hal_disable_int
 .text.sleeptimer_hal_set_int
                0x0000000000002c0c       0x10 ./gecko_sdk_4.2.1/platform/service/sleeptimer/src/sl_sleeptimer_hal_rtcc.o
                0x0000000000002c0c                sleeptimer_hal_set_int
 .text.RTCC_IRQHandler
                0x0000000000002c1c       0x34 ./gecko_sdk_4.2.1/platform/service/sleeptimer/src/sl_sleeptimer_hal_rtcc.o
                0x0000000000002c1c                RTCC_IRQHandler
 .text.sl_udelay_wait
                0x0000000000002c50       0x58 ./gecko_sdk_4.2.1/platform/service/udelay/src/sl_udelay.o
                0x0000000000002c50                sl_udelay_wait
 .text          0x0000000000002ca8       0x30 /home/dimitri/bin/SimplicityStudio_v5/developer/toolchains/gnu_arm/10.3_2021.10/bin/../lib/gcc/arm-none-eabi/10.3.1/thumb/v8-m.main+fp/hard/libgcc.a(_aeabi_uldivmod.o)
                0x0000000000002ca8                __aeabi_uldivmod
 .text          0x0000000000002cd8      0x2ec /home/dimitri/bin/SimplicityStudio_v5/developer/toolchains/gnu_arm/10.3_2021.10/bin/../lib/gcc/arm-none-eabi/10.3.1/thumb/v8-m.main+fp/hard/libgcc.a(_udivmoddi4.o)
                0x0000000000002cd8                __udivmoddi4
 .text          0x0000000000002fc4        0x4 /home/dimitri/bin/SimplicityStudio_v5/developer/toolchains/gnu_arm/10.3_2021.10/bin/../lib/gcc/arm-none-eabi/10.3.1/thumb/v8-m.main+fp/hard/libgcc.a(_dvmd_tls.o)
                0x0000000000002fc4                __aeabi_ldiv0
                0x0000000000002fc4                __aeabi_idiv0
 .text.exit     0x0000000000002fc8       0x28 /home/dimitri/bin/SimplicityStudio_v5/developer/toolchains/gnu_arm/10.3_2021.10/bin/../lib/gcc/arm-none-eabi/10.3.1/../../../../arm-none-eabi/lib/thumb/v8-m.main+fp/hard/libc_nano.a(lib_a-exit.o)
                0x0000000000002fc8                exit
 .text.__libc_init_array
                0x0000000000002ff0       0x48 /home/dimitri/bin/SimplicityStudio_v5/developer/toolchains/gnu_arm/10.3_2021.10/bin/../lib/gcc/arm-none-eabi/10.3.1/../../../../arm-none-eabi/lib/thumb/v8-m.main+fp/hard/libc_nano.a(lib_a-init.o)
                0x0000000000002ff0                __libc_init_array
 .text._exit    0x0000000000003038        0x4 /home/dimitri/bin/SimplicityStudio_v5/developer/toolchains/gnu_arm/10.3_2021.10/bin/../lib/gcc/arm-none-eabi/10.3.1/../../../../arm-none-eabi/lib/thumb/v8-m.main+fp/hard/libnosys.a(_exit.o)
                0x0000000000003038                _exit
 .text.app_init
                0x000000000000303c        0x4 ./app.o
                0x000000000000303c                app_init
 .text.app_process_action
                0x0000000000003040        0x4 ./app.o
                0x0000000000003040                app_process_action
 .text.startup.main
                0x0000000000003044       0x18 ./main.o
                0x0000000000003044                main
 .text.simple_button_init
                0x000000000000305c        0x2 ./simple_button_baremetal.o
                0x000000000000305c                simple_button_init
 .text.simple_button_process_action
                0x000000000000305e        0x2 ./simple_button_baremetal.o
                0x000000000000305e                simple_button_process_action
 .text.sl_board_default_init
                0x0000000000003060       0x18 ./autogen/sl_board_default_init.o
                0x0000000000003060                sl_board_default_init
 .text.sl_driver_init
                0x0000000000003078       0x12 ./autogen/sl_event_handler.o
                0x0000000000003078                sl_driver_init
 .text.sl_service_init
                0x000000000000308a       0x12 ./autogen/sl_event_handler.o
                0x000000000000308a                sl_service_init
 .text.sl_stack_init
                0x000000000000309c        0x2 ./autogen/sl_event_handler.o
                0x000000000000309c                sl_stack_init
 .text.sl_internal_app_init
                0x000000000000309e        0x2 ./autogen/sl_event_handler.o
                0x000000000000309e                sl_internal_app_init
 .text.sl_platform_process_action
                0x00000000000030a0        0x2 ./autogen/sl_event_handler.o
                0x00000000000030a0                sl_platform_process_action
 .text.sl_service_process_action
                0x00000000000030a2        0x2 ./autogen/sl_event_handler.o
                0x00000000000030a2                sl_service_process_action
 .text.sl_stack_process_action
                0x00000000000030a4        0x2 ./autogen/sl_event_handler.o
                0x00000000000030a4                sl_stack_process_action
 .text.sl_internal_app_process_action
                0x00000000000030a6        0x2 ./autogen/sl_event_handler.o
                0x00000000000030a6                sl_internal_app_process_action
 .text.app_is_ok_to_sleep
                0x00000000000030a8        0x4 ./autogen/sl_power_manager_handler.o
                0x00000000000030a8                app_is_ok_to_sleep
 .text.app_sleep_on_isr_exit
                0x00000000000030ac        0x4 ./autogen/sl_power_manager_handler.o
                0x00000000000030ac                app_sleep_on_isr_exit
 .text.sl_power_manager_is_ok_to_sleep
                0x00000000000030b0        0x8 ./autogen/sl_power_manager_handler.o
                0x00000000000030b0                sl_power_manager_is_ok_to_sleep
 .text.sl_power_manager_sleep_on_isr_exit
                0x00000000000030b8       0x1e ./autogen/sl_power_manager_handler.o
                0x00000000000030b8                sl_power_manager_sleep_on_isr_exit
 .text.sl_board_configure_vcom
                0x00000000000030d6        0x4 ./gecko_sdk_4.2.1/hardware/board/src/sl_board_control_gpio.o
                0x00000000000030d6                sl_board_configure_vcom
 .text.sl_board_init
                0x00000000000030da       0x16 ./gecko_sdk_4.2.1/hardware/board/src/sl_board_init.o
                0x00000000000030da                sl_board_init
 .text.sl_board_preinit
                0x00000000000030f0        0x8 ./gecko_sdk_4.2.1/hardware/board/src/sl_board_init.o
                0x00000000000030f0                sl_board_preinit
 .text.Default_Handler
                0x00000000000030f8        0x2 ./gecko_sdk_4.2.1/platform/Device/SiliconLabs/EFM32PG22/Source/startup_efm32pg22.o
                0x00000000000030f8                ULFRCO_IRQHandler
                0x00000000000030f8                SW2_IRQHandler
                0x00000000000030f8                TIMER2_IRQHandler
                0x00000000000030f8                DebugMon_Handler
                0x00000000000030f8                PKE_IRQHandler
                0x00000000000030f8                USART0_TX_IRQHandler
                0x00000000000030f8                IADC_IRQHandler
                0x00000000000030f8                I2C0_IRQHandler
                0x00000000000030f8                LFXO_IRQHandler
                0x00000000000030f8                CRYPTOACC_IRQHandler
                0x00000000000030f8                HardFault_Handler
                0x00000000000030f8                SMU_SECURE_IRQHandler
                0x00000000000030f8                SysTick_Handler
                0x00000000000030f8                USART1_RX_IRQHandler
                0x00000000000030f8                EMUEFP_IRQHandler
                0x00000000000030f8                PendSV_Handler
                0x00000000000030f8                NMI_Handler
                0x00000000000030f8                I2C1_IRQHandler
                0x00000000000030f8                PDM_IRQHandler
                0x00000000000030f8                WDOG0_IRQHandler
                0x00000000000030f8                TIMER3_IRQHandler
                0x00000000000030f8                SYSCFG_IRQHandler
                0x00000000000030f8                EMUSE_IRQHandler
                0x00000000000030f8                EMUDG_IRQHandler
                0x00000000000030f8                USART1_TX_IRQHandler
                0x00000000000030f8                MSC_IRQHandler
                0x00000000000030f8                DPLL0_IRQHandler
                0x00000000000030f8                UsageFault_Handler
                0x00000000000030f8                M33CTI1_IRQHandler
                0x00000000000030f8                TIMER4_IRQHandler
                0x00000000000030f8                LDMA_IRQHandler
                0x00000000000030f8                SW0_IRQHandler
                0x00000000000030f8                TIMER0_IRQHandler
                0x00000000000030f8                LETIMER0_IRQHandler
                0x00000000000030f8                TIMER1_IRQHandler
                0x00000000000030f8                HFRCO0_IRQHandler
                0x00000000000030f8                SecureFault_Handler
                0x00000000000030f8                DCDC_IRQHandler
                0x00000000000030f8                Default_Handler
                0x00000000000030f8                EMU_IRQHandler
                0x00000000000030f8                SW3_IRQHandler
                0x00000000000030f8                KERNEL0_IRQHandler
                0x00000000000030f8                KERNEL1_IRQHandler
                0x00000000000030f8                sl_app_properties
                0x00000000000030f8                BURTC_IRQHandler
                0x00000000000030f8                LFRCO_IRQHandler
                0x00000000000030f8                USART0_RX_IRQHandler
                0x00000000000030f8                MemManage_Handler
                0x00000000000030f8                SVC_Handler
                0x00000000000030f8                SMU_S_PRIVILEGED_IRQHandler
                0x00000000000030f8                SW1_IRQHandler
                0x00000000000030f8                CMU_IRQHandler
                0x00000000000030f8                EUART0_TX_IRQHandler
                0x00000000000030f8                EUART0_RX_IRQHandler
                0x00000000000030f8                M33CTI0_IRQHandler
                0x00000000000030f8                ICACHE0_IRQHandler
                0x00000000000030f8                SMU_NS_PRIVILEGED_IRQHandler
                0x00000000000030f8                BusFault_Handler
                0x00000000000030f8                TRNG_IRQHandler
 .text.SystemCLKIN0Get
                0x00000000000030fa        0x4 ./gecko_sdk_4.2.1/platform/Device/SiliconLabs/EFM32PG22/Source/system_efm32pg22.o
                0x00000000000030fa                SystemCLKIN0Get
 .text.SystemLFRCOClockGet
                0x00000000000030fe        0x6 ./gecko_sdk_4.2.1/platform/Device/SiliconLabs/EFM32PG22/Source/system_efm32pg22.o
                0x00000000000030fe                SystemLFRCOClockGet
 .text.SystemULFRCOClockGet
                0x0000000000003104        0x6 ./gecko_sdk_4.2.1/platform/Device/SiliconLabs/EFM32PG22/Source/system_efm32pg22.o
                0x0000000000003104                SystemULFRCOClockGet
 .text.assertEFM
                0x000000000000310a        0x2 ./gecko_sdk_4.2.1/platform/common/src/sl_assert.o
                0x000000000000310a                assertEFM
 .text.sl_slist_init
                0x000000000000310c        0x6 ./gecko_sdk_4.2.1/platform/common/src/sl_slist.o
                0x000000000000310c                sl_slist_init
 .text.sl_button_init
                0x0000000000003112        0xa ./gecko_sdk_4.2.1/platform/driver/button/src/sl_button.o
                0x0000000000003112                sl_button_init
 .text.sl_button_get_state
                0x000000000000311c        0xa ./gecko_sdk_4.2.1/platform/driver/button/src/sl_button.o
                0x000000000000311c                sl_button_get_state
 .text.sli_simple_button_on_change
                0x0000000000003126       0x28 ./gecko_sdk_4.2.1/platform/driver/button/src/sl_simple_button.o
 .text.sl_simple_button_get_state
                0x000000000000314e        0x6 ./gecko_sdk_4.2.1/platform/driver/button/src/sl_simple_button.o
                0x000000000000314e                sl_simple_button_get_state
 .text.sl_simple_button_poll_step
                0x0000000000003154       0x52 ./gecko_sdk_4.2.1/platform/driver/button/src/sl_simple_button.o
                0x0000000000003154                sl_simple_button_poll_step
 .text.sl_simple_button_enable
                0x00000000000031a6       0x12 ./gecko_sdk_4.2.1/platform/driver/button/src/sl_simple_button.o
                0x00000000000031a6                sl_simple_button_enable
 .text.sl_simple_button_disable
                0x00000000000031b8       0x30 ./gecko_sdk_4.2.1/platform/driver/button/src/sl_simple_button.o
                0x00000000000031b8                sl_simple_button_disable
 .text.sl_led_init
                0x00000000000031e8        0x6 ./gecko_sdk_4.2.1/platform/driver/leddrv/src/sl_led.o
                0x00000000000031e8                sl_led_init
 .text.sl_led_toggle
                0x00000000000031ee        0x6 ./gecko_sdk_4.2.1/platform/driver/leddrv/src/sl_led.o
                0x00000000000031ee                sl_led_toggle
 .text.sl_simple_led_init
                0x00000000000031f4       0x22 ./gecko_sdk_4.2.1/platform/driver/leddrv/src/sl_simple_led.o
                0x00000000000031f4                sl_simple_led_init
 .text.sl_simple_led_turn_on
                0x0000000000003216       0x12 ./gecko_sdk_4.2.1/platform/driver/leddrv/src/sl_simple_led.o
                0x0000000000003216                sl_simple_led_turn_on
 .text.sl_simple_led_turn_off
                0x0000000000003228       0x12 ./gecko_sdk_4.2.1/platform/driver/leddrv/src/sl_simple_led.o
                0x0000000000003228                sl_simple_led_turn_off
 .text.waitStateMax
                0x000000000000323a       0x10 ./gecko_sdk_4.2.1/platform/emlib/src/em_cmu.o
 .text.CMU_UpdateWaitStates
                0x000000000000324a        0xc ./gecko_sdk_4.2.1/platform/emlib/src/em_cmu.o
                0x000000000000324a                CMU_UpdateWaitStates
 .text.pclkDivMax
                0x0000000000003256        0xa ./gecko_sdk_4.2.1/platform/emlib/src/em_cmu.o
 .text.sli_em_cmu_SYSCLKInitPreClockSelect
                0x0000000000003260       0x16 ./gecko_sdk_4.2.1/platform/emlib/src/em_cmu.o
                0x0000000000003260                sli_em_cmu_SYSCLKInitPreClockSelect
 .text.sli_em_cmu_SYSCLKInitPostClockSelect
                0x0000000000003276       0x26 ./gecko_sdk_4.2.1/platform/emlib/src/em_cmu.o
                0x0000000000003276                sli_em_cmu_SYSCLKInitPostClockSelect
 .text.CORE_EnterCritical
                0x000000000000329c        0x8 ./gecko_sdk_4.2.1/platform/emlib/src/em_core.o
                0x000000000000329c                CORE_EnterCritical
 .text.CORE_ExitCritical
                0x00000000000032a4        0x6 ./gecko_sdk_4.2.1/platform/emlib/src/em_core.o
                0x00000000000032a4                CORE_ExitCritical
 .text.CORE_EnterAtomic
                0x00000000000032aa        0xc ./gecko_sdk_4.2.1/platform/emlib/src/em_core.o
                0x00000000000032aa                CORE_EnterAtomic
 .text.CORE_ExitAtomic
                0x00000000000032b6        0x6 ./gecko_sdk_4.2.1/platform/emlib/src/em_core.o
                0x00000000000032b6                CORE_ExitAtomic
 .text.EMU_EFPEM23PresleepHook
                0x00000000000032bc        0x2 ./gecko_sdk_4.2.1/platform/emlib/src/em_emu.o
                0x00000000000032bc                EMU_EFPEM23PresleepHook
 .text.EMU_EFPEM23PostsleepHook
                0x00000000000032be        0x2 ./gecko_sdk_4.2.1/platform/emlib/src/em_emu.o
                0x00000000000032be                EMU_EFPEM23PostsleepHook
 .text.EMU_Save
                0x00000000000032c0        0x4 ./gecko_sdk_4.2.1/platform/emlib/src/em_emu.o
                0x00000000000032c0                EMU_Save
 .text.EMU_Restore
                0x00000000000032c4        0x4 ./gecko_sdk_4.2.1/platform/emlib/src/em_emu.o
                0x00000000000032c4                EMU_Restore
 .text.EMU_EFPEM01VScale
                0x00000000000032c8        0x2 ./gecko_sdk_4.2.1/platform/emlib/src/em_emu.o
                0x00000000000032c8                EMU_EFPEM01VScale
 .text.EMU_DCDCUpdatedHook
                0x00000000000032ca        0x2 ./gecko_sdk_4.2.1/platform/emlib/src/em_emu.o
                0x00000000000032ca                EMU_DCDCUpdatedHook
 .text.BUS_RegMaskedWrite
                0x00000000000032cc       0x22 ./gecko_sdk_4.2.1/platform/emlib/src/em_gpio.o
 .text.RTCC_SyncWait
                0x00000000000032ee       0x10 ./gecko_sdk_4.2.1/platform/emlib/src/em_rtcc.o
 .text.USART_SpiTransfer
                0x00000000000032fe       0x14 ./gecko_sdk_4.2.1/platform/emlib/src/em_usart.o
                0x00000000000032fe                USART_SpiTransfer
 .text.sl_hfxo_manager_init_hardware
                0x0000000000003312        0x4 ./gecko_sdk_4.2.1/platform/service/hfxo_manager/src/sl_hfxo_manager.o
                0x0000000000003312                sl_hfxo_manager_init_hardware
 .text.HFXO0_IRQHandler
                0x0000000000003316        0x4 ./gecko_sdk_4.2.1/platform/service/hfxo_manager/src/sl_hfxo_manager_hal_s2.o
                0x0000000000003316                HFXO0_IRQHandler
 .text.sli_power_manager_initiate_restore
                0x000000000000331a       0x18 ./gecko_sdk_4.2.1/platform/service/power_manager/src/sl_power_manager.o
                0x000000000000331a                sli_power_manager_initiate_restore
 .text.sli_power_manager_save_states
                0x0000000000003332        0x4 ./gecko_sdk_4.2.1/platform/service/power_manager/src/sl_power_manager_hal_s2.o
                0x0000000000003332                sli_power_manager_save_states
 .text.sli_power_manager_get_default_high_frequency_minimum_offtime
                0x0000000000003336        0x8 ./gecko_sdk_4.2.1/platform/service/power_manager/src/sl_power_manager_hal_s2.o
                0x0000000000003336                sli_power_manager_get_default_high_frequency_minimum_offtime
 .text.sl_sleeptimer_restart_timer
                0x000000000000333e       0x38 ./gecko_sdk_4.2.1/platform/service/sleeptimer/src/sl_sleeptimer.o
                0x000000000000333e                sl_sleeptimer_restart_timer
 .text.sl_sleeptimer_get_tick_count
                0x0000000000003376       0x18 ./gecko_sdk_4.2.1/platform/service/sleeptimer/src/sl_sleeptimer.o
                0x0000000000003376                sl_sleeptimer_get_tick_count
 .text.CMU_PrescToLog2.constprop.0
                0x000000000000338e        0x4 ./gecko_sdk_4.2.1/platform/service/sleeptimer/src/sl_sleeptimer_hal_rtcc.o
 .text.sleeptimer_hal_get_counter
                0x0000000000003392        0xe ./gecko_sdk_4.2.1/platform/service/sleeptimer/src/sl_sleeptimer_hal_rtcc.o
                0x0000000000003392                sleeptimer_hal_get_counter
 .text.sleeptimer_hal_enable_int
                0x00000000000033a0       0x18 ./gecko_sdk_4.2.1/platform/service/sleeptimer/src/sl_sleeptimer_hal_rtcc.o
                0x00000000000033a0                sleeptimer_hal_enable_int
 .text.sli_sleeptimer_hal_is_int_status_set
                0x00000000000033b8       0x1e ./gecko_sdk_4.2.1/platform/service/sleeptimer/src/sl_sleeptimer_hal_rtcc.o
                0x00000000000033b8                sli_sleeptimer_hal_is_int_status_set
 .text.sleeptimer_hal_get_timer_frequency
                0x00000000000033d6       0x14 ./gecko_sdk_4.2.1/platform/service/sleeptimer/src/sl_sleeptimer_hal_rtcc.o
                0x00000000000033d6                sleeptimer_hal_get_timer_frequency
 .text.sl_system_init
                0x00000000000033ea       0x1a ./gecko_sdk_4.2.1/platform/service/system/src/sl_system_init.o
                0x00000000000033ea                sl_system_init
 .text.sl_system_process_action
                0x0000000000003404       0x16 ./gecko_sdk_4.2.1/platform/service/system/src/sl_system_process_action.o
                0x0000000000003404                sl_system_process_action
 .text.memset   0x000000000000341a       0x10 /home/dimitri/bin/SimplicityStudio_v5/developer/toolchains/gnu_arm/10.3_2021.10/bin/../lib/gcc/arm-none-eabi/10.3.1/../../../../arm-none-eabi/lib/thumb/v8-m.main+fp/hard/libc_nano.a(lib_a-memset.o)
                0x000000000000341a                memset
                0x000000000000342a                linker_code_end = .
 *(.init)
 *fill*         0x000000000000342a        0x2 
 .init          0x000000000000342c        0x4 /home/dimitri/bin/SimplicityStudio_v5/developer/toolchains/gnu_arm/10.3_2021.10/bin/../lib/gcc/arm-none-eabi/10.3.1/thumb/v8-m.main+fp/hard/crti.o
                0x000000000000342c                _init
 .init          0x0000000000003430        0x8 /home/dimitri/bin/SimplicityStudio_v5/developer/toolchains/gnu_arm/10.3_2021.10/bin/../lib/gcc/arm-none-eabi/10.3.1/thumb/v8-m.main+fp/hard/crtn.o
 *(.fini)
 .fini          0x0000000000003438        0x4 /home/dimitri/bin/SimplicityStudio_v5/developer/toolchains/gnu_arm/10.3_2021.10/bin/../lib/gcc/arm-none-eabi/10.3.1/thumb/v8-m.main+fp/hard/crti.o
                0x0000000000003438                _fini
 .fini          0x000000000000343c        0x8 /home/dimitri/bin/SimplicityStudio_v5/developer/toolchains/gnu_arm/10.3_2021.10/bin/../lib/gcc/arm-none-eabi/10.3.1/thumb/v8-m.main+fp/hard/crtn.o
 *fill*         0x0000000000003444        0x4 
 .fini.__stub   0x0000000000003448       0x10 linker stubs
 *crtbegin.o(.ctors)
 *crtbegin?.o(.ctors)
 *(EXCLUDE_FILE(*crtend.o *crtend?.o) .ctors)
 *(SORT_BY_NAME(.ctors.*))
 *(.ctors)
 *crtbegin.o(.dtors)
 *crtbegin?.o(.dtors)
 *(EXCLUDE_FILE(*crtend.o *crtend?.o) .dtors)
 *(SORT_BY_NAME(.dtors.*))
 *(.dtors)
 *(.rodata*)
 .rodata.sl_button_btn0
                0x0000000000003458       0x18 ./autogen/sl_simple_button_instances.o
                0x0000000000003458                sl_button_btn0
 .rodata.sl_led_led0
                0x0000000000003470       0x18 ./autogen/sl_simple_led_instances.o
                0x0000000000003470                sl_led_led0
 .rodata.sl_board_enable_sensor.str1.1
                0x0000000000003488       0x59 ./gecko_sdk_4.2.1/hardware/board/src/sl_board_control_gpio.o
 *fill*         0x00000000000034e1        0x3 
 .rodata        0x00000000000034e4       0x1c ./gecko_sdk_4.2.1/hardware/driver/mx25_flash_shutdown/src/sl_mx25_flash_shutdown_usart/sl_mx25_flash_shutdown.o
 .rodata.GPIO_PinInGet.str1.1
                0x0000000000003500       0x4c ./gecko_sdk_4.2.1/platform/driver/button/src/sl_simple_button.o
 .rodata.sl_simple_button_init.str1.1
                0x000000000000354c       0x5c ./gecko_sdk_4.2.1/platform/driver/button/src/sl_simple_button.o
 .rodata.GPIO_PinOutClear.str1.1
                0x00000000000035a8       0x4c ./gecko_sdk_4.2.1/platform/driver/leddrv/src/sl_simple_led.o
 .rodata.HFRCODPLLDevinfoGet.str1.1
                0x00000000000035a8       0x4a ./gecko_sdk_4.2.1/platform/emlib/src/em_cmu.o
 .rodata.CORE_NvicMaskSetIRQ.str1.1
                0x00000000000035f2       0x4b ./gecko_sdk_4.2.1/platform/emlib/src/em_core.o
 .rodata.EMU_VScaleEM01.str1.1
                0x000000000000363d       0x4a ./gecko_sdk_4.2.1/platform/emlib/src/em_emu.o
 .rodata.BUS_RegBitWrite.str1.1
                0x0000000000003687       0x4b ./gecko_sdk_4.2.1/platform/emlib/src/em_gpio.o
 .rodata.GPIO_PinOutSet.str1.1
                0x00000000000036d2       0x4c ./gecko_sdk_4.2.1/platform/emlib/src/em_gpio.o
 .rodata.GPIO_ExtIntConfig.str1.1
                0x00000000000036d2       0x4b ./gecko_sdk_4.2.1/platform/emlib/src/em_gpio.o
 .rodata.RTCC_ChannelInit.str1.1
                0x000000000000371d       0x4b ./gecko_sdk_4.2.1/platform/emlib/src/em_rtcc.o
 .rodata.USART_BaudrateAsyncSet.str1.1
                0x0000000000003768       0x4c ./gecko_sdk_4.2.1/platform/emlib/src/em_usart.o
 .rodata        0x00000000000037b4        0x8 ./gecko_sdk_4.2.1/platform/service/device_init/src/sl_device_init_dcdc_s2.o
 .rodata        0x00000000000037bc       0x28 ./gecko_sdk_4.2.1/platform/service/device_init/src/sl_device_init_hfxo_s2.o
 .rodata        0x00000000000037e4       0x14 ./gecko_sdk_4.2.1/platform/service/device_init/src/sl_device_init_lfxo_s2.o
 .rodata.power_manager_notify_em_transition.str1.1
                0x00000000000037f8       0x64 ./gecko_sdk_4.2.1/platform/service/power_manager/src/sl_power_manager.o
 .rodata.CSWTCH.63
                0x000000000000385c        0x4 ./gecko_sdk_4.2.1/platform/service/power_manager/src/sl_power_manager.o
 .rodata.sli_power_manager_init_hardware.str1.1
                0x0000000000003860       0x6b ./gecko_sdk_4.2.1/platform/service/power_manager/src/sl_power_manager_hal_s2.o
 .rodata.process_timer_irq.str1.1
                0x00000000000038cb       0x5e ./gecko_sdk_4.2.1/platform/service/sleeptimer/src/sl_sleeptimer.o
 .rodata        0x0000000000003929        0xb ./gecko_sdk_4.2.1/platform/service/sleeptimer/src/sl_sleeptimer_hal_rtcc.o
 .rodata.sl_udelay_wait.str1.1
                0x0000000000003934       0x56 ./gecko_sdk_4.2.1/platform/service/udelay/src/sl_udelay.o
 *fill*         0x000000000000398a        0x2 
 .rodata._global_impure_ptr
                0x000000000000398c        0x4 /home/dimitri/bin/SimplicityStudio_v5/developer/toolchains/gnu_arm/10.3_2021.10/bin/../lib/gcc/arm-none-eabi/10.3.1/../../../../arm-none-eabi/lib/thumb/v8-m.main+fp/hard/libc_nano.a(lib_a-impure.o)
                0x000000000000398c                _global_impure_ptr
 *(.eh_frame*)
 .eh_frame      0x0000000000003990        0x0 /home/dimitri/bin/SimplicityStudio_v5/developer/toolchains/gnu_arm/10.3_2021.10/bin/../lib/gcc/arm-none-eabi/10.3.1/thumb/v8-m.main+fp/hard/crtbegin.o

.glue_7         0x0000000000003990        0x0
 .glue_7        0x0000000000003990        0x0 linker stubs

.glue_7t        0x0000000000003990        0x0
 .glue_7t       0x0000000000003990        0x0 linker stubs

.vfp11_veneer   0x0000000000003990        0x0
 .vfp11_veneer  0x0000000000003990        0x0 linker stubs

.v4_bx          0x0000000000003990        0x0
 .v4_bx         0x0000000000003990        0x0 linker stubs

.iplt           0x0000000000003990        0x0
 .iplt          0x0000000000003990        0x0 /home/dimitri/bin/SimplicityStudio_v5/developer/toolchains/gnu_arm/10.3_2021.10/bin/../lib/gcc/arm-none-eabi/10.3.1/thumb/v8-m.main+fp/hard/crtbegin.o

.ARM.extab
 *(.ARM.extab* .gnu.linkonce.armextab.*)
                0x0000000000003990                __exidx_start = .

.ARM.exidx      0x0000000000003990        0x8
 *(.ARM.exidx* .gnu.linkonce.armexidx.*)
 .ARM.exidx     0x0000000000003990        0x8 /home/dimitri/bin/SimplicityStudio_v5/developer/toolchains/gnu_arm/10.3_2021.10/bin/../lib/gcc/arm-none-eabi/10.3.1/../../../../arm-none-eabi/lib/thumb/v8-m.main+fp/hard/crt0.o
                                         0x10 (size before relaxing)
 .ARM.exidx     0x0000000000003998        0x0 /home/dimitri/bin/SimplicityStudio_v5/developer/toolchains/gnu_arm/10.3_2021.10/bin/../lib/gcc/arm-none-eabi/10.3.1/thumb/v8-m.main+fp/hard/libgcc.a(_udivmoddi4.o)
                                          0x8 (size before relaxing)
                0x0000000000003998                __exidx_end = .

.rel.dyn        0x0000000000003998        0x0
 .rel.iplt      0x0000000000003998        0x0 /home/dimitri/bin/SimplicityStudio_v5/developer/toolchains/gnu_arm/10.3_2021.10/bin/../lib/gcc/arm-none-eabi/10.3.1/thumb/v8-m.main+fp/hard/crtbegin.o

.copy.table     0x0000000000003998        0xc
                0x0000000000003998                . = ALIGN (0x4)
                0x0000000000003998                __copy_table_start__ = .
                0x0000000000003998        0x4 LONG 0x39a4 __etext
                0x000000000000399c        0x4 LONG 0x20001000 __data_start__
                0x00000000000039a0        0x4 LONG 0x2c ((__data_end__ - __data_start__) / 0x4)
                0x00000000000039a4                __copy_table_end__ = .

.zero.table     0x00000000000039a4        0x0
                0x00000000000039a4                . = ALIGN (0x4)
                0x00000000000039a4                __zero_table_start__ = .
                0x00000000000039a4                __zero_table_end__ = .
                0x00000000000039a4                __etext = .
                0x0000000020000000                . = ORIGIN (RAM)

.stack          0x0000000020000000     0x1000
                0x0000000020000000                __StackLimit = .
 *(.stack*)
 .stack         0x0000000020000000     0x1000 ./gecko_sdk_4.2.1/platform/common/toolchain/src/sl_memory.o
                0x0000000020001000                . = ALIGN (0x4)
                0x0000000020001000                __StackTop = .
                0x0000000020001000                PROVIDE (__stack = __StackTop)

.noinit
 *(.noinit*)

.data           0x0000000020001000       0xb0 load address 0x00000000000039a4
                0x0000000020001000                . = ALIGN (0x4)
                0x0000000020001000                __data_start__ = .
 *(vtable)
 *(SORT_BY_ALIGNMENT(.data*))
 .data.SystemCoreClock
                0x0000000020001000        0x4 ./gecko_sdk_4.2.1/platform/Device/SiliconLabs/EFM32PG22/Source/system_efm32pg22.o
                0x0000000020001000                SystemCoreClock
 .data.SystemHFRCODPLLClock
                0x0000000020001004        0x4 ./gecko_sdk_4.2.1/platform/Device/SiliconLabs/EFM32PG22/Source/system_efm32pg22.o
 .data.SystemHFXOClock
                0x0000000020001008        0x4 ./gecko_sdk_4.2.1/platform/Device/SiliconLabs/EFM32PG22/Source/system_efm32pg22.o
 .data.SystemLFXOClock
                0x000000002000100c        0x4 ./gecko_sdk_4.2.1/platform/Device/SiliconLabs/EFM32PG22/Source/system_efm32pg22.o
 .data.impure_data
                0x0000000020001010       0x60 /home/dimitri/bin/SimplicityStudio_v5/developer/toolchains/gnu_arm/10.3_2021.10/bin/../lib/gcc/arm-none-eabi/10.3.1/../../../../arm-none-eabi/lib/thumb/v8-m.main+fp/hard/libc_nano.a(lib_a-impure.o)
 .data.simple_btn0_context
                0x0000000020001070        0x8 ./autogen/sl_simple_button_instances.o
                0x0000000020001070                simple_btn0_context
 .data.lfxo_precision
                0x0000000020001078        0x2 ./gecko_sdk_4.2.1/platform/emlib/src/em_cmu.o
 .data.simple_led0_context
                0x000000002000107a        0x3 ./autogen/sl_simple_led_instances.o
                0x000000002000107a                simple_led0_context
 .data.is_fast_wakeup_enabled
                0x000000002000107d        0x1 ./gecko_sdk_4.2.1/platform/service/power_manager/src/sl_power_manager_hal_s2.o
 .data.cc_disabled
                0x000000002000107e        0x1 ./gecko_sdk_4.2.1/platform/service/sleeptimer/src/sl_sleeptimer_hal_rtcc.o
                0x0000000020001080                . = ALIGN (0x4)
 *fill*         0x000000002000107f        0x1 
                [!provide]                        PROVIDE (__ram_func_section_start = .)
 *(.ram)
 .ram           0x0000000020001080       0x28 ./gecko_sdk_4.2.1/platform/emlib/src/em_emu.o
                [!provide]                        PROVIDE (__ram_func_section_end = .)
                0x00000000200010a8                . = ALIGN (0x4)
                0x00000000200010a8                PROVIDE (__preinit_array_start = .)
 *(.preinit_array)
                0x00000000200010a8                PROVIDE (__preinit_array_end = .)
                0x00000000200010a8                . = ALIGN (0x4)
                0x00000000200010a8                PROVIDE (__init_array_start = .)
 *(SORT_BY_NAME(.init_array.*))
 *(.init_array)
 .init_array    0x00000000200010a8        0x4 /home/dimitri/bin/SimplicityStudio_v5/developer/toolchains/gnu_arm/10.3_2021.10/bin/../lib/gcc/arm-none-eabi/10.3.1/thumb/v8-m.main+fp/hard/crtbegin.o
                0x00000000200010ac                PROVIDE (__init_array_end = .)
                0x00000000200010ac                . = ALIGN (0x4)
                [!provide]                        PROVIDE (__fini_array_start = .)
 *(SORT_BY_NAME(.fini_array.*))
 *(.fini_array)
 .fini_array    0x00000000200010ac        0x4 /home/dimitri/bin/SimplicityStudio_v5/developer/toolchains/gnu_arm/10.3_2021.10/bin/../lib/gcc/arm-none-eabi/10.3.1/thumb/v8-m.main+fp/hard/crtbegin.o
                [!provide]                        PROVIDE (__fini_array_end = .)
                0x00000000200010b0                . = ALIGN (0x4)
                0x00000000200010b0                __data_end__ = .

.igot.plt       0x00000000200010b0        0x0 load address 0x0000000000003a54
 .igot.plt      0x00000000200010b0        0x0 /home/dimitri/bin/SimplicityStudio_v5/developer/toolchains/gnu_arm/10.3_2021.10/bin/../lib/gcc/arm-none-eabi/10.3.1/thumb/v8-m.main+fp/hard/crtbegin.o

.bss            0x00000000200010b0      0x2bc load address 0x0000000000003a54
                0x00000000200010b0                . = ALIGN (0x4)
                0x00000000200010b0                __bss_start__ = .
 *(SORT_BY_ALIGNMENT(.bss*))
 .bss           0x00000000200010b0       0x1c /home/dimitri/bin/SimplicityStudio_v5/developer/toolchains/gnu_arm/10.3_2021.10/bin/../lib/gcc/arm-none-eabi/10.3.1/thumb/v8-m.main+fp/hard/crtbegin.o
 .bss.gpioCallbacks
                0x00000000200010cc      0x200 ./gecko_sdk_4.2.1/platform/emdrv/gpiointerrupt/src/gpiointerrupt.o
 .bss.dpllRefClk.0
                0x00000000200012cc        0x4 ./gecko_sdk_4.2.1/platform/emlib/src/em_emu.o
 .bss.hfxo_last_startup_time
                0x00000000200012d0        0x4 ./gecko_sdk_4.2.1/platform/service/hfxo_manager/src/sl_hfxo_manager.o
 .bss.hfxo_startup_time_sum_average
                0x00000000200012d4        0x4 ./gecko_sdk_4.2.1/platform/service/hfxo_manager/src/sl_hfxo_manager.o
 .bss.hfxo_startup_time_table
                0x00000000200012d8       0x28 ./gecko_sdk_4.2.1/platform/service/hfxo_manager/src/sl_hfxo_manager.o
 .bss.hfxo_startup_time_tc_inital
                0x0000000020001300        0x4 ./gecko_sdk_4.2.1/platform/service/hfxo_manager/src/sl_hfxo_manager.o
 .bss.hfxo_startup_time_tick
                0x0000000020001304        0x4 ./gecko_sdk_4.2.1/platform/service/hfxo_manager/src/sl_hfxo_manager.o
 .bss.clock_wakeup_timer_handle
                0x0000000020001308       0x20 ./gecko_sdk_4.2.1/platform/service/power_manager/src/sl_power_manager.o
 .bss.high_frequency_min_offtime_tick
                0x0000000020001328        0x4 ./gecko_sdk_4.2.1/platform/service/power_manager/src/sl_power_manager.o
                0x0000000020001328                high_frequency_min_offtime_tick
 .bss.power_manager_em_transition_event_list
                0x000000002000132c        0x4 ./gecko_sdk_4.2.1/platform/service/power_manager/src/sl_power_manager.o
 .bss.sleeptimer_frequency
                0x0000000020001330        0x4 ./gecko_sdk_4.2.1/platform/service/power_manager/src/sl_power_manager.o
 .bss.wakeup_time_config_overhead_tick
                0x0000000020001334        0x4 ./gecko_sdk_4.2.1/platform/service/power_manager/src/sl_power_manager.o
                0x0000000020001334                wakeup_time_config_overhead_tick
 .bss.cmu_sys_clock_register
                0x0000000020001338        0x4 ./gecko_sdk_4.2.1/platform/service/power_manager/src/sl_power_manager_hal_s2.o
                0x0000000020001338                cmu_sys_clock_register
 .bss.process_wakeup_overhead_tick
                0x000000002000133c        0x4 ./gecko_sdk_4.2.1/platform/service/power_manager/src/sl_power_manager_hal_s2.o
 .bss.last_delta_update_count
                0x0000000020001340        0x4 ./gecko_sdk_4.2.1/platform/service/sleeptimer/src/sl_sleeptimer.o
 .bss.max_millisecond_conversion
                0x0000000020001344        0x4 ./gecko_sdk_4.2.1/platform/service/sleeptimer/src/sl_sleeptimer.o
 .bss.timer_frequency
                0x0000000020001348        0x4 ./gecko_sdk_4.2.1/platform/service/sleeptimer/src/sl_sleeptimer.o
 .bss.timer_head
                0x000000002000134c        0x4 ./gecko_sdk_4.2.1/platform/service/sleeptimer/src/sl_sleeptimer.o
 .bss.overflow_counter
                0x0000000020001350        0x2 ./gecko_sdk_4.2.1/platform/service/sleeptimer/src/sl_sleeptimer.o
 .bss.ctuneDelta
                0x0000000020001352        0x1 ./gecko_sdk_4.2.1/platform/emlib/src/em_cmu.o
 .bss.vScaleEM01Config
                0x0000000020001353        0x1 ./gecko_sdk_4.2.1/platform/emlib/src/em_emu.o
 .bss.hfxo_measurement_on
                0x0000000020001354        0x1 ./gecko_sdk_4.2.1/platform/service/hfxo_manager/src/sl_hfxo_manager.o
 .bss.hfxo_startup_time_table_index
                0x0000000020001355        0x1 ./gecko_sdk_4.2.1/platform/service/hfxo_manager/src/sl_hfxo_manager.o
 .bss.current_em
                0x0000000020001356        0x1 ./gecko_sdk_4.2.1/platform/service/power_manager/src/sl_power_manager.o
 .bss.is_actively_waiting_for_clock_restore
                0x0000000020001357        0x1 ./gecko_sdk_4.2.1/platform/service/power_manager/src/sl_power_manager.o
 .bss.is_hf_x_oscillator_not_preserved
                0x0000000020001358        0x1 ./gecko_sdk_4.2.1/platform/service/power_manager/src/sl_power_manager.o
 .bss.is_initialized
                0x0000000020001359        0x1 ./gecko_sdk_4.2.1/platform/service/power_manager/src/sl_power_manager.o
 .bss.is_restored_from_hfxo_isr
                0x000000002000135a        0x1 ./gecko_sdk_4.2.1/platform/service/power_manager/src/sl_power_manager.o
 .bss.is_restored_from_hfxo_isr_internal
                0x000000002000135b        0x1 ./gecko_sdk_4.2.1/platform/service/power_manager/src/sl_power_manager.o
 .bss.is_sleeping_waiting_for_clock_restore
                0x000000002000135c        0x1 ./gecko_sdk_4.2.1/platform/service/power_manager/src/sl_power_manager.o
 .bss.is_states_saved
                0x000000002000135d        0x1 ./gecko_sdk_4.2.1/platform/service/power_manager/src/sl_power_manager.o
 .bss.requirement_em_table
                0x000000002000135e        0x2 ./gecko_sdk_4.2.1/platform/service/power_manager/src/sl_power_manager.o
 .bss.requirement_high_accuracy_hf_clock_back_to_zero
                0x0000000020001360        0x1 ./gecko_sdk_4.2.1/platform/service/power_manager/src/sl_power_manager.o
                0x0000000020001360                requirement_high_accuracy_hf_clock_back_to_zero
 .bss.requirement_high_accuracy_hf_clock_counter
                0x0000000020001361        0x1 ./gecko_sdk_4.2.1/platform/service/power_manager/src/sl_power_manager.o
                0x0000000020001361                requirement_high_accuracy_hf_clock_counter
 .bss.requirement_on_em1_added
                0x0000000020001362        0x1 ./gecko_sdk_4.2.1/platform/service/power_manager/src/sl_power_manager.o
 .bss.waiting_clock_restore_from_em
                0x0000000020001363        0x1 ./gecko_sdk_4.2.1/platform/service/power_manager/src/sl_power_manager.o
 .bss.is_entering_deepsleep
                0x0000000020001364        0x1 ./gecko_sdk_4.2.1/platform/service/power_manager/src/sl_power_manager_hal_s2.o
 .bss.is_hf_x_oscillator_already_started
                0x0000000020001365        0x1 ./gecko_sdk_4.2.1/platform/service/power_manager/src/sl_power_manager_hal_s2.o
 .bss.is_hf_x_oscillator_used
                0x0000000020001366        0x1 ./gecko_sdk_4.2.1/platform/service/power_manager/src/sl_power_manager_hal_s2.o
 .bss.is_sleeptimer_initialized
                0x0000000020001367        0x1 ./gecko_sdk_4.2.1/platform/service/sleeptimer/src/sl_sleeptimer.o
 .bss.next_timer_to_expire_is_power_manager
                0x0000000020001368        0x1 ./gecko_sdk_4.2.1/platform/service/sleeptimer/src/sl_sleeptimer.o
 .bss.sleep_on_isr_exit
                0x0000000020001369        0x1 ./gecko_sdk_4.2.1/platform/service/sleeptimer/src/sl_sleeptimer.o
 *(COMMON)
                0x000000002000136c                . = ALIGN (0x4)
 *fill*         0x000000002000136a        0x2 
                0x000000002000136c                __bss_end__ = .

.heap           0x0000000020001370     0x6c90
                0x0000000020001370                __HeapBase = .
                0x0000000020001370                __end__ = .
                0x0000000020001370                end = __end__
                0x0000000020001370                _end = __end__
 *(.heap*)
 .heap          0x0000000020001370      0x800 ./gecko_sdk_4.2.1/platform/common/toolchain/src/sl_memory.o
                0x0000000020008000                . = (ORIGIN (RAM) + LENGTH (RAM))
 *fill*         0x0000000020001b70     0x6490 
                0x0000000020008000                __HeapLimit = .
                0x0000000000006c90                __heap_size = (__HeapLimit - __HeapBase)
                0x0000000020008000                __ram_end__ = 0x20008000
                0x000000000007e000                __main_flash_end__ = 0x7e000

.internal_storage
                0x00000000000039a4        0x0
 *(.internal_storage*)

.nvm            0x00000000000039a4        0x0
 *(.simee*)
                0x000000000007e000                linker_nvm_end = __main_flash_end__
                0x000000000007e000                linker_nvm_begin = (linker_nvm_end - SIZEOF (.nvm))
                0x0000000000000000                linker_nvm_size = SIZEOF (.nvm)
                0x000000000007e000                linker_storage_end = linker_nvm_begin
                0x000000000007e000                __nvm3Base = linker_nvm_begin
                0x000000000007e000                linker_storage_begin = (linker_storage_end - SIZEOF (.internal_storage))
                0x0000000000000000                linker_storage_size = SIZEOF (.internal_storage)
                0x0000000000000001                ASSERT ((linker_storage_begin >= (__etext + SIZEOF (.data))), FLASH memory overflowed !)
OUTPUT(simple_button_baremetal.axf elf32-littlearm)
LOAD linker stubs

.ARM.attributes
                0x0000000000000000       0x36
 .ARM.attributes
                0x0000000000000000       0x22 /home/dimitri/bin/SimplicityStudio_v5/developer/toolchains/gnu_arm/10.3_2021.10/bin/../lib/gcc/arm-none-eabi/10.3.1/thumb/v8-m.main+fp/hard/crti.o
 .ARM.attributes
                0x0000000000000022       0x38 /home/dimitri/bin/SimplicityStudio_v5/developer/toolchains/gnu_arm/10.3_2021.10/bin/../lib/gcc/arm-none-eabi/10.3.1/thumb/v8-m.main+fp/hard/crtbegin.o
 .ARM.attributes
                0x000000000000005a       0x20 /home/dimitri/bin/SimplicityStudio_v5/developer/toolchains/gnu_arm/10.3_2021.10/bin/../lib/gcc/arm-none-eabi/10.3.1/../../../../arm-none-eabi/lib/thumb/v8-m.main+fp/hard/crt0.o
 .ARM.attributes
                0x000000000000007a       0x3a ./app.o
 .ARM.attributes
                0x00000000000000b4       0x3a ./main.o
 .ARM.attributes
                0x00000000000000ee       0x3a ./simple_button_baremetal.o
 .ARM.attributes
                0x0000000000000128       0x3a ./autogen/sl_board_default_init.o
 .ARM.attributes
                0x0000000000000162       0x3a ./autogen/sl_device_init_clocks.o
 .ARM.attributes
                0x000000000000019c       0x3a ./autogen/sl_event_handler.o
 .ARM.attributes
                0x00000000000001d6       0x3a ./autogen/sl_power_manager_handler.o
 .ARM.attributes
                0x0000000000000210       0x3a ./autogen/sl_simple_button_instances.o
 .ARM.attributes
                0x000000000000024a       0x3a ./autogen/sl_simple_led_instances.o
 .ARM.attributes
                0x0000000000000284       0x3a ./gecko_sdk_4.2.1/hardware/board/src/sl_board_control_gpio.o
 .ARM.attributes
                0x00000000000002be       0x3a ./gecko_sdk_4.2.1/hardware/board/src/sl_board_init.o
 .ARM.attributes
                0x00000000000002f8       0x3a ./gecko_sdk_4.2.1/hardware/driver/mx25_flash_shutdown/src/sl_mx25_flash_shutdown_usart/sl_mx25_flash_shutdown.o
 .ARM.attributes
                0x0000000000000332       0x3a ./gecko_sdk_4.2.1/platform/Device/SiliconLabs/EFM32PG22/Source/startup_efm32pg22.o
 .ARM.attributes
                0x000000000000036c       0x3a ./gecko_sdk_4.2.1/platform/Device/SiliconLabs/EFM32PG22/Source/system_efm32pg22.o
 .ARM.attributes
                0x00000000000003a6       0x3a ./gecko_sdk_4.2.1/platform/common/src/sl_assert.o
 .ARM.attributes
                0x00000000000003e0       0x3a ./gecko_sdk_4.2.1/platform/common/src/sl_slist.o
 .ARM.attributes
                0x000000000000041a       0x3a ./gecko_sdk_4.2.1/platform/common/toolchain/src/sl_memory.o
 .ARM.attributes
                0x0000000000000454       0x3a ./gecko_sdk_4.2.1/platform/driver/button/src/sl_button.o
 .ARM.attributes
                0x000000000000048e       0x3a ./gecko_sdk_4.2.1/platform/driver/button/src/sl_simple_button.o
 .ARM.attributes
                0x00000000000004c8       0x3a ./gecko_sdk_4.2.1/platform/driver/leddrv/src/sl_led.o
 .ARM.attributes
                0x0000000000000502       0x3a ./gecko_sdk_4.2.1/platform/driver/leddrv/src/sl_simple_led.o
 .ARM.attributes
                0x000000000000053c       0x3a ./gecko_sdk_4.2.1/platform/emdrv/gpiointerrupt/src/gpiointerrupt.o
 .ARM.attributes
                0x0000000000000576       0x3a ./gecko_sdk_4.2.1/platform/emlib/src/em_cmu.o
 .ARM.attributes
                0x00000000000005b0       0x3a ./gecko_sdk_4.2.1/platform/emlib/src/em_core.o
 .ARM.attributes
                0x00000000000005ea       0x3a ./gecko_sdk_4.2.1/platform/emlib/src/em_emu.o
 .ARM.attributes
                0x0000000000000624       0x3a ./gecko_sdk_4.2.1/platform/emlib/src/em_gpio.o
 .ARM.attributes
                0x000000000000065e       0x3a ./gecko_sdk_4.2.1/platform/emlib/src/em_rtcc.o
 .ARM.attributes
                0x0000000000000698       0x3a ./gecko_sdk_4.2.1/platform/emlib/src/em_usart.o
 .ARM.attributes
                0x00000000000006d2       0x3a ./gecko_sdk_4.2.1/platform/service/device_init/src/sl_device_init_dcdc_s2.o
 .ARM.attributes
                0x000000000000070c       0x3a ./gecko_sdk_4.2.1/platform/service/device_init/src/sl_device_init_emu_s2.o
 .ARM.attributes
                0x0000000000000746       0x3a ./gecko_sdk_4.2.1/platform/service/device_init/src/sl_device_init_hfxo_s2.o
 .ARM.attributes
                0x0000000000000780       0x3a ./gecko_sdk_4.2.1/platform/service/device_init/src/sl_device_init_lfxo_s2.o
 .ARM.attributes
                0x00000000000007ba       0x3a ./gecko_sdk_4.2.1/platform/service/device_init/src/sl_device_init_nvic.o
 .ARM.attributes
                0x00000000000007f4       0x3a ./gecko_sdk_4.2.1/platform/service/hfxo_manager/src/sl_hfxo_manager.o
 .ARM.attributes
                0x000000000000082e       0x3a ./gecko_sdk_4.2.1/platform/service/hfxo_manager/src/sl_hfxo_manager_hal_s2.o
 .ARM.attributes
                0x0000000000000868       0x3a ./gecko_sdk_4.2.1/platform/service/power_manager/src/sl_power_manager.o
 .ARM.attributes
                0x00000000000008a2       0x3a ./gecko_sdk_4.2.1/platform/service/power_manager/src/sl_power_manager_hal_s2.o
 .ARM.attributes
                0x00000000000008dc       0x3a ./gecko_sdk_4.2.1/platform/service/sleeptimer/src/sl_sleeptimer.o
 .ARM.attributes
                0x0000000000000916       0x3a ./gecko_sdk_4.2.1/platform/service/sleeptimer/src/sl_sleeptimer_hal_rtcc.o
 .ARM.attributes
                0x0000000000000950       0x3a ./gecko_sdk_4.2.1/platform/service/system/src/sl_system_init.o
 .ARM.attributes
                0x000000000000098a       0x3a ./gecko_sdk_4.2.1/platform/service/system/src/sl_system_process_action.o
 .ARM.attributes
                0x00000000000009c4       0x3a ./gecko_sdk_4.2.1/platform/service/udelay/src/sl_udelay.o
 .ARM.attributes
                0x00000000000009fe       0x26 ./gecko_sdk_4.2.1/platform/service/udelay/src/sl_udelay_armv6m_gcc.o
 .ARM.attributes
                0x0000000000000a24       0x22 /home/dimitri/bin/SimplicityStudio_v5/developer/toolchains/gnu_arm/10.3_2021.10/bin/../lib/gcc/arm-none-eabi/10.3.1/thumb/v8-m.main+fp/hard/libgcc.a(_aeabi_uldivmod.o)
 .ARM.attributes
                0x0000000000000a46       0x38 /home/dimitri/bin/SimplicityStudio_v5/developer/toolchains/gnu_arm/10.3_2021.10/bin/../lib/gcc/arm-none-eabi/10.3.1/thumb/v8-m.main+fp/hard/libgcc.a(_udivmoddi4.o)
 .ARM.attributes
                0x0000000000000a7e       0x22 /home/dimitri/bin/SimplicityStudio_v5/developer/toolchains/gnu_arm/10.3_2021.10/bin/../lib/gcc/arm-none-eabi/10.3.1/thumb/v8-m.main+fp/hard/libgcc.a(_dvmd_tls.o)
 .ARM.attributes
                0x0000000000000aa0       0x38 /home/dimitri/bin/SimplicityStudio_v5/developer/toolchains/gnu_arm/10.3_2021.10/bin/../lib/gcc/arm-none-eabi/10.3.1/../../../../arm-none-eabi/lib/thumb/v8-m.main+fp/hard/libc_nano.a(lib_a-exit.o)
 .ARM.attributes
                0x0000000000000ad8       0x38 /home/dimitri/bin/SimplicityStudio_v5/developer/toolchains/gnu_arm/10.3_2021.10/bin/../lib/gcc/arm-none-eabi/10.3.1/../../../../arm-none-eabi/lib/thumb/v8-m.main+fp/hard/libc_nano.a(lib_a-impure.o)
 .ARM.attributes
                0x0000000000000b10       0x38 /home/dimitri/bin/SimplicityStudio_v5/developer/toolchains/gnu_arm/10.3_2021.10/bin/../lib/gcc/arm-none-eabi/10.3.1/../../../../arm-none-eabi/lib/thumb/v8-m.main+fp/hard/libc_nano.a(lib_a-init.o)
 .ARM.attributes
                0x0000000000000b48       0x38 /home/dimitri/bin/SimplicityStudio_v5/developer/toolchains/gnu_arm/10.3_2021.10/bin/../lib/gcc/arm-none-eabi/10.3.1/../../../../arm-none-eabi/lib/thumb/v8-m.main+fp/hard/libc_nano.a(lib_a-memset.o)
 .ARM.attributes
                0x0000000000000b80       0x38 /home/dimitri/bin/SimplicityStudio_v5/developer/toolchains/gnu_arm/10.3_2021.10/bin/../lib/gcc/arm-none-eabi/10.3.1/../../../../arm-none-eabi/lib/thumb/v8-m.main+fp/hard/libnosys.a(_exit.o)
 .ARM.attributes
                0x0000000000000bb8       0x22 /home/dimitri/bin/SimplicityStudio_v5/developer/toolchains/gnu_arm/10.3_2021.10/bin/../lib/gcc/arm-none-eabi/10.3.1/thumb/v8-m.main+fp/hard/crtn.o

.comment        0x0000000000000000       0x49
 .comment       0x0000000000000000       0x49 ./app.o
                                         0x4a (size before relaxing)
 .comment       0x0000000000000049       0x4a ./main.o
 .comment       0x0000000000000049       0x4a ./simple_button_baremetal.o
 .comment       0x0000000000000049       0x4a ./autogen/sl_board_default_init.o
 .comment       0x0000000000000049       0x4a ./autogen/sl_device_init_clocks.o
 .comment       0x0000000000000049       0x4a ./autogen/sl_event_handler.o
 .comment       0x0000000000000049       0x4a ./autogen/sl_power_manager_handler.o
 .comment       0x0000000000000049       0x4a ./autogen/sl_simple_button_instances.o
 .comment       0x0000000000000049       0x4a ./autogen/sl_simple_led_instances.o
 .comment       0x0000000000000049       0x4a ./gecko_sdk_4.2.1/hardware/board/src/sl_board_control_gpio.o
 .comment       0x0000000000000049       0x4a ./gecko_sdk_4.2.1/hardware/board/src/sl_board_init.o
 .comment       0x0000000000000049       0x4a ./gecko_sdk_4.2.1/hardware/driver/mx25_flash_shutdown/src/sl_mx25_flash_shutdown_usart/sl_mx25_flash_shutdown.o
 .comment       0x0000000000000049       0x4a ./gecko_sdk_4.2.1/platform/Device/SiliconLabs/EFM32PG22/Source/startup_efm32pg22.o
 .comment       0x0000000000000049       0x4a ./gecko_sdk_4.2.1/platform/Device/SiliconLabs/EFM32PG22/Source/system_efm32pg22.o
 .comment       0x0000000000000049       0x4a ./gecko_sdk_4.2.1/platform/common/src/sl_assert.o
 .comment       0x0000000000000049       0x4a ./gecko_sdk_4.2.1/platform/common/src/sl_slist.o
 .comment       0x0000000000000049       0x4a ./gecko_sdk_4.2.1/platform/common/toolchain/src/sl_memory.o
 .comment       0x0000000000000049       0x4a ./gecko_sdk_4.2.1/platform/driver/button/src/sl_button.o
 .comment       0x0000000000000049       0x4a ./gecko_sdk_4.2.1/platform/driver/button/src/sl_simple_button.o
 .comment       0x0000000000000049       0x4a ./gecko_sdk_4.2.1/platform/driver/leddrv/src/sl_led.o
 .comment       0x0000000000000049       0x4a ./gecko_sdk_4.2.1/platform/driver/leddrv/src/sl_simple_led.o
 .comment       0x0000000000000049       0x4a ./gecko_sdk_4.2.1/platform/emdrv/gpiointerrupt/src/gpiointerrupt.o
 .comment       0x0000000000000049       0x4a ./gecko_sdk_4.2.1/platform/emlib/src/em_cmu.o
 .comment       0x0000000000000049       0x4a ./gecko_sdk_4.2.1/platform/emlib/src/em_core.o
 .comment       0x0000000000000049       0x4a ./gecko_sdk_4.2.1/platform/emlib/src/em_emu.o
 .comment       0x0000000000000049       0x4a ./gecko_sdk_4.2.1/platform/emlib/src/em_gpio.o
 .comment       0x0000000000000049       0x4a ./gecko_sdk_4.2.1/platform/emlib/src/em_rtcc.o
 .comment       0x0000000000000049       0x4a ./gecko_sdk_4.2.1/platform/emlib/src/em_usart.o
 .comment       0x0000000000000049       0x4a ./gecko_sdk_4.2.1/platform/service/device_init/src/sl_device_init_dcdc_s2.o
 .comment       0x0000000000000049       0x4a ./gecko_sdk_4.2.1/platform/service/device_init/src/sl_device_init_emu_s2.o
 .comment       0x0000000000000049       0x4a ./gecko_sdk_4.2.1/platform/service/device_init/src/sl_device_init_hfxo_s2.o
 .comment       0x0000000000000049       0x4a ./gecko_sdk_4.2.1/platform/service/device_init/src/sl_device_init_lfxo_s2.o
 .comment       0x0000000000000049       0x4a ./gecko_sdk_4.2.1/platform/service/device_init/src/sl_device_init_nvic.o
 .comment       0x0000000000000049       0x4a ./gecko_sdk_4.2.1/platform/service/hfxo_manager/src/sl_hfxo_manager.o
 .comment       0x0000000000000049       0x4a ./gecko_sdk_4.2.1/platform/service/hfxo_manager/src/sl_hfxo_manager_hal_s2.o
 .comment       0x0000000000000049       0x4a ./gecko_sdk_4.2.1/platform/service/power_manager/src/sl_power_manager.o
 .comment       0x0000000000000049       0x4a ./gecko_sdk_4.2.1/platform/service/power_manager/src/sl_power_manager_hal_s2.o
 .comment       0x0000000000000049       0x4a ./gecko_sdk_4.2.1/platform/service/sleeptimer/src/sl_sleeptimer.o
 .comment       0x0000000000000049       0x4a ./gecko_sdk_4.2.1/platform/service/sleeptimer/src/sl_sleeptimer_hal_rtcc.o
 .comment       0x0000000000000049       0x4a ./gecko_sdk_4.2.1/platform/service/system/src/sl_system_init.o
 .comment       0x0000000000000049       0x4a ./gecko_sdk_4.2.1/platform/service/system/src/sl_system_process_action.o
 .comment       0x0000000000000049       0x4a ./gecko_sdk_4.2.1/platform/service/udelay/src/sl_udelay.o

.debug_info     0x0000000000000000    0x29f02
 .debug_info    0x0000000000000000       0x94 ./app.o
 .debug_info    0x0000000000000094      0x116 ./main.o
 .debug_info    0x00000000000001aa      0x2e7 ./simple_button_baremetal.o
 .debug_info    0x0000000000000491      0x113 ./autogen/sl_board_default_init.o
 .debug_info    0x00000000000005a4     0x10f9 ./autogen/sl_device_init_clocks.o
 .debug_info    0x000000000000169d     0x11f8 ./autogen/sl_event_handler.o
 .debug_info    0x0000000000002895      0x1bb ./autogen/sl_power_manager_handler.o
 .debug_info    0x0000000000002a50      0x315 ./autogen/sl_simple_button_instances.o
 .debug_info    0x0000000000002d65      0x286 ./autogen/sl_simple_led_instances.o
 .debug_info    0x0000000000002feb      0x47c ./gecko_sdk_4.2.1/hardware/board/src/sl_board_control_gpio.o
 .debug_info    0x0000000000003467      0x293 ./gecko_sdk_4.2.1/hardware/board/src/sl_board_init.o
 .debug_info    0x00000000000036fa     0x1e96 ./gecko_sdk_4.2.1/hardware/driver/mx25_flash_shutdown/src/sl_mx25_flash_shutdown_usart/sl_mx25_flash_shutdown.o
 .debug_info    0x0000000000005590      0x32b ./gecko_sdk_4.2.1/platform/Device/SiliconLabs/EFM32PG22/Source/startup_efm32pg22.o
 .debug_info    0x00000000000058bb     0x1e66 ./gecko_sdk_4.2.1/platform/Device/SiliconLabs/EFM32PG22/Source/system_efm32pg22.o
 .debug_info    0x0000000000007721       0x8a ./gecko_sdk_4.2.1/platform/common/src/sl_assert.o
 .debug_info    0x00000000000077ab      0x3eb ./gecko_sdk_4.2.1/platform/common/src/sl_slist.o
 .debug_info    0x0000000000007b96      0x209 ./gecko_sdk_4.2.1/platform/common/toolchain/src/sl_memory.o
 .debug_info    0x0000000000007d9f      0x2da ./gecko_sdk_4.2.1/platform/driver/button/src/sl_button.o
 .debug_info    0x0000000000008079     0x18c7 ./gecko_sdk_4.2.1/platform/driver/button/src/sl_simple_button.o
 .debug_info    0x0000000000009940      0x262 ./gecko_sdk_4.2.1/platform/driver/leddrv/src/sl_led.o
 .debug_info    0x0000000000009ba2     0x1684 ./gecko_sdk_4.2.1/platform/driver/leddrv/src/sl_simple_led.o
 .debug_info    0x000000000000b226     0x1a0d ./gecko_sdk_4.2.1/platform/emdrv/gpiointerrupt/src/gpiointerrupt.o
 .debug_info    0x000000000000cc33     0x6f9e ./gecko_sdk_4.2.1/platform/emlib/src/em_cmu.o
 .debug_info    0x0000000000013bd1     0x1352 ./gecko_sdk_4.2.1/platform/emlib/src/em_core.o
 .debug_info    0x0000000000014f23     0x3793 ./gecko_sdk_4.2.1/platform/emlib/src/em_emu.o
 .debug_info    0x00000000000186b6     0x2007 ./gecko_sdk_4.2.1/platform/emlib/src/em_gpio.o
 .debug_info    0x000000000001a6bd     0x1cc4 ./gecko_sdk_4.2.1/platform/emlib/src/em_rtcc.o
 .debug_info    0x000000000001c381     0x3c5d ./gecko_sdk_4.2.1/platform/emlib/src/em_usart.o
 .debug_info    0x000000000001ffde      0x2ad ./gecko_sdk_4.2.1/platform/service/device_init/src/sl_device_init_dcdc_s2.o
 .debug_info    0x000000000002028b      0x9ab ./gecko_sdk_4.2.1/platform/service/device_init/src/sl_device_init_emu_s2.o
 .debug_info    0x0000000000020c36      0x844 ./gecko_sdk_4.2.1/platform/service/device_init/src/sl_device_init_hfxo_s2.o
 .debug_info    0x000000000002147a      0x275 ./gecko_sdk_4.2.1/platform/service/device_init/src/sl_device_init_lfxo_s2.o
 .debug_info    0x00000000000216ef      0x7bd ./gecko_sdk_4.2.1/platform/service/device_init/src/sl_device_init_nvic.o
 .debug_info    0x0000000000021eac      0x371 ./gecko_sdk_4.2.1/platform/service/hfxo_manager/src/sl_hfxo_manager.o
 .debug_info    0x000000000002221d     0x1954 ./gecko_sdk_4.2.1/platform/service/hfxo_manager/src/sl_hfxo_manager_hal_s2.o
 .debug_info    0x0000000000023b71     0x14c8 ./gecko_sdk_4.2.1/platform/service/power_manager/src/sl_power_manager.o
 .debug_info    0x0000000000025039     0x1cee ./gecko_sdk_4.2.1/platform/service/power_manager/src/sl_power_manager_hal_s2.o
 .debug_info    0x0000000000026d27     0x198a ./gecko_sdk_4.2.1/platform/service/sleeptimer/src/sl_sleeptimer.o
 .debug_info    0x00000000000286b1     0x1542 ./gecko_sdk_4.2.1/platform/service/sleeptimer/src/sl_sleeptimer_hal_rtcc.o
 .debug_info    0x0000000000029bf3       0xbe ./gecko_sdk_4.2.1/platform/service/system/src/sl_system_init.o
 .debug_info    0x0000000000029cb1       0xa7 ./gecko_sdk_4.2.1/platform/service/system/src/sl_system_process_action.o
 .debug_info    0x0000000000029d58      0x184 ./gecko_sdk_4.2.1/platform/service/udelay/src/sl_udelay.o
 .debug_info    0x0000000000029edc       0x26 ./gecko_sdk_4.2.1/platform/service/udelay/src/sl_udelay_armv6m_gcc.o

.debug_abbrev   0x0000000000000000     0x5362
 .debug_abbrev  0x0000000000000000       0x57 ./app.o
 .debug_abbrev  0x0000000000000057       0x80 ./main.o
 .debug_abbrev  0x00000000000000d7      0x162 ./simple_button_baremetal.o
 .debug_abbrev  0x0000000000000239       0xa4 ./autogen/sl_board_default_init.o
 .debug_abbrev  0x00000000000002dd       0xe4 ./autogen/sl_device_init_clocks.o
 .debug_abbrev  0x00000000000003c1      0x1b3 ./autogen/sl_event_handler.o
 .debug_abbrev  0x0000000000000574       0xd8 ./autogen/sl_power_manager_handler.o
 .debug_abbrev  0x000000000000064c      0x14e ./autogen/sl_simple_button_instances.o
 .debug_abbrev  0x000000000000079a      0x13d ./autogen/sl_simple_led_instances.o
 .debug_abbrev  0x00000000000008d7      0x1c5 ./gecko_sdk_4.2.1/hardware/board/src/sl_board_control_gpio.o
 .debug_abbrev  0x0000000000000a9c       0xf6 ./gecko_sdk_4.2.1/hardware/board/src/sl_board_init.o
 .debug_abbrev  0x0000000000000b92      0x201 ./gecko_sdk_4.2.1/hardware/driver/mx25_flash_shutdown/src/sl_mx25_flash_shutdown_usart/sl_mx25_flash_shutdown.o
 .debug_abbrev  0x0000000000000d93      0x1cc ./gecko_sdk_4.2.1/platform/Device/SiliconLabs/EFM32PG22/Source/startup_efm32pg22.o
 .debug_abbrev  0x0000000000000f5f      0x328 ./gecko_sdk_4.2.1/platform/Device/SiliconLabs/EFM32PG22/Source/system_efm32pg22.o
 .debug_abbrev  0x0000000000001287       0x6f ./gecko_sdk_4.2.1/platform/common/src/sl_assert.o
 .debug_abbrev  0x00000000000012f6      0x166 ./gecko_sdk_4.2.1/platform/common/src/sl_slist.o
 .debug_abbrev  0x000000000000145c      0x121 ./gecko_sdk_4.2.1/platform/common/toolchain/src/sl_memory.o
 .debug_abbrev  0x000000000000157d      0x134 ./gecko_sdk_4.2.1/platform/driver/button/src/sl_button.o
 .debug_abbrev  0x00000000000016b1      0x339 ./gecko_sdk_4.2.1/platform/driver/button/src/sl_simple_button.o
 .debug_abbrev  0x00000000000019ea      0x100 ./gecko_sdk_4.2.1/platform/driver/leddrv/src/sl_led.o
 .debug_abbrev  0x0000000000001aea      0x2dd ./gecko_sdk_4.2.1/platform/driver/leddrv/src/sl_simple_led.o
 .debug_abbrev  0x0000000000001dc7      0x383 ./gecko_sdk_4.2.1/platform/emdrv/gpiointerrupt/src/gpiointerrupt.o
 .debug_abbrev  0x000000000000214a      0x57a ./gecko_sdk_4.2.1/platform/emlib/src/em_cmu.o
 .debug_abbrev  0x00000000000026c4      0x31b ./gecko_sdk_4.2.1/platform/emlib/src/em_core.o
 .debug_abbrev  0x00000000000029df      0x4ee ./gecko_sdk_4.2.1/platform/emlib/src/em_emu.o
 .debug_abbrev  0x0000000000002ecd      0x32b ./gecko_sdk_4.2.1/platform/emlib/src/em_gpio.o
 .debug_abbrev  0x00000000000031f8      0x263 ./gecko_sdk_4.2.1/platform/emlib/src/em_rtcc.o
 .debug_abbrev  0x000000000000345b      0x339 ./gecko_sdk_4.2.1/platform/emlib/src/em_usart.o
 .debug_abbrev  0x0000000000003794       0xe3 ./gecko_sdk_4.2.1/platform/service/device_init/src/sl_device_init_dcdc_s2.o
 .debug_abbrev  0x0000000000003877      0x13d ./gecko_sdk_4.2.1/platform/service/device_init/src/sl_device_init_emu_s2.o
 .debug_abbrev  0x00000000000039b4      0x174 ./gecko_sdk_4.2.1/platform/service/device_init/src/sl_device_init_hfxo_s2.o
 .debug_abbrev  0x0000000000003b28       0xf2 ./gecko_sdk_4.2.1/platform/service/device_init/src/sl_device_init_lfxo_s2.o
 .debug_abbrev  0x0000000000003c1a      0x147 ./gecko_sdk_4.2.1/platform/service/device_init/src/sl_device_init_nvic.o
 .debug_abbrev  0x0000000000003d61      0x1cb ./gecko_sdk_4.2.1/platform/service/hfxo_manager/src/sl_hfxo_manager.o
 .debug_abbrev  0x0000000000003f2c      0x245 ./gecko_sdk_4.2.1/platform/service/hfxo_manager/src/sl_hfxo_manager_hal_s2.o
 .debug_abbrev  0x0000000000004171      0x43e ./gecko_sdk_4.2.1/platform/service/power_manager/src/sl_power_manager.o
 .debug_abbrev  0x00000000000045af      0x355 ./gecko_sdk_4.2.1/platform/service/power_manager/src/sl_power_manager_hal_s2.o
 .debug_abbrev  0x0000000000004904      0x440 ./gecko_sdk_4.2.1/platform/service/sleeptimer/src/sl_sleeptimer.o
 .debug_abbrev  0x0000000000004d44      0x452 ./gecko_sdk_4.2.1/platform/service/sleeptimer/src/sl_sleeptimer_hal_rtcc.o
 .debug_abbrev  0x0000000000005196       0x62 ./gecko_sdk_4.2.1/platform/service/system/src/sl_system_init.o
 .debug_abbrev  0x00000000000051f8       0x62 ./gecko_sdk_4.2.1/platform/service/system/src/sl_system_process_action.o
 .debug_abbrev  0x000000000000525a       0xf4 ./gecko_sdk_4.2.1/platform/service/udelay/src/sl_udelay.o